Component: ARM Compiler 6.14 Tool: armlink [5db06800]

==============================================================================

Image Symbol Table

    Local Symbols

    Symbol Name                              Value     Ov Type        Size  Object(Section)

    ../clib/../cmprslib/zerorunl.c           0x00000000   Number         0  __dczerorl.o ABSOLUTE
    ../clib/microlib/ctype/ctype.c           0x00000000   Number         0  ctype_o.o ABSOLUTE
    ../clib/microlib/ctype/ctype.c           0x00000000   Number         0  isalnum_o.o ABSOLUTE
    ../clib/microlib/ctype/ctype.c           0x00000000   Number         0  isalpha_o.o ABSOLUTE
    ../clib/microlib/ctype/ctype.c           0x00000000   Number         0  isblank_o.o ABSOLUTE
    ../clib/microlib/ctype/ctype.c           0x00000000   Number         0  iscntrl_o.o ABSOLUTE
    ../clib/microlib/ctype/ctype.c           0x00000000   Number         0  isdigit_o.o ABSOLUTE
    ../clib/microlib/ctype/ctype.c           0x00000000   Number         0  isgraph_o.o ABSOLUTE
    ../clib/microlib/ctype/ctype.c           0x00000000   Number         0  islower_o.o ABSOLUTE
    ../clib/microlib/ctype/ctype.c           0x00000000   Number         0  isprint_o.o ABSOLUTE
    ../clib/microlib/ctype/ctype.c           0x00000000   Number         0  ispunct_o.o ABSOLUTE
    ../clib/microlib/ctype/ctype.c           0x00000000   Number         0  isspace_o.o ABSOLUTE
    ../clib/microlib/ctype/ctype.c           0x00000000   Number         0  isupper_o.o ABSOLUTE
    ../clib/microlib/ctype/ctype.c           0x00000000   Number         0  isxdigit_o.o ABSOLUTE
    ../clib/microlib/ctype/tolower.c         0x00000000   Number         0  tolower.o ABSOLUTE
    ../clib/microlib/division.c              0x00000000   Number         0  uldiv.o ABSOLUTE
    ../clib/microlib/division.c              0x00000000   Number         0  uidiv.o ABSOLUTE
    ../clib/microlib/errno.c                 0x00000000   Number         0  errno.o ABSOLUTE
    ../clib/microlib/init/entry.s            0x00000000   Number         0  entry.o ABSOLUTE
    ../clib/microlib/init/entry.s            0x00000000   Number         0  entry2.o ABSOLUTE
    ../clib/microlib/init/entry.s            0x00000000   Number         0  entry5.o ABSOLUTE
    ../clib/microlib/init/entry.s            0x00000000   Number         0  entry7a.o ABSOLUTE
    ../clib/microlib/init/entry.s            0x00000000   Number         0  entry7b.o ABSOLUTE
    ../clib/microlib/init/entry.s            0x00000000   Number         0  entry8a.o ABSOLUTE
    ../clib/microlib/init/entry.s            0x00000000   Number         0  entry8b.o ABSOLUTE
    ../clib/microlib/init/entry.s            0x00000000   Number         0  entry9a.o ABSOLUTE
    ../clib/microlib/init/entry.s            0x00000000   Number         0  entry9b.o ABSOLUTE
    ../clib/microlib/init/entry.s            0x00000000   Number         0  entry10a.o ABSOLUTE
    ../clib/microlib/init/entry.s            0x00000000   Number         0  entry10b.o ABSOLUTE
    ../clib/microlib/init/entry.s            0x00000000   Number         0  entry11a.o ABSOLUTE
    ../clib/microlib/init/entry.s            0x00000000   Number         0  entry11b.o ABSOLUTE
    ../clib/microlib/longlong.c              0x00000000   Number         0  llushr.o ABSOLUTE
    ../clib/microlib/longlong.c              0x00000000   Number         0  llshl.o ABSOLUTE
    ../clib/microlib/longlong.c              0x00000000   Number         0  llsshr.o ABSOLUTE
    ../clib/microlib/malloc/malloc.c         0x00000000   Number         0  malloc.o ABSOLUTE
    ../clib/microlib/malloc/malloc.c         0x00000000   Number         0  mallocr.o ABSOLUTE
    ../clib/microlib/malloc/malloc.c         0x00000000   Number         0  malloca.o ABSOLUTE
    ../clib/microlib/malloc/malloc.c         0x00000000   Number         0  mallocra.o ABSOLUTE
    ../clib/microlib/malloc/mvars.c          0x00000000   Number         0  mvars.o ABSOLUTE
    ../clib/microlib/printf/printf.c         0x00000000   Number         0  printfb.o ABSOLUTE
    ../clib/microlib/printf/printf.c         0x00000000   Number         0  printf0.o ABSOLUTE
    ../clib/microlib/printf/printf.c         0x00000000   Number         0  printf1.o ABSOLUTE
    ../clib/microlib/printf/printf.c         0x00000000   Number         0  printf2.o ABSOLUTE
    ../clib/microlib/printf/printf.c         0x00000000   Number         0  printf3.o ABSOLUTE
    ../clib/microlib/printf/printf.c         0x00000000   Number         0  printf4.o ABSOLUTE
    ../clib/microlib/printf/printf.c         0x00000000   Number         0  printf5.o ABSOLUTE
    ../clib/microlib/printf/printf.c         0x00000000   Number         0  printf6.o ABSOLUTE
    ../clib/microlib/printf/printf.c         0x00000000   Number         0  printf7.o ABSOLUTE
    ../clib/microlib/printf/printf.c         0x00000000   Number         0  printf8.o ABSOLUTE
[...]
    0x00006b2c   0x00006b2c   0x00000038   Code   RO         3952    .text               mf_w.l(dcmpeq.o)
    0x00006b64   0x00006b64   0x00000012   Code   RO         3954    .text               mf_w.l(fflti.o)
    0x00006b76   0x00006b76   0x0000000a   Code   RO         3956    .text               mf_w.l(ffltui.o)
    0x00006b80   0x00006b80   0x00000022   Code   RO         3958    .text               mf_w.l(dflti.o)
    0x00006ba2   0x00006ba2   0x0000001a   Code   RO         3960    .text               mf_w.l(dfltui.o)
    0x00006bbc   0x00006bbc   0x00000032   Code   RO         3962    .text               mf_w.l(ffixi.o)
    0x00006bee   0x00006bee   0x00000028   Code   RO         3964    .text               mf_w.l(ffixui.o)
    0x00006c16   0x00006c16   0x0000003e   Code   RO         3966    .text               mf_w.l(dfixi.o)
    0x00006c54   0x00006c54   0x00000032   Code   RO         3968    .text               mf_w.l(dfixui.o)
    0x00006c86   0x00006c86   0x00000026   Code   RO         3970    .text               mf_w.l(f2d.o)
    0x00006cac   0x00006cac   0x00000038   Code   RO         3972    .text               mf_w.l(d2f.o)
    0x00006ce4   0x00006ce4   0x0000002c   Code   RO         4020    .text               mc_w.l(uidiv.o)
    0x00006d10   0x00006d10   0x0000001e   Code   RO         4022    .text               mc_w.l(llshl.o)
    0x00006d2e   0x00006d2e   0x00000024   Code   RO         4024    .text               mc_w.l(llsshr.o)
    0x00006d52   0x00006d52   0x00000000   Code   RO         4035    .text               mc_w.l(iusefp.o)
    0x00006d52   0x00006d52   0x0000006e   Code   RO         4036    .text               mf_w.l(fepilogue.o)
    0x00006dc0   0x00006dc0   0x000000ba   Code   RO         4038    .text               mf_w.l(depilogue.o)
    0x00006e7a   0x00006e7a   0x0000002e   Code   RO         4040    .text               mf_w.l(dscalb.o)
    0x00006ea8   0x00006ea8   0x00000030   Code   RO         4042    .text               mf_w.l(dfixul.o)
    0x00006ed8   0x00006ed8   0x00000030   Code   RO         4044    .text               mf_w.l(cdrcmple.o)
    0x00006f08   0x00006f08   0x00000024   Code   RO         4046    .text               mc_w.l(init.o)
    0x00006f2c   0x00006f2c   0x000000a2   Code   RO         4050    .text               mf_w.l(dsqrt.o)
    0x00006fce   0x00006fce   0x0000003a   Code   RO         4062    .text               mc_w.l(__dczerorl.o)
    0x00007008   0x00007008   0x0000000a   Code   RO         3207    .text.$Sub$$main    components.o
    0x00007012   0x00007012   0x00000002   PAD
    0x00007014   0x00007014   0x00000074   Code   RO           45    .text.ADC_AddAdcChannel  hc32f46x_adc.o
    0x00007088   0x00007088   0x00000016   Code   RO           85    .text.ADC_ClrEocFlag  hc32f46x_adc.o
    0x0000709e   0x0000709e   0x0000000c   Code   RO           83    .text.ADC_GetEocFlag  hc32f46x_adc.o
    0x000070aa   0x000070aa   0x0000006a   Code   RO           33    .text.ADC_Init      hc32f46x_adc.o
    0x00007114   0x00007114   0x0000003a   Code   RO           49    .text.ADC_SeqITCmd  hc32f46x_adc.o
    0x0000714e   0x0000714e   0x0000000e   Code   RO           79    .text.ADC_StartConvert  hc32f46x_adc.o
    0x0000715c   0x0000715c   0x00000034   Code   RO         1635    .text.ADC_Task      sadc.o
    0x00007190   0x00007190   0x000001a0   Code   RO         1631    .text.Adc1_IrqCallBack  sadc.o
    0x00007330   0x00007330   0x00000090   Code   RO         3071    .text.AdjustDrainOUTValve  user.o
    0x000073c0   0x000073c0   0x00000066   Code   RO         1617    .text.App_ClockCfg  mcu.o
    0x00007426   0x00007426   0x00000002   PAD
    0x00007428   0x00007428   0x00000064   Code   RO         2946    .text.App_Task      app.o
    0x0000748c   0x0000748c   0x0000004c   Code   RO          884    .text.AsyncDelay    hc32f46x_timer0.o
    0x000074d8   0x000074d8   0x00000538   Code   RO         3017    .text.BoilPointLearn  boilpoint.o
    0x00007a10   0x00007a10   0x00000068   Code   RO         1559    .text.Bsp_Init      bsp.o
    0x00007a78   0x00007a78   0x0000000e   Code   RO         1561    .text.Bsp_Start     bsp.o
    0x00007a86   0x00007a86   0x0000001e   Code   RO         1563    .text.Bsp_Task      bsp.o
    0x00007aa4   0x00007aa4   0x000000e0   Code   RO         1565    .text.Bubble_Sort   bsp.o
    0x00007b84   0x00007b84   0x00000008   Code   RO          437    .text.BusFault_Handler  hc32f46x_interrupts.o
    0x00007b8c   0x00007b8c   0x00000038   Code   RO         2092    .text.ButtonFilterRst_Task  key.o
    0x00007bc4   0x00007bc4   0x00000054   Code   RO         2090    .text.ButtonHeat_Task  key.o
    0x00007c18   0x00007c18   0x00000028   Code   RO         2088    .text.ButtonWifi_Task  key.o
    0x00007c40   0x00007c40   0x000000cc   Code   RO          159    .text.CLK_GetClockFreq  hc32f46x_clk.o
    0x00007d0c   0x00007d0c   0x00000030   Code   RO          125    .text.CLK_GetFlagStatus  hc32f46x_clk.o
    0x00007d3c   0x00007d3c   0x0000000c   Code   RO          155    .text.CLK_GetSysClkSource  hc32f46x_clk.o
    0x00007d48   0x00007d48   0x00000074   Code   RO          133    .text.CLK_HrcCmd    hc32f46x_clk.o
    0x00007dbc   0x00007dbc   0x0000006c   Code   RO          147    .text.CLK_MpllCmd   hc32f46x_clk.o
    0x00007e28   0x00007e28   0x00000080   Code   RO          145    .text.CLK_MpllConfig  hc32f46x_clk.o
    0x00007ea8   0x00007ea8   0x00000030   Code   RO          143    .text.CLK_SetPllSource  hc32f46x_clk.o
    0x00007ed8   0x00007ed8   0x000000b8   Code   RO          153    .text.CLK_SetSysClkSource  hc32f46x_clk.o
    0x00007f90   0x00007f90   0x000000e8   Code   RO          157    .text.CLK_SysClkConfig  hc32f46x_clk.o
    0x00008078   0x00008078   0x00000080   Code   RO         2728    .text.Cal_NTC_Cool  ntc.o
    0x000080f8   0x000080f8   0x00000078   Code   RO         2726    .text.Cal_NTC_HeatTank  ntc.o
    0x00008170   0x00008170   0x00000012   Code   RO         1871    .text.CheckSum      uart0_rx.o
    0x00008182   0x00008182   0x00000002   PAD
    0x00008184   0x00008184   0x00000048   Code   RO         3061    .text.ChildLockCheck  user.o
    0x000081cc   0x000081cc   0x00000074   Code   RO         2950    .text.CloseAllLoad  app.o
    0x00008240   0x00008240   0x00000054   Code   RO         2476    .text.CommTester_Copy_Cmd  commtester_tx.o
    0x00008294   0x00008294   0x00000090   Code   RO         2450    .text.CommTester_Rx_Byte_Analyize  commtester_rx_byte.o
    0x00008324   0x00008324   0x000002bc   Code   RO         2466    .text.CommTester_Rx_Frame_Analyize  commtester_rx_frame.o
    0x000085e0   0x000085e0   0x00000028   Code   RO         2448    .text.CommTester_Rx_Task  commtester_rx_byte.o
    0x00008608   0x00008608   0x0000000e   Code   RO         2435    .text.CommTester_Task  commtester.o
    0x00008616   0x00008616   0x00000002   PAD
    0x00008618   0x00008618   0x00000094   Code   RO         2488    .text.CommTester_Tx_Frame  commtester_tx_frame.o
    0x000086ac   0x000086ac   0x0000023c   Code   RO         2478    .text.CommTester_Tx_Task  commtester_tx.o
    0x000088e8   0x000088e8   0x00000020   Code   RO         1432    .text.Crc8_Calc     crc8.o
    0x00008908   0x00008908   0x00000008   Code   RO          443    .text.DebugMon_Handler  hc32f46x_interrupts.o
    0x00008910   0x00008910   0x00000064   Code   RO         3065    .text.DrainOutHotWaterCtr  user.o
    0x00008974   0x00008974   0x00000004   Code   RO         1836    .text.Drv_Init      drv.o
    0x00008978   0x00008978   0x0000003e   Code   RO         1838    .text.Drv_Task      drv.o
    0x000089b6   0x000089b6   0x00000002   PAD
    0x000089b8   0x000089b8   0x00000018   Code   RO          207    .text.EFM_FlashCmd  hc32f46x_efm.o
    0x000089d0   0x000089d0   0x00000010   Code   RO          223    .text.EFM_GetFlagStatus  hc32f46x_efm.o
    0x000089e0   0x000089e0   0x00000014   Code   RO          205    .text.EFM_Lock      hc32f46x_efm.o
    0x000089f4   0x000089f4   0x00000068   Code   RO          239    .text.EFM_SectorErase  hc32f46x_efm.o
    0x00008a5c   0x00008a5c   0x0000000c   Code   RO          209    .text.EFM_SetLatency  hc32f46x_efm.o
    0x00008a68   0x00008a68   0x00000064   Code   RO          233    .text.EFM_SingleProgram  hc32f46x_efm.o
    0x00008acc   0x00008acc   0x00000014   Code   RO          203    .text.EFM_Unlock    hc32f46x_efm.o
    0x00008ae0   0x00008ae0   0x00000040   Code   RO          257    .text.EXINT_Init    hc32f46x_exint_nmi_swi.o
    0x00008b20   0x00008b20   0x00000018   Code   RO          261    .text.EXINT_IrqFlgClr  hc32f46x_exint_nmi_swi.o
    0x00008b38   0x00008b38   0x00000164   Code   RO         1575    .text.EXTI_Init     exti.o
    0x00008c9c   0x00008c9c   0x00000020   Code   RO         2839    .text.ErrorBitMap_Clr  fault.o
    0x00008cbc   0x00008cbc   0x00000028   Code   RO         2837    .text.ErrorBitMap_Set  fault.o
    0x00008ce4   0x00008ce4   0x00000048   Code   RO         1577    .text.ExtInt05_Callback  exti.o
    0x00008d2c   0x00008d2c   0x00000058   Code   RO         1583    .text.ExtInt06_Callback  exti.o
    0x00008d84   0x00008d84   0x00000050   Code   RO         1589    .text.ExtInt07_Callback  exti.o
    0x00008dd4   0x00008dd4   0x00000050   Code   RO         1587    .text.ExtInt08_Callback  exti.o
    0x00008e24   0x00008e24   0x00000044   Code   RO         1581    .text.ExtInt11_Callback  exti.o
    0x00008e68   0x00008e68   0x0000006c   Code   RO         2987    .text.FilterCheckAndClean  selfclean.o
    0x00008ed4   0x00008ed4   0x00000042   Code   RO         1656    .text.Flash__ErasePage  sflash.o
    0x00008f16   0x00008f16   0x00000002   Code   RO         1650    .text.Flash__Init   sflash.o
    0x00008f18   0x00008f18   0x00000002   Code   RO         1654    .text.Flash__Lock   sflash.o
    0x00008f1a   0x00008f1a   0x00000010   Code   RO         1666    .text.Flash__ReadArray  sflash.o
    0x00008f2a   0x00008f2a   0x00000004   Code   RO         1664    .text.Flash__ReadWord  sflash.o
    0x00008f2e   0x00008f2e   0x00000002   Code   RO         1652    .text.Flash__Unlock  sflash.o
    0x00008f30   0x00008f30   0x00000060   Code   RO         1660    .text.Flash__WriteArray  sflash.o
    0x00008f90   0x00008f90   0x0000002c   Code   RO         1658    .text.Flash__WriteWord  sflash.o
    0x00008fbc   0x00008fbc   0x000004c0   Code   RO         3069    .text.GetValveCurrent_Task  user.o
    0x0000947c   0x0000947c   0x00000098   Code   RO         3050    .text.HeatWaterCtr  heat.o
    0x00009514   0x00009514   0x00000014   Code   RO         2712    .text.Heat_Status_Set  linecross.o
    0x00009528   0x00009528   0x00000174   Code   RO         2708    .text.Heat_Task     linecross.o
    0x0000969c   0x0000969c   0x0000000e   Code   RO         1601    .text.IO_Init       io.o
    0x000096aa   0x000096aa   0x00000024   Code   RO         1605    .text.IO_Input_Init  io.o
    0x000096ce   0x000096ce   0x00000002   PAD
    0x000096d0   0x000096d0   0x0000017c   Code   RO         1603    .text.IO_Output_Init  io.o
    0x0000984c   0x0000984c   0x0000000c   Code   RO          445    .text.IRQ000_Handler  hc32f46x_interrupts.o
    0x00009858   0x00009858   0x0000000c   Code   RO          447    .text.IRQ001_Handler  hc32f46x_interrupts.o
    0x00009864   0x00009864   0x0000000c   Code   RO          449    .text.IRQ002_Handler  hc32f46x_interrupts.o
    0x00009870   0x00009870   0x0000000c   Code   RO          451    .text.IRQ003_Handler  hc32f46x_interrupts.o
    0x0000987c   0x0000987c   0x0000000c   Code   RO          453    .text.IRQ004_Handler  hc32f46x_interrupts.o
    0x00009888   0x00009888   0x0000000c   Code   RO          455    .text.IRQ005_Handler  hc32f46x_interrupts.o
    0x00009894   0x00009894   0x0000000c   Code   RO          457    .text.IRQ006_Handler  hc32f46x_interrupts.o
    0x000098a0   0x000098a0   0x0000000c   Code   RO          459    .text.IRQ007_Handler  hc32f46x_interrupts.o
    0x000098ac   0x000098ac   0x0000000c   Code   RO          461    .text.IRQ008_Handler  hc32f46x_interrupts.o
    0x000098b8   0x000098b8   0x0000000c   Code   RO          463    .text.IRQ009_Handler  hc32f46x_interrupts.o
    0x000098c4   0x000098c4   0x0000000c   Code   RO          465    .text.IRQ010_Handler  hc32f46x_interrupts.o
    0x000098d0   0x000098d0   0x0000000c   Code   RO          467    .text.IRQ011_Handler  hc32f46x_interrupts.o
    0x000098dc   0x000098dc   0x0000000c   Code   RO          469    .text.IRQ012_Handler  hc32f46x_interrupts.o
    0x000098e8   0x000098e8   0x0000000c   Code   RO          471    .text.IRQ013_Handler  hc32f46x_interrupts.o
    0x000098f4   0x000098f4   0x0000000c   Code   RO          473    .text.IRQ014_Handler  hc32f46x_interrupts.o
    0x00009900   0x00009900   0x0000000c   Code   RO          475    .text.IRQ015_Handler  hc32f46x_interrupts.o
    0x0000990c   0x0000990c   0x0000000c   Code   RO          477    .text.IRQ016_Handler  hc32f46x_interrupts.o
    0x00009918   0x00009918   0x0000000c   Code   RO          479    .text.IRQ017_Handler  hc32f46x_interrupts.o
    0x00009924   0x00009924   0x0000000c   Code   RO          481    .text.IRQ018_Handler  hc32f46x_interrupts.o
    0x00009930   0x00009930   0x0000000c   Code   RO          483    .text.IRQ019_Handler  hc32f46x_interrupts.o
    0x0000993c   0x0000993c   0x0000000c   Code   RO          485    .text.IRQ020_Handler  hc32f46x_interrupts.o
    0x00009948   0x00009948   0x0000000c   Code   RO          487    .text.IRQ021_Handler  hc32f46x_interrupts.o
    0x00009954   0x00009954   0x0000000c   Code   RO          489    .text.IRQ022_Handler  hc32f46x_interrupts.o
    0x00009960   0x00009960   0x0000000c   Code   RO          491    .text.IRQ023_Handler  hc32f46x_interrupts.o
    0x0000996c   0x0000996c   0x0000000c   Code   RO          493    .text.IRQ024_Handler  hc32f46x_interrupts.o
    0x00009978   0x00009978   0x0000000c   Code   RO          495    .text.IRQ025_Handler  hc32f46x_interrupts.o
    0x00009984   0x00009984   0x0000000c   Code   RO          497    .text.IRQ026_Handler  hc32f46x_interrupts.o
    0x00009990   0x00009990   0x0000000c   Code   RO          499    .text.IRQ027_Handler  hc32f46x_interrupts.o
    0x0000999c   0x0000999c   0x0000000c   Code   RO          501    .text.IRQ028_Handler  hc32f46x_interrupts.o
    0x000099a8   0x000099a8   0x0000000c   Code   RO          503    .text.IRQ029_Handler  hc32f46x_interrupts.o
    0x000099b4   0x000099b4   0x0000000c   Code   RO          505    .text.IRQ030_Handler  hc32f46x_interrupts.o
    0x000099c0   0x000099c0   0x0000000c   Code   RO          507    .text.IRQ031_Handler  hc32f46x_interrupts.o
    0x000099cc   0x000099cc   0x0000000c   Code   RO          509    .text.IRQ032_Handler  hc32f46x_interrupts.o
    0x000099d8   0x000099d8   0x0000000c   Code   RO          511    .text.IRQ033_Handler  hc32f46x_interrupts.o
    0x000099e4   0x000099e4   0x0000000c   Code   RO          513    .text.IRQ034_Handler  hc32f46x_interrupts.o
    0x000099f0   0x000099f0   0x0000000c   Code   RO          515    .text.IRQ035_Handler  hc32f46x_interrupts.o
    0x000099fc   0x000099fc   0x0000000c   Code   RO          517    .text.IRQ036_Handler  hc32f46x_interrupts.o
    0x00009a08   0x00009a08   0x0000000c   Code   RO          519    .text.IRQ037_Handler  hc32f46x_interrupts.o
    0x00009a14   0x00009a14   0x0000000c   Code   RO          521    .text.IRQ038_Handler  hc32f46x_interrupts.o
    0x00009a20   0x00009a20   0x0000000c   Code   RO          523    .text.IRQ039_Handler  hc32f46x_interrupts.o
    0x00009a2c   0x00009a2c   0x0000000c   Code   RO          525    .text.IRQ040_Handler  hc32f46x_interrupts.o
    0x00009a38   0x00009a38   0x0000000c   Code   RO          527    .text.IRQ041_Handler  hc32f46x_interrupts.o
    0x00009a44   0x00009a44   0x0000000c   Code   RO          529    .text.IRQ042_Handler  hc32f46x_interrupts.o
    0x00009a50   0x00009a50   0x0000000c   Code   RO          531    .text.IRQ043_Handler  hc32f46x_interrupts.o
    0x00009a5c   0x00009a5c   0x0000000c   Code   RO          533    .text.IRQ044_Handler  hc32f46x_interrupts.o
    0x00009a68   0x00009a68   0x0000000c   Code   RO          535    .text.IRQ045_Handler  hc32f46x_interrupts.o
    0x00009a74   0x00009a74   0x0000000c   Code   RO          537    .text.IRQ046_Handler  hc32f46x_interrupts.o
    0x00009a80   0x00009a80   0x0000000c   Code   RO          539    .text.IRQ047_Handler  hc32f46x_interrupts.o
    0x00009a8c   0x00009a8c   0x0000000c   Code   RO          541    .text.IRQ048_Handler  hc32f46x_interrupts.o
    0x00009a98   0x00009a98   0x0000000c   Code   RO          543    .text.IRQ049_Handler  hc32f46x_interrupts.o
    0x00009aa4   0x00009aa4   0x0000000c   Code   RO          545    .text.IRQ050_Handler  hc32f46x_interrupts.o
    0x00009ab0   0x00009ab0   0x0000000c   Code   RO          547    .text.IRQ051_Handler  hc32f46x_interrupts.o
    0x00009abc   0x00009abc   0x0000000c   Code   RO          549    .text.IRQ052_Handler  hc32f46x_interrupts.o
    0x00009ac8   0x00009ac8   0x0000000c   Code   RO          551    .text.IRQ053_Handler  hc32f46x_interrupts.o
    0x00009ad4   0x00009ad4   0x0000000c   Code   RO          553    .text.IRQ054_Handler  hc32f46x_interrupts.o
    0x00009ae0   0x00009ae0   0x0000000c   Code   RO          555    .text.IRQ055_Handler  hc32f46x_interrupts.o
    0x00009aec   0x00009aec   0x0000000c   Code   RO          557    .text.IRQ056_Handler  hc32f46x_interrupts.o
    0x00009af8   0x00009af8   0x0000000c   Code   RO          559    .text.IRQ057_Handler  hc32f46x_interrupts.o
    0x00009b04   0x00009b04   0x0000000c   Code   RO          561    .text.IRQ058_Handler  hc32f46x_interrupts.o
    0x00009b10   0x00009b10   0x0000000c   Code   RO          563    .text.IRQ059_Handler  hc32f46x_interrupts.o
    0x00009b1c   0x00009b1c   0x0000000c   Code   RO          565    .text.IRQ060_Handler  hc32f46x_interrupts.o
    0x00009b28   0x00009b28   0x0000000c   Code   RO          567    .text.IRQ061_Handler  hc32f46x_interrupts.o
    0x00009b34   0x00009b34   0x0000000c   Code   RO          569    .text.IRQ062_Handler  hc32f46x_interrupts.o
    0x00009b40   0x00009b40   0x00000010   Code   RO          571    .text.IRQ063_Handler  hc32f46x_interrupts.o
    0x00009b50   0x00009b50   0x00000010   Code   RO          573    .text.IRQ064_Handler  hc32f46x_interrupts.o
    0x00009b60   0x00009b60   0x00000010   Code   RO          575    .text.IRQ065_Handler  hc32f46x_interrupts.o
    0x00009b70   0x00009b70   0x00000010   Code   RO          577    .text.IRQ066_Handler  hc32f46x_interrupts.o
    0x00009b80   0x00009b80   0x00000010   Code   RO          579    .text.IRQ067_Handler  hc32f46x_interrupts.o
    0x00009b90   0x00009b90   0x00000010   Code   RO          581    .text.IRQ068_Handler  hc32f46x_interrupts.o
    0x00009ba0   0x00009ba0   0x00000010   Code   RO          583    .text.IRQ069_Handler  hc32f46x_interrupts.o
    0x00009bb0   0x00009bb0   0x00000010   Code   RO          585    .text.IRQ070_Handler  hc32f46x_interrupts.o
    0x00009bc0   0x00009bc0   0x00000010   Code   RO          587    .text.IRQ071_Handler  hc32f46x_interrupts.o
    0x00009bd0   0x00009bd0   0x00000010   Code   RO          589    .text.IRQ072_Handler  hc32f46x_interrupts.o
    0x00009be0   0x00009be0   0x00000010   Code   RO          591    .text.IRQ073_Handler  hc32f46x_interrupts.o
    0x00009bf0   0x00009bf0   0x00000010   Code   RO          593    .text.IRQ074_Handler  hc32f46x_interrupts.o
    0x00009c00   0x00009c00   0x00000010   Code   RO          595    .text.IRQ075_Handler  hc32f46x_interrupts.o
    0x00009c10   0x00009c10   0x00000010   Code   RO          597    .text.IRQ076_Handler  hc32f46x_interrupts.o
    0x00009c20   0x00009c20   0x00000010   Code   RO          599    .text.IRQ077_Handler  hc32f46x_interrupts.o
    0x00009c30   0x00009c30   0x00000010   Code   RO          601    .text.IRQ078_Handler  hc32f46x_interrupts.o
    0x00009c40   0x00009c40   0x00000010   Code   RO          603    .text.IRQ079_Handler  hc32f46x_interrupts.o
    0x00009c50   0x00009c50   0x00000010   Code   RO          605    .text.IRQ080_Handler  hc32f46x_interrupts.o
    0x00009c60   0x00009c60   0x00000010   Code   RO          607    .text.IRQ081_Handler  hc32f46x_interrupts.o
    0x00009c70   0x00009c70   0x00000010   Code   RO          609    .text.IRQ082_Handler  hc32f46x_interrupts.o
    0x00009c80   0x00009c80   0x00000010   Code   RO          611    .text.IRQ083_Handler  hc32f46x_interrupts.o
    0x00009c90   0x00009c90   0x00000010   Code   RO          613    .text.IRQ084_Handler  hc32f46x_interrupts.o
    0x00009ca0   0x00009ca0   0x00000010   Code   RO          615    .text.IRQ085_Handler  hc32f46x_interrupts.o
    0x00009cb0   0x00009cb0   0x00000010   Code   RO          617    .text.IRQ086_Handler  hc32f46x_interrupts.o
    0x00009cc0   0x00009cc0   0x00000010   Code   RO          619    .text.IRQ087_Handler  hc32f46x_interrupts.o
    0x00009cd0   0x00009cd0   0x00000010   Code   RO          621    .text.IRQ088_Handler  hc32f46x_interrupts.o
    0x00009ce0   0x00009ce0   0x00000010   Code   RO          623    .text.IRQ089_Handler  hc32f46x_interrupts.o
    0x00009cf0   0x00009cf0   0x00000010   Code   RO          625    .text.IRQ090_Handler  hc32f46x_interrupts.o
    0x00009d00   0x00009d00   0x00000010   Code   RO          627    .text.IRQ091_Handler  hc32f46x_interrupts.o
    0x00009d10   0x00009d10   0x00000010   Code   RO          629    .text.IRQ092_Handler  hc32f46x_interrupts.o
    0x00009d20   0x00009d20   0x00000010   Code   RO          631    .text.IRQ093_Handler  hc32f46x_interrupts.o
    0x00009d30   0x00009d30   0x00000010   Code   RO          633    .text.IRQ094_Handler  hc32f46x_interrupts.o
    0x00009d40   0x00009d40   0x00000010   Code   RO          635    .text.IRQ095_Handler  hc32f46x_interrupts.o
    0x00009d50   0x00009d50   0x00000010   Code   RO          637    .text.IRQ096_Handler  hc32f46x_interrupts.o
    0x00009d60   0x00009d60   0x00000010   Code   RO          639    .text.IRQ097_Handler  hc32f46x_interrupts.o
    0x00009d70   0x00009d70   0x00000010   Code   RO          641    .text.IRQ098_Handler  hc32f46x_interrupts.o
    0x00009d80   0x00009d80   0x00000010   Code   RO          643    .text.IRQ099_Handler  hc32f46x_interrupts.o
    0x00009d90   0x00009d90   0x00000010   Code   RO          645    .text.IRQ100_Handler  hc32f46x_interrupts.o
    0x00009da0   0x00009da0   0x00000010   Code   RO          647    .text.IRQ101_Handler  hc32f46x_interrupts.o
    0x00009db0   0x00009db0   0x00000010   Code   RO          649    .text.IRQ102_Handler  hc32f46x_interrupts.o
    0x00009dc0   0x00009dc0   0x00000010   Code   RO          651    .text.IRQ103_Handler  hc32f46x_interrupts.o
    0x00009dd0   0x00009dd0   0x00000010   Code   RO          653    .text.IRQ104_Handler  hc32f46x_interrupts.o
    0x00009de0   0x00009de0   0x00000010   Code   RO          655    .text.IRQ105_Handler  hc32f46x_interrupts.o
    0x00009df0   0x00009df0   0x00000010   Code   RO          657    .text.IRQ106_Handler  hc32f46x_interrupts.o
    0x00009e00   0x00009e00   0x00000010   Code   RO          659    .text.IRQ107_Handler  hc32f46x_interrupts.o
    0x00009e10   0x00009e10   0x00000010   Code   RO          661    .text.IRQ108_Handler  hc32f46x_interrupts.o
    0x00009e20   0x00009e20   0x00000010   Code   RO          663    .text.IRQ109_Handler  hc32f46x_interrupts.o
    0x00009e30   0x00009e30   0x00000010   Code   RO          665    .text.IRQ110_Handler  hc32f46x_interrupts.o
    0x00009e40   0x00009e40   0x00000010   Code   RO          667    .text.IRQ111_Handler  hc32f46x_interrupts.o
    0x00009e50   0x00009e50   0x00000010   Code   RO          669    .text.IRQ112_Handler  hc32f46x_interrupts.o
    0x00009e60   0x00009e60   0x00000010   Code   RO          671    .text.IRQ113_Handler  hc32f46x_interrupts.o
    0x00009e70   0x00009e70   0x00000010   Code   RO          673    .text.IRQ114_Handler  hc32f46x_interrupts.o
    0x00009e80   0x00009e80   0x00000010   Code   RO          675    .text.IRQ115_Handler  hc32f46x_interrupts.o
    0x00009e90   0x00009e90   0x00000010   Code   RO          677    .text.IRQ116_Handler  hc32f46x_interrupts.o
    0x00009ea0   0x00009ea0   0x00000010   Code   RO          679    .text.IRQ117_Handler  hc32f46x_interrupts.o
    0x00009eb0   0x00009eb0   0x00000010   Code   RO          681    .text.IRQ118_Handler  hc32f46x_interrupts.o
    0x00009ec0   0x00009ec0   0x00000010   Code   RO          683    .text.IRQ119_Handler  hc32f46x_interrupts.o
    0x00009ed0   0x00009ed0   0x00000010   Code   RO          685    .text.IRQ120_Handler  hc32f46x_interrupts.o
    0x00009ee0   0x00009ee0   0x00000010   Code   RO          687    .text.IRQ121_Handler  hc32f46x_interrupts.o
    0x00009ef0   0x00009ef0   0x00000010   Code   RO          689    .text.IRQ122_Handler  hc32f46x_interrupts.o
    0x00009f00   0x00009f00   0x00000010   Code   RO          691    .text.IRQ123_Handler  hc32f46x_interrupts.o
    0x00009f10   0x00009f10   0x00000010   Code   RO          693    .text.IRQ124_Handler  hc32f46x_interrupts.o
    0x00009f20   0x00009f20   0x00000010   Code   RO          695    .text.IRQ125_Handler  hc32f46x_interrupts.o
    0x00009f30   0x00009f30   0x00000010   Code   RO          697    .text.IRQ126_Handler  hc32f46x_interrupts.o
    0x00009f40   0x00009f40   0x00000010   Code   RO          699    .text.IRQ127_Handler  hc32f46x_interrupts.o
    0x00009f50   0x00009f50   0x00000038   Code   RO         3133    .text.Interval_Start  interval.o
    0x00009f88   0x00009f88   0x00000040   Code   RO         3135    .text.Interval_Stop  interval.o
    0x00009fc8   0x00009fc8   0x00000016   Code   RO         2086    .text.Key_Task      key.o
    0x00009fde   0x00009fde   0x00000002   PAD
    0x00009fe0   0x00009fe0   0x00000044   Code   RO         2115    .text.LED_Task      led.o
    0x0000a024   0x0000a024   0x00000038   Code   RO         2865    .text.Log_Erase     log.o
    0x0000a05c   0x0000a05c   0x000002b8   Code   RO         2861    .text.Log_Read      log.o
    0x0000a314   0x0000a314   0x000000d0   Code   RO         2863    .text.Log_Save      log.o
    0x0000a3e4   0x0000a3e4   0x00000070   Code   RO         2867    .text.Log_Save_Task  log.o
    0x0000a454   0x0000a454   0x000001c0   Code   RO         2985    .text.Long_FilterElementClearing  selfclean.o
    0x0000a614   0x0000a614   0x0000004c   Code   RO         1854    .text.M4_Uart0_ErrorCallBack  uart0.o
    0x0000a660   0x0000a660   0x0000004c   Code   RO         1914    .text.M4_Uart1_ErrorCallBack  uart1.o
    0x0000a6ac   0x0000a6ac   0x0000004c   Code   RO         1971    .text.M4_Uart2_ErrorCallBack  uart2.o
    0x0000a6f8   0x0000a6f8   0x00000030   Code   RO         1619    .text.Mcu_Init      mcu.o
    0x0000a728   0x0000a728   0x00000008   Code   RO          435    .text.MemManage_Handler  hc32f46x_interrupts.o
    0x0000a730   0x0000a730   0x0000017c   Code   RO         2779    .text.Motor_Control  motor.o
    0x0000a8ac   0x0000a8ac   0x00000014   Code   RO         2785    .text.Motor_ZeroPoint  motor.o
    0x0000a8c0   0x0000a8c0   0x00000008   Code   RO          433    .text.NMI_Handler   hc32f46x_interrupts.o
    0x0000a8c8   0x0000a8c8   0x0000000c   Code   RO          271    .text.NMI_IrqHandler  hc32f46x_exint_nmi_swi.o
    0x0000a8d4   0x0000a8d4   0x00000158   Code   RO         3040    .text.NoHotwaterCheckAndSupply  supplywater.o
    0x0000aa2c   0x0000aa2c   0x00000028   Code   RO          294    .text.PORT_DebugPortSetting  hc32f46x_gpio.o
    0x0000aa54   0x0000aa54   0x00000014   Code   RO          300    .text.PORT_GetBit   hc32f46x_gpio.o
    0x0000aa68   0x0000aa68   0x0000010c   Code   RO          286    .text.PORT_Init     hc32f46x_gpio.o
    0x0000ab74   0x0000ab74   0x00000014   Code   RO          310    .text.PORT_ResetBits  hc32f46x_gpio.o
    0x0000ab88   0x0000ab88   0x00000014   Code   RO          308    .text.PORT_SetBits  hc32f46x_gpio.o
    0x0000ab9c   0x0000ab9c   0x00000054   Code   RO          316    .text.PORT_SetFunc  hc32f46x_gpio.o
    0x0000abf0   0x0000abf0   0x00000018   Code   RO          737    .text.PWC_Fcg1PeriphClockCmd  hc32f46x_pwc.o
    0x0000ac08   0x0000ac08   0x00000018   Code   RO          739    .text.PWC_Fcg2PeriphClockCmd  hc32f46x_pwc.o
    0x0000ac20   0x0000ac20   0x00000018   Code   RO          741    .text.PWC_Fcg3PeriphClockCmd  hc32f46x_pwc.o
    0x0000ac38   0x0000ac38   0x00000150   Code   RO         2126    .text.PanelRxFiFo_Handler  panel.o
    0x0000ad88   0x0000ad88   0x00000004   Code   RO         1954    .text.Panel_PrintArray  uart1_tx.o
    0x0000ad8c   0x0000ad8c   0x00000040   Code   RO         2893    .text.Parameter_Get_MaxModeType  parameter_maxmodetype.o
    0x0000adcc   0x0000adcc   0x0000004c   Code   RO         2905    .text.Parameter_Get_ToolConfig  parameter_toolconfig.o
    0x0000ae18   0x0000ae18   0x00000084   Code   RO         2919    .text.Parameter_Get_ToolSn  parameter_toolsn.o
    0x0000ae9c   0x0000ae9c   0x00000088   Code   RO         2933    .text.Parameter_Get_WifiType  parameter_wifitype.o
    0x0000af24   0x0000af24   0x0000004c   Code   RO         2882    .text.Parameter_Read  parameter.o
    0x0000af70   0x0000af70   0x00000052   Code   RO         2895    .text.Parameter_Set_MaxModeType  parameter_maxmodetype.o
    0x0000afc2   0x0000afc2   0x00000052   Code   RO         2907    .text.Parameter_Set_ToolConfig  parameter_toolconfig.o
    0x0000b014   0x0000b014   0x00000060   Code   RO         2921    .text.Parameter_Set_ToolSn  parameter_toolsn.o
    0x0000b074   0x0000b074   0x00000062   Code   RO         2935    .text.Parameter_Set_WifiType  parameter_wifitype.o
    0x0000b0d6   0x0000b0d6   0x00000002   PAD
    0x0000b0d8   0x0000b0d8   0x00000078   Code   RO         2917    .text.Parameter_ToolSn_Default  parameter_toolsn.o
    0x0000b150   0x0000b150   0x00000158   Code   RO         2767    .text.PressurePump_Task  pump.o
    0x0000b2a8   0x0000b2a8   0x00000028   Code   RO         1773    .text.PressurePump_ValueSet  tima.o
    0x0000b2d0   0x0000b2d0   0x00000020   Code   RO         2757    .text.Pump_Close    pump.o
    0x0000b2f0   0x0000b2f0   0x00000024   Code   RO         2755    .text.Pump_Open     pump.o
    0x0000b314   0x0000b314   0x0000001c   Code   RO         2761    .text.Pump_PWMValue_Set  pump.o
    0x0000b330   0x0000b330   0x00000190   Code   RO         2765    .text.Pump_Speed_Cal  pump.o
    0x0000b4c0   0x0000b4c0   0x00000030   Code   RO         2763    .text.Pump_Task     pump.o
    0x0000b4f0   0x0000b4f0   0x00000028   Code   RO         1765    .text.Pump_ValueSet  tima.o
    0x0000b518   0x0000b518   0x000004c4   Code   RO         2688    .text.PureTDS_Calculate  tds.o
    0x0000b9dc   0x0000b9dc   0x000000bc   Code   RO         2989    .text.PureWaterBack  selfclean.o
    0x0000ba98   0x0000ba98   0x00000002   Code   RO         3067    .text.ReplaceFilterCheck  user.o
    0x0000ba9a   0x0000ba9a   0x00000002   PAD
    0x0000ba9c   0x0000ba9c   0x000000a0   Code   RO         1325    .text.SEGGER_RTT_Write  segger_rtt.o
    0x0000bb3c   0x0000bb3c   0x0000001a   Code   RO         1359    .text.SEGGER_RTT_printf  segger_rtt_printf.o
    0x0000bb56   0x0000bb56   0x00000002   PAD
    0x0000bb58   0x0000bb58   0x0000029e   Code   RO         1353    .text.SEGGER_RTT_vprintf  segger_rtt_printf.o
    0x0000bdf6   0x0000bdf6   0x00000008   Code   RO          441    .text.SVC_Handler   hc32f46x_interrupts.o
    0x0000bdfe   0x0000bdfe   0x00000002   PAD
    0x0000be00   0x0000be00   0x00000018   Code   RO          864    .text.SWDT_RefreshCounter  hc32f46x_swdt.o
    0x0000be18   0x0000be18   0x000000c8   Code   RO         2983    .text.Short_FilterElementClearing  selfclean.o
    0x0000bee0   0x0000bee0   0x00000050   Code   RO         2710    .text.SmallHeat_Zero_OPEN  linecross.o
    0x0000bf30   0x0000bf30   0x000004d4   Code   RO         2690    .text.SourceTDS_Calculate  tds.o
    0x0000c404   0x0000c404   0x0000003c   Code   RO         3063    .text.StandbyCheck  user.o
    0x0000c440   0x0000c440   0x00000020   Code   RO         2140    .text.StringCopy    panelanalyze.o
    0x0000c460   0x0000c460   0x00000130   Code   RO         2981    .text.StrongRinse_Task  selfclean.o
    0x0000c590   0x0000c590   0x00000012   Code   RO         3556    .text.SysTick_Handler  board.o
    0x0000c5a2   0x0000c5a2   0x00000002   PAD
    0x0000c5a4   0x0000c5a4   0x0000007c   Code   RO           22    .text.SystemCoreClockUpdate  system_hc32f46x.o
    0x0000c620   0x0000c620   0x000000ac   Code   RO         2948    .text.SystemErrorProess  app.o
    0x0000c6cc   0x0000c6cc   0x00000010   Code   RO           20    .text.SystemInit    system_hc32f46x.o
    0x0000c6dc   0x0000c6dc   0x000000f4   Code   RO         1585    .text.TDS_Init      exti.o
    0x0000c7d0   0x0000c7d0   0x00000044   Code   RO         2692    .text.TDS_Task      tds.o
    0x0000c814   0x0000c814   0x00000084   Code   RO         1725    .text.TIM01_A_init  tim0.o
    0x0000c898   0x0000c898   0x00000088   Code   RO         1727    .text.TIM01_B_init  tim0.o
    0x0000c920   0x0000c920   0x00000080   Code   RO         1731    .text.TIM02_A_Init  tim0.o
    0x0000c9a0   0x0000c9a0   0x00000084   Code   RO         1729    .text.TIM02_B_Init  tim0.o
    0x0000ca24   0x0000ca24   0x00000010   Code   RO         1733    .text.TIM0_Start    tim0.o
    0x0000ca34   0x0000ca34   0x00000016   Code   RO         1723    .text.TIM0_init     tim0.o
    0x0000ca4a   0x0000ca4a   0x00000002   PAD
    0x0000ca4c   0x0000ca4c   0x00000084   Code   RO         1757    .text.TIMA_1_Init   tima.o
    0x0000cad0   0x0000cad0   0x0000008c   Code   RO         1761    .text.TIMA_2_Init   tima.o
    0x0000cb5c   0x0000cb5c   0x00000084   Code   RO         1755    .text.TIMA_3_Init   tima.o
    0x0000cbe0   0x0000cbe0   0x00000088   Code   RO         1759    .text.TIMA_4_Init   tima.o
    0x0000cc68   0x0000cc68   0x00000016   Code   RO         1753    .text.TIMA_Init     tima.o
    0x0000cc7e   0x0000cc7e   0x00000002   PAD
    0x0000cc80   0x0000cc80   0x0000016c   Code   RO          900    .text.TIMER0_BaseInit  hc32f46x_timer0.o
    0x0000cdec   0x0000cdec   0x0000004c   Code   RO          882    .text.TIMER0_ClearFlag  hc32f46x_timer0.o
    0x0000ce38   0x0000ce38   0x0000005e   Code   RO          886    .text.TIMER0_Cmd    hc32f46x_timer0.o
    0x0000ce96   0x0000ce96   0x0000000e   Code   RO          892    .text.TIMER0_GetCntReg  hc32f46x_timer0.o
    0x0000cea4   0x0000cea4   0x0000005e   Code   RO          890    .text.TIMER0_IntCmd  hc32f46x_timer0.o
    0x0000cf02   0x0000cf02   0x00000002   PAD
    0x0000cf04   0x0000cf04   0x000000b4   Code   RO         1142    .text.TIMERA_BaseInit  hc32f46x_timera.o
    0x0000cfb8   0x0000cfb8   0x00000090   Code   RO         1198    .text.TIMERA_ClearFlag  hc32f46x_timera.o
    0x0000d048   0x0000d048   0x00000020   Code   RO         1154    .text.TIMERA_Cmd    hc32f46x_timera.o
    0x0000d068   0x0000d068   0x0000002c   Code   RO         1168    .text.TIMERA_CompareCmd  hc32f46x_timera.o
    0x0000d094   0x0000d094   0x00000124   Code   RO         1156    .text.TIMERA_CompareInit  hc32f46x_timera.o
    0x0000d1b8   0x0000d1b8   0x000000dc   Code   RO         1192    .text.TIMERA_IrqCmd  hc32f46x_timera.o
    0x0000d294   0x0000d294   0x000001b0   Code   RO         2730    .text.Temperature_Task  ntc.o
    0x0000d444   0x0000d444   0x00000004   Code   RO         2012    .text.Tester_PrintArray  uart2_tx.o
    0x0000d448   0x0000d448   0x00000034   Code   RO         3099    .text.Thread_Wifi_Init  thread_wifi.o
    0x0000d47c   0x0000d47c   0x00000024   Code   RO         1735    .text.Timer01A_CallBack  tim0.o
    0x0000d4a0   0x0000d4a0   0x00000014   Code   RO         1739    .text.Timer01B_CallBack  tim0.o
    0x0000d4b4   0x0000d4b4   0x00000014   Code   RO         1741    .text.Timer02A_CallBack  tim0.o
    0x0000d4c8   0x0000d4c8   0x00000014   Code   RO         1743    .text.Timer02B_CallBack  tim0.o
    0x0000d4dc   0x0000d4dc   0x00000018   Code   RO         1781    .text.Timera2_IrqCallback  tima.o
    0x0000d4f4   0x0000d4f4   0x00000024   Code   RO         1767    .text.TimeraUnit1_IrqCallback  tima.o
    0x0000d518   0x0000d518   0x00000032   Code   RO         1378    .text.TypeConvert_Hex1_to_U8  func_hex.o
    0x0000d54a   0x0000d54a   0x00000028   Code   RO         1380    .text.TypeConvert_Hex2_to_U8  func_hex.o
    0x0000d572   0x0000d572   0x0000000a   Code   RO         1404    .text.U32_Add_One   func_null.o
    0x0000d57c   0x0000d57c   0x00000168   Code   RO         1848    .text.UART0_Init    uart0.o
    0x0000d6e4   0x0000d6e4   0x00000028   Code   RO         1886    .text.UART0_PrintArray  uart0_tx.o
    0x0000d70c   0x0000d70c   0x00000050   Code   RO         1869    .text.UART0_Rx_Byte_Analysis  uart0_rx.o
    0x0000d75c   0x0000d75c   0x000002cc   Code   RO         1873    .text.UART0_Rx_Task  uart0_rx.o
    0x0000da28   0x0000da28   0x0000000e   Code   RO         1858    .text.UART0_Task    uart0.o
    0x0000da36   0x0000da36   0x00000002   PAD
    0x0000da38   0x0000da38   0x00000048   Code   RO         1896    .text.UART0_Tx_Isr  uart0_tx.o
    0x0000da80   0x0000da80   0x00000130   Code   RO         1892    .text.UART0_Tx_Task  uart0_tx.o
    0x0000dbb0   0x0000dbb0   0x0000015c   Code   RO         1908    .text.UART1_Init    uart1.o
    0x0000dd0c   0x0000dd0c   0x0000004c   Code   RO         1946    .text.UART1_PrintArray  uart1_tx.o
    0x0000dd58   0x0000dd58   0x00000040   Code   RO         1931    .text.UART1_Rx_Byte_Analysis  uart1_rx.o
    0x0000dd98   0x0000dd98   0x00000034   Code   RO         1933    .text.UART1_Rx_Task  uart1_rx.o
    0x0000ddcc   0x0000ddcc   0x00000004   Code   RO         1918    .text.UART1_Task    uart1.o
    0x0000ddd0   0x0000ddd0   0x00000044   Code   RO         1952    .text.UART1_Tx_Isr  uart1_tx.o
    0x0000de14   0x0000de14   0x00000038   Code   RO         1950    .text.UART1_Tx_Task  uart1_tx.o
    0x0000de4c   0x0000de4c   0x00000164   Code   RO         1965    .text.UART2_Init    uart2.o
    0x0000dfb0   0x0000dfb0   0x00000048   Code   RO         2002    .text.UART2_PrintArray  uart2_tx.o
    0x0000dff8   0x0000dff8   0x00000004   Code   RO         1986    .text.UART2_Rx_Byte_Analyize  uart2_rx.o
    0x0000dffc   0x0000dffc   0x00000002   Code   RO         1988    .text.UART2_Rx_Task  uart2_rx.o
    0x0000dffe   0x0000dffe   0x0000000e   Code   RO         1975    .text.UART2_Task    uart2.o
    0x0000e00c   0x0000e00c   0x00000040   Code   RO         2008    .text.UART2_Tx_Isr  uart2_tx.o
    0x0000e04c   0x0000e04c   0x00000038   Code   RO         2006    .text.UART2_Tx_Task  uart2_tx.o
    0x0000e084   0x0000e084   0x00000040   Code   RO         2047    .text.UART3_Rx_Task  uart3_rx.o
    0x0000e0c4   0x0000e0c4   0x0000000e   Code   RO         2034    .text.UART3_Task    uart3.o
    0x0000e0d2   0x0000e0d2   0x00000002   PAD
    0x0000e0d4   0x0000e0d4   0x00000038   Code   RO         2066    .text.UART3_Tx_Task  uart3_tx.o
    0x0000e10c   0x0000e10c   0x00000058   Code   RO         1227    .text.USART_ClearStatus  hc32f46x_usart.o
    0x0000e164   0x0000e164   0x00000144   Code   RO         1229    .text.USART_FuncCmd  hc32f46x_usart.o
    0x0000e2a8   0x0000e2a8   0x0000000a   Code   RO         1225    .text.USART_GetStatus  hc32f46x_usart.o
    0x0000e2b2   0x0000e2b2   0x00000002   PAD
    0x0000e2b4   0x0000e2b4   0x000002a8   Code   RO         1279    .text.USART_SetBaudrate  hc32f46x_usart.o
    0x0000e55c   0x0000e55c   0x0000013c   Code   RO         1217    .text.USART_UART_Init  hc32f46x_usart.o
    0x0000e698   0x0000e698   0x00000018   Code   RO         1850    .text.Uart0_IRQHandler_Rx  uart0.o
    0x0000e6b0   0x0000e6b0   0x00000014   Code   RO         1856    .text.Uart0_IRQHandler_Tx  uart0.o
    0x0000e6c4   0x0000e6c4   0x00000018   Code   RO         1910    .text.Uart1_IRQHandler_Rx  uart1.o
    0x0000e6dc   0x0000e6dc   0x00000014   Code   RO         1916    .text.Uart1_IRQHandler_Tx  uart1.o
    0x0000e6f0   0x0000e6f0   0x00000010   Code   RO         1967    .text.Uart2_IRQHandler_Rx  uart2.o
    0x0000e700   0x0000e700   0x00000004   Code   RO         1973    .text.Uart2_IRQHandler_Tx  uart2.o
    0x0000e704   0x0000e704   0x000001d4   Code   RO         2625    .text.UpData_App1_Write  update.o
    0x0000e8d8   0x0000e8d8   0x00000002   Code   RO         2660    .text.UpdataOtaMcu_FrameAnalyize  updateotamcu.o
    0x0000e8da   0x0000e8da   0x00000002   PAD
    0x0000e8dc   0x0000e8dc   0x000000f8   Code   RO         2644    .text.UpdataOta_PayloadAnalyize  updateota.o
    0x0000e9d4   0x0000e9d4   0x00000008   Code   RO          439    .text.UsageFault_Handler  hc32f46x_interrupts.o
    0x0000e9dc   0x0000e9dc   0x00000024   Code   RO         1281    .text.UsartGetClk   hc32f46x_usart.o
    0x0000ea00   0x0000ea00   0x000003c4   Code   RO         3059    .text.UseWaterCtr   user.o
    0x0000edc4   0x0000edc4   0x000000e8   Code   RO         3086    .text.UserMain      usermain.o
    0x0000eeac   0x0000eeac   0x00000010   Code   RO         2970    .text.UserState_GotoNormalWork  userstate_goto.o
    0x0000eebc   0x0000eebc   0x00000010   Code   RO         2966    .text.UserState_GotoProgram  userstate_goto.o
    0x0000eecc   0x0000eecc   0x00000014   Code   RO         2964    .text.UserState_GotoTester  userstate_goto.o
    0x0000eee0   0x0000eee0   0x000000b8   Code   RO         2168    .text.Version_Panel  panelanalyze.o
    0x0000ef98   0x0000ef98   0x00000004   Code   RO         1685    .text.WDG_Feed      wdg.o
    0x0000ef9c   0x0000ef9c   0x00000002   Code   RO         1681    .text.WDG_Init      wdg.o
    0x0000ef9e   0x0000ef9e   0x00000002   Code   RO         1683    .text.WDG_Start     wdg.o
    0x0000efa0   0x0000efa0   0x0000030c   Code   RO         3026    .text.WarmWaterCtr  warmwater.o
    0x0000f2ac   0x0000f2ac   0x00000068   Code   RO         2783    .text.WasteWater_Level_Set  motor.o
    0x0000f314   0x0000f314   0x0000005c   Code   RO         2781    .text.WasteWater_Motor_Task  motor.o
    0x0000f370   0x0000f370   0x000002bc   Code   RO         2677    .text.WaterLevel_Check1  waterlevel.o
    0x0000f62c   0x0000f62c   0x00000074   Code   RO         2096    .text.WaterLevel_Socket_Check  key.o
    0x0000f6a0   0x0000f6a0   0x000000c4   Code   RO         2673    .text.WaterLevel_Task  waterlevel.o
    0x0000f764   0x0000f764   0x000001d4   Code   RO         2744    .text.Water_Flow_Cal  waterflow.o
    0x0000f938   0x0000f938   0x000000ac   Code   RO         2308    .text.WifiRx_ByteAnalyze  wifirx.o
    0x0000f9e4   0x0000f9e4   0x00000020   Code   RO         2321    .text.WifiRx_FPm_Analyize  wifirx_fpm.o
    0x0000fa04   0x0000fa04   0x00000228   Code   RO         2330    .text.WifiRx_FPp_Analyize  wifirx_fpp.o
    0x0000fc2c   0x0000fc2c   0x00000064   Code   RO         2340    .text.WifiRx_FPq_Analyize  wifirx_fpq.o
    0x0000fc90   0x0000fc90   0x0000002c   Code   RO         2349    .text.WifiRx_FPqb_Analyize  wifirx_fpqb.o
    0x0000fcbc   0x0000fcbc   0x00000040   Code   RO         2357    .text.WifiRx_FR_Analyize_binary  wifirx_fr.o
    0x0000fcfc   0x0000fcfc   0x00000198   Code   RO         2359    .text.WifiRx_FR_Analyize_cjson  wifirx_fr.o
    0x0000fe94   0x0000fe94   0x00000170   Code   RO         2369    .text.WifiRx_MMI_Analyze  wifirx_mmi_analyize.o
    0x00010004   0x00010004   0x00000020   Code   RO         2306    .text.WifiRx_MMI_DiscodedPayload_Len_Add  wifirx.o
    0x00010024   0x00010024   0x00000024   Code   RO         2310    .text.WifiRx_Task   wifirx.o
    0x00010048   0x00010048   0x00000024   Code   RO         2242    .text.WifiState_Goto_NoSsid  wifi.o
    0x0001006c   0x0001006c   0x00000030   Code   RO         2246    .text.WifiState_Goto_WlanIotReady  wifi.o
    0x0001009c   0x0001009c   0x0000003c   Code   RO         2378    .text.WifiTx_mq     wifitx.o
    0x000100d8   0x000100d8   0x00000008   Code   RO         2234    .text.Wifi_En_Off   wifi.o
    0x000100e0   0x000100e0   0x00000008   Code   RO         2236    .text.Wifi_En_On    wifi.o
    0x000100e8   0x000100e8   0x00000010   Code   RO         2240    .text.Wifi_On       wifi.o
    0x000100f8   0x000100f8   0x00000004   Code   RO         2070    .text.Wifi_PrintArray  uart3_tx.o
    0x000100fc   0x000100fc   0x00000370   Code   RO         2395    .text.Wifi_PrintFrame_FP  wifitx_fp.o
    0x0001046c   0x0001046c   0x00000320   Code   RO         2405    .text.Wifi_PrintFrame_FPb  wifitx_fpb.o
    0x0001078c   0x0001078c   0x000000b4   Code   RO         2416    .text.Wifi_PrintFrame_FR  wifitx_fr.o
    0x00010840   0x00010840   0x00000018   Code   RO         2238    .text.Wifi_Reset    wifi.o
    0x00010858   0x00010858   0x000001d8   Code   RO         2250    .text.Wifi_Task     wifi.o
    0x00010a30   0x00010a30   0x000000ec   Code   RO         1357    .text._PrintUnsigned  segger_rtt_printf.o
    0x00010b1c   0x00010b1c   0x0000003c   Code   RO         1355    .text._StoreChar    segger_rtt_printf.o
    0x00010b58   0x00010b58   0x00000018   Code   RO         1579    .text.__NVIC_EnableIRQ  exti.o
    0x00010b70   0x00010b70   0x00000018   Code   RO         1737    .text.__NVIC_EnableIRQ  tim0.o
    0x00010b88   0x00010b88   0x00000018   Code   RO         1769    .text.__NVIC_EnableIRQ  tima.o
    0x00010ba0   0x00010ba0   0x00000018   Code   RO         1852    .text.__NVIC_EnableIRQ  uart0.o
    0x00010bb8   0x00010bb8   0x00000018   Code   RO         1912    .text.__NVIC_EnableIRQ  uart1.o
    0x00010bd0   0x00010bd0   0x0000001c   Code   RO         1969    .text.__NVIC_EnableIRQ  uart2.o
    0x00010bec   0x00010bec   0x00000024   Code   RO         2627    .text.__NVIC_SystemReset  update.o
    0x00010c10   0x00010c10   0x00000034   Code   RO         3388    .text.__rt_ffs      kservice.o
    0x00010c44   0x00010c44   0x00000068   Code   RO         3481    .text._rt_thread_init  thread.o
    0x00010cac   0x00010cac   0x00000018   Code   RO         1474    .text.cJSON_AddItemToArray  cjson.o
    0x00010cc4   0x00010cc4   0x0000002c   Code   RO         1476    .text.cJSON_AddItemToObject  cjson.o
    0x00010cf0   0x00010cf0   0x00000024   Code   RO         1510    .text.cJSON_CreateNumber  cjson.o
    0x00010d14   0x00010d14   0x0000000e   Code   RO         1516    .text.cJSON_CreateObject  cjson.o
    0x00010d22   0x00010d22   0x0000001c   Code   RO         1512    .text.cJSON_CreateString  cjson.o
    0x00010d3e   0x00010d3e   0x00000002   PAD
    0x00010d40   0x00010d40   0x00000040   Code   RO         1446    .text.cJSON_Delete  cjson.o
    0x00010d80   0x00010d80   0x0000001c   Code   RO         1470    .text.cJSON_GetObjectItem  cjson.o
    0x00010d9c   0x00010d9c   0x00000034   Code   RO         1444    .text.cJSON_InitHooks  cjson.o
    0x00010dd0   0x00010dd0   0x0000001c   Code   RO         1450    .text.cJSON_New_Item  cjson.o
    0x00010dec   0x00010dec   0x00000008   Code   RO         1456    .text.cJSON_Parse   cjson.o
    0x00010df4   0x00010df4   0x00000064   Code   RO         1448    .text.cJSON_ParseWithOpts  cjson.o
    0x00010e58   0x00010e58   0x0000000a   Code   RO         1462    .text.cJSON_PrintUnformatted  cjson.o
    0x00010e62   0x00010e62   0x0000003c   Code   RO         1472    .text.cJSON_strcasecmp  cjson.o
    0x00010e9e   0x00010e9e   0x00000002   PAD
    0x00010ea0   0x00010ea0   0x00000024   Code   RO         1478    .text.cJSON_strdup  cjson.o
    0x00010ec4   0x00010ec4   0x00000012   Code   RO         2855    .text.calc_checksum  log.o
    0x00010ed6   0x00010ed6   0x00000002   PAD
    0x00010ed8   0x00010ed8   0x00000074   Code   RO          413    .text.enIrqRegistration  hc32f46x_interrupts.o
    0x00010f4c   0x00010f4c   0x0000006c   Code   RO         1534    .text.ensure        cjson.o
    0x00010fb8   0x00010fb8   0x0000002c   Code   RO         2835    .text.err_code_bitmap_set  fault.o
    0x00010fe4   0x00010fe4   0x00000006   Code   RO            2    .text.main          main.o
    0x00010fea   0x00010fea   0x0000000e   Code   RO         3211    .text.main_thread_entry  components.o
    0x00010ff8   0x00010ff8   0x000000c4   Code   RO         1532    .text.parse_hex4    cjson.o
    0x000110bc   0x000110bc   0x00000190   Code   RO         1530    .text.parse_string  cjson.o
    0x0001124c   0x0001124c   0x00000360   Code   RO         1452    .text.parse_value   cjson.o
    0x000115ac   0x000115ac   0x00000050   Code   RO         3410    .text.plug_holes    mem.o
    0x000115fc   0x000115fc   0x000001e8   Code   RO         1540    .text.print_array   cjson.o
    0x000117e4   0x000117e4   0x0000015c   Code   RO         1536    .text.print_number  cjson.o
    0x00011940   0x00011940   0x0000016c   Code   RO         3372    .text.print_number  kservice.o
    0x00011aac   0x00011aac   0x000003a8   Code   RO         1542    .text.print_object  cjson.o
    0x00011e54   0x00011e54   0x00000006   Code   RO         1538    .text.print_string  cjson.o
    0x00011e5a   0x00011e5a   0x00000002   PAD
    0x00011e5c   0x00011e5c   0x00000198   Code   RO         1544    .text.print_string_ptr  cjson.o
    0x00011ff4   0x00011ff4   0x000000d0   Code   RO         1460    .text.print_value   cjson.o
    0x000120c4   0x000120c4   0x0000002c   Code   RO         3213    .text.rt_application_init  components.o
    0x000120f0   0x000120f0   0x00000018   Code   RO         3203    .text.rt_components_board_init  components.o
    0x00012108   0x00012108   0x0000001c   Code   RO         3205    .text.rt_components_init  components.o
    0x00012124   0x00012124   0x00000018   Code   RO         3462    .text.rt_enter_critical  scheduler.o
    0x0001213c   0x0001213c   0x00000038   Code   RO         3464    .text.rt_exit_critical  scheduler.o
    0x00012174   0x00012174   0x000000cc   Code   RO         3408    .text.rt_free       mem.o
    0x00012240   0x00012240   0x00000004   Code   RO         3550    .text.rt_heap_begin_get  board.o
    0x00012244   0x00012244   0x0000000c   Code   RO         3552    .text.rt_heap_end_get  board.o
    0x00012250   0x00012250   0x00000054   Code   RO         3554    .text.rt_hw_board_init  board.o
    0x000122a4   0x000122a4   0x00000010   Code   RO         3124    .text.rt_hw_console_output  finsh_realtimeterminal.o
    0x000122b4   0x000122b4   0x0000016c   Code   RO         3157    .text.rt_hw_hard_fault_exception  cpuport.o
    0x00012420   0x00012420   0x00000038   Code   RO         3153    .text.rt_hw_stack_init  cpuport.o
    0x00012458   0x00012458   0x00000018   Code   RO         3319    .text.rt_interrupt_enter  irq.o
    0x00012470   0x00012470   0x0000001c   Code   RO         3321    .text.rt_interrupt_leave  irq.o
    0x0001248c   0x0001248c   0x00000008   Code   RO         3263    .text.rt_ipc_list_resume  ipc.o
    0x00012494   0x00012494   0x00000028   Code   RO         3249    .text.rt_ipc_list_resume_all  ipc.o
    0x000124bc   0x000124bc   0x0000004e   Code   RO         3257    .text.rt_ipc_list_suspend  ipc.o
    0x0001250a   0x0001250a   0x00000002   PAD
    0x0001250c   0x0001250c   0x0000002c   Code   RO         3366    .text.rt_kprintf    kservice.o
    0x00012538   0x00012538   0x000000f4   Code   RO         3404    .text.rt_malloc     mem.o
    0x0001262c   0x0001262c   0x00000056   Code   RO         3342    .text.rt_memcpy     kservice.o
    0x00012682   0x00012682   0x00000042   Code   RO         3340    .text.rt_memset     kservice.o
    0x000126c4   0x000126c4   0x0000006c   Code   RO         3299    .text.rt_mq_create  ipc.o
    0x00012730   0x00012730   0x0000001a   Code   RO         3301    .text.rt_mq_delete  ipc.o
    0x0001274a   0x0001274a   0x00000102   Code   RO         3307    .text.rt_mq_recv    ipc.o
    0x0001284c   0x0001284c   0x0000007c   Code   RO         3303    .text.rt_mq_send    ipc.o
    0x000128c8   0x000128c8   0x00000028   Code   RO         3271    .text.rt_mutex_create  ipc.o
    0x000128f0   0x000128f0   0x0000008c   Code   RO         3277    .text.rt_mutex_release  ipc.o
    0x0001297c   0x0001297c   0x000000ae   Code   RO         3275    .text.rt_mutex_take  ipc.o
    0x00012a2a   0x00012a2a   0x00000050   Code   RO         3433    .text.rt_object_allocate  object.o
    0x00012a7a   0x00012a7a   0x0000002c   Code   RO         3435    .text.rt_object_delete  object.o
    0x00012aa6   0x00012aa6   0x00000024   Code   RO         3431    .text.rt_object_detach  object.o
    0x00012aca   0x00012aca   0x00000002   PAD
    0x00012acc   0x00012acc   0x00000028   Code   RO         3427    .text.rt_object_get_information  object.o
    0x00012af4   0x00012af4   0x0000004a   Code   RO         3429    .text.rt_object_init  object.o
    0x00012b3e   0x00012b3e   0x00000006   Code   RO         3437    .text.rt_object_is_systemobject  object.o
    0x00012b44   0x00012b44   0x00000050   Code   RO         3456    .text.rt_schedule   scheduler.o
    0x00012b94   0x00012b94   0x00000044   Code   RO         3458    .text.rt_schedule_insert_thread  scheduler.o
    0x00012bd8   0x00012bd8   0x00000040   Code   RO         3460    .text.rt_schedule_remove_thread  scheduler.o
    0x00012c18   0x00012c18   0x0000001e   Code   RO         3251    .text.rt_sem_create  ipc.o
    0x00012c36   0x00012c36   0x00000020   Code   RO         3245    .text.rt_sem_init   ipc.o
    0x00012c56   0x00012c56   0x00000034   Code   RO         3261    .text.rt_sem_release  ipc.o
    0x00012c8a   0x00012c8a   0x0000006e   Code   RO         3255    .text.rt_sem_take   ipc.o
    0x00012cf8   0x00012cf8   0x000000b0   Code   RO         3364    .text.rt_show_version  kservice.o
    0x00012da8   0x00012da8   0x00000018   Code   RO         3378    .text.rt_sprintf    kservice.o
    0x00012dc0   0x00012dc0   0x0000000e   Code   RO         3350    .text.rt_strlen     kservice.o
    0x00012dce   0x00012dce   0x0000002a   Code   RO         3354    .text.rt_strncpy    kservice.o
    0x00012df8   0x00012df8   0x000000b0   Code   RO         3402    .text.rt_system_heap_init  mem.o
    0x00012ea8   0x00012ea8   0x0000002c   Code   RO         3452    .text.rt_system_scheduler_init  scheduler.o
    0x00012ed4   0x00012ed4   0x00000024   Code   RO         3454    .text.rt_system_scheduler_start  scheduler.o
    0x00012ef8   0x00012ef8   0x00000010   Code   RO         3537    .text.rt_system_timer_init  timer.o
    0x00012f08   0x00012f08   0x00000002   Code   RO         3539    .text.rt_system_timer_thread_init  timer.o
    0x00012f0a   0x00012f0a   0x00000066   Code   RO         3505    .text.rt_thread_control  thread.o
    0x00012f70   0x00012f70   0x00000040   Code   RO         3491    .text.rt_thread_create  thread.o
    0x00012fb0   0x00012fb0   0x0000003c   Code   RO         3493    .text.rt_thread_delete  thread.o
    0x00012fec   0x00012fec   0x00000054   Code   RO         3477    .text.rt_thread_exit  thread.o
    0x00013040   0x00013040   0x00000006   Code   RO         3231    .text.rt_thread_idle_entry  idle.o
    0x00013046   0x00013046   0x00000002   PAD
    0x00013048   0x00013048   0x00000070   Code   RO         3227    .text.rt_thread_idle_excute  idle.o
    0x000130b8   0x000130b8   0x00000004   Code   RO         3233    .text.rt_thread_idle_gethandler  idle.o
    0x000130bc   0x000130bc   0x00000044   Code   RO         3229    .text.rt_thread_idle_init  idle.o
    0x00013100   0x00013100   0x0000002e   Code   RO         3479    .text.rt_thread_init  thread.o
    0x0001312e   0x0001312e   0x0000000e   Code   RO         3503    .text.rt_thread_mdelay  thread.o
    0x0001313c   0x0001313c   0x00000046   Code   RO         3487    .text.rt_thread_resume  thread.o
    0x00013182   0x00013182   0x00000002   PAD
    0x00013184   0x00013184   0x00000008   Code   RO         3483    .text.rt_thread_self  thread.o
    0x0001318c   0x0001318c   0x00000040   Code   RO         3497    .text.rt_thread_sleep  thread.o
    0x000131cc   0x000131cc   0x0000002c   Code   RO         3485    .text.rt_thread_startup  thread.o
    0x000131f8   0x000131f8   0x00000042   Code   RO         3499    .text.rt_thread_suspend  thread.o
    0x0001323a   0x0001323a   0x00000026   Code   RO         3507    .text.rt_thread_timeout  thread.o
    0x00013260   0x00013260   0x00000058   Code   RO         3495    .text.rt_thread_yield  thread.o
    0x000132b8   0x000132b8   0x00000026   Code   RO         3184    .text.rt_tick_from_millisecond  clock.o
    0x000132de   0x000132de   0x00000002   PAD
    0x000132e0   0x000132e0   0x00000008   Code   RO         3178    .text.rt_tick_get   clock.o
    0x000132e8   0x000132e8   0x0000002c   Code   RO         3182    .text.rt_tick_increase  clock.o
    0x00013314   0x00013314   0x00000068   Code   RO         3533    .text.rt_timer_check  timer.o
    0x0001337c   0x0001337c   0x0000002c   Code   RO         3531    .text.rt_timer_control  timer.o
    0x000133a8   0x000133a8   0x00000028   Code   RO         3521    .text.rt_timer_detach  timer.o
    0x000133d0   0x000133d0   0x0000002e   Code   RO         3519    .text.rt_timer_init  timer.o
    0x000133fe   0x000133fe   0x00000002   PAD
    0x00013400   0x00013400   0x00000098   Code   RO         3527    .text.rt_timer_start  timer.o
    0x00013498   0x00013498   0x00000038   Code   RO         3529    .text.rt_timer_stop  timer.o
    0x000134d0   0x000134d0   0x00000290   Code   RO         3368    .text.rt_vsnprintf  kservice.o
    0x00013760   0x00013760   0x0000000c   Code   RO         3376    .text.rt_vsprintf   kservice.o
    0x0001376c   0x0001376c   0x00000004   Code   RO         3199    .text.rti_board_end  components.o
    0x00013770   0x00013770   0x00000004   Code   RO         3197    .text.rti_board_start  components.o
    0x00013774   0x00013774   0x00000004   Code   RO         3201    .text.rti_end       components.o
    0x00013778   0x00013778   0x00000004   Code   RO         3195    .text.rti_start     components.o
    0x0001377c   0x0001377c   0x0000002a   Code   RO         3209    .text.rtthread_startup  components.o
    0x000137a6   0x000137a6   0x00000002   PAD
    0x000137a8   0x000137a8   0x00000130   Code   RO         1629    .text.sADC_Init     sadc.o
    0x000138d8   0x000138d8   0x00000010   Code   RO         1454    .text.skip          cjson.o
    0x000138e8   0x000138e8   0x00000024   Code   RO         3370    .text.skip_atoi     kservice.o
    0x0001390c   0x0001390c   0x0000009c   Code   RO         2454    .text.tester_protocol_parse  commtester_rx_byte.o
    0x000139a8   0x000139a8   0x00000054   Code   RO         3101    .text.thread_wifi_entry  thread_wifi.o
    0x000139fc   0x000139fc   0x00000018   Code   RO         1546    .text.update        cjson.o
    0x00013a14   0x00013a14   0x00000028   Code   RO         2859    .text.user_err_code_default  log.o
    0x00013a3c   0x00013a3c   0x00000028   Code   RO         2857    .text.user_work_log_default  log.o
    0x00013a64   0x00013a64   0x00000028   Code   RO         3872    i.__0sprintf        mc_w.l(printfa.o)
    0x00013a8c   0x00013a8c   0x00000028   Code   RO         3988    i.__ARM_fpclassify  m_ws.l(fpclassify.o)
    0x00013ab4   0x00013ab4   0x000000aa   Code   RO         3990    i.__kernel_poly     m_ws.l(poly.o)
    0x00013b5e   0x00013b5e   0x00000002   PAD
    0x00013b60   0x00013b60   0x00000010   Code   RO         3974    i.__mathlib_dbl_divzero  m_ws.l(dunder.o)
    0x00013b70   0x00013b70   0x00000004   Code   RO         3976    i.__mathlib_dbl_infnan2  m_ws.l(dunder.o)
    0x00013b74   0x00013b74   0x0000000c   Code   RO         3977    i.__mathlib_dbl_invalid  m_ws.l(dunder.o)
    0x00013b80   0x00013b80   0x0000000e   Code   RO         3978    i.__mathlib_dbl_overflow  m_ws.l(dunder.o)
    0x00013b8e   0x00013b8e   0x00000002   PAD
    0x00013b90   0x00013b90   0x00000010   Code   RO         3980    i.__mathlib_dbl_underflow  m_ws.l(dunder.o)
    0x00013ba0   0x00013ba0   0x0000000e   Code   RO         4056    i.__scatterload_copy  mc_w.l(handlers.o)
    0x00013bae   0x00013bae   0x00000002   Code   RO         4057    i.__scatterload_null  mc_w.l(handlers.o)
    0x00013bb0   0x00013bb0   0x0000000e   Code   RO         4058    i.__scatterload_zeroinit  mc_w.l(handlers.o)
    0x00013bbe   0x00013bbe   0x00000002   PAD
    0x00013bc0   0x00013bc0   0x0000000c   Code   RO         4030    i.__set_errno       mc_w.l(errno.o)
    0x00013bcc   0x00013bcc   0x00000184   Code   RO         3877    i._fp_digits        mc_w.l(printfa.o)
    0x00013d50   0x00013d50   0x000006dc   Code   RO         3878    i._printf_core      mc_w.l(printfa.o)
    0x0001442c   0x0001442c   0x00000024   Code   RO         3879    i._printf_post_padding  mc_w.l(printfa.o)
    0x00014450   0x00014450   0x0000002e   Code   RO         3880    i._printf_pre_padding  mc_w.l(printfa.o)
    0x0001447e   0x0001447e   0x0000000a   Code   RO         3882    i._sputc            mc_w.l(printfa.o)
    0x00014488   0x00014488   0x000000dc   Code   RO         3567    i.floor             m_ws.l(floor.o)
    0x00014564   0x00014564   0x00000050   Code   RO         3898    i.free              mc_w.l(malloc.o)
    0x000145b4   0x000145b4   0x0000006c   Code   RO         3899    i.malloc            mc_w.l(malloc.o)
    0x00014620   0x00014620   0x000009d8   Code   RO         3571    i.pow               m_ws.l(pow.o)
    0x00014ff8   0x00014ff8   0x0000004c   Code   RO         3994    i.sqrt              m_ws.l(sqrt.o)
    0x00015044   0x00015044   0x00000004   PAD
    0x00015048   0x00015048   0x00000088   Data   RO         3572    .constdata          m_ws.l(pow.o)
    0x000150d0   0x000150d0   0x00000081   Data   RO         3588    .constdata          mc_w.l(ctype_o.o)
    0x00015151   0x00015151   0x00000003   PAD
    0x00015154   0x00015154   0x00000004   Data   RO         3589    .constdata          mc_w.l(ctype_o.o)
    0x00015158   0x00015158   0x00000008   Data   RO         3992    .constdata          m_ws.l(qnan.o)
    0x00015160   0x00015160   0x00000009   Data   RO         1860    .rodata..L__const.UART0_Init.stcInitCfg  uart0.o
    0x00015169   0x00015169   0x00000003   PAD
    0x0001516c   0x0001516c   0x00000013   Data   RO         1899    .rodata..L__const.UART0_Tx_Task.Tx_buf  uart0_tx.o
    0x0001517f   0x0001517f   0x00000001   PAD
    0x00015180   0x00015180   0x00000009   Data   RO         1922    .rodata..L__const.UART1_Init.stcInitCfg  uart1.o
    0x00015189   0x00015189   0x00000003   PAD
    0x0001518c   0x0001518c   0x00000009   Data   RO         1977    .rodata..L__const.UART2_Init.stcInitCfg  uart2.o
    0x00015195   0x00015195   0x00000011   Data   RO         1426    .rodata.Ascii_Num   func_string.o
    0x000151a6   0x000151a6   0x00000100   Data   RO         1434    .rodata.Crc8_Table  crc8.o
    0x000152a6   0x000152a6   0x00000008   Data   RO         2283    .rodata.Str_BleData  wifi_string.o
    0x000152ae   0x000152ae   0x00000005   Data   RO         2295    .rodata.Str_Boot    wifi_string.o
    0x000152b3   0x000152b3   0x00000004   Data   RO         2286    .rodata.Str_CtrlFromTool  wifi_string.o
    0x000152b7   0x000152b7   0x0000000a   Data   RO         2294    .rodata.Str_DataWatch  wifi_string.o
    0x000152c1   0x000152c1   0x0000000d   Data   RO         2281    .rodata.Str_FactoryReset  wifi_string.o
    0x000152ce   0x000152ce   0x00000004   Data   RO         2289    .rodata.Str_GetAllVersion  wifi_string.o
    0x000152d2   0x000152d2   0x0000000e   Data   RO         2276    .rodata.Str_GetCredential  wifi_string.o
    0x000152e0   0x000152e0   0x00000004   Data   RO         2285    .rodata.Str_GetCtrlInfo  wifi_string.o
    0x000152e4   0x000152e4   0x0000000d   Data   RO         2282    .rodata.Str_GetDeviceCap  wifi_string.o
    0x000152f1   0x000152f1   0x00000011   Data   RO         2279    .rodata.Str_GetIOTConnStatus  wifi_string.o
    0x00015302   0x00015302   0x0000000c   Data   RO         2297    .rodata.Str_GetKeyState  wifi_string.o
    0x0001530e   0x0001530e   0x0000000c   Data   RO         2278    .rodata.Str_GetWIFIStat  wifi_string.o
    0x0001531a   0x0001531a   0x00000009   Data   RO         2275    .rodata.Str_GetWKVer  wifi_string.o
    0x00015323   0x00015323   0x00000007   Data   RO         2287    .rodata.Str_LogAdd  wifi_string.o
    0x0001532a   0x0001532a   0x00000001   Data   RO         2262    .rodata.Str_NULL    wifi_string.o
    0x0001532b   0x0001532b   0x00000008   Data   RO         2284    .rodata.Str_SendBle  wifi_string.o
    0x00015333   0x00015333   0x0000000c   Data   RO         2298    .rodata.Str_SetLEDState  wifi_string.o
    0x0001533f   0x0001533f   0x0000000b   Data   RO         2277    .rodata.Str_SetWifiCfg  wifi_string.o
    0x0001534a   0x0001534a   0x00000008   Data   RO         2195    .rodata.Str_Version  panelanalyze.o
    0x00015352   0x00015352   0x00000004   Data   RO         2288    .rodata.Str_WifiPairSuccess  wifi_string.o
    0x00015356   0x00015356   0x00000005   Data   RO         2269    .rodata.Str_conn    wifi_string.o
    0x0001535b   0x0001535b   0x00000004   Data   RO         2273    .rodata.Str_did     wifi_string.o
    0x0001535f   0x0001535f   0x00000003   Data   RO         2274    .rodata.Str_lb      wifi_string.o
    0x00015362   0x00015362   0x00000005   Data   RO         2270    .rodata.Str_name    wifi_string.o
    0x00015367   0x00015367   0x00000003   Data   RO         2264    .rodata.Str_ok      wifi_string.o
    0x0001536a   0x0001536a   0x00000002   Data   RO         2268    .rodata.Str_p       wifi_string.o
    0x0001536c   0x0001536c   0x00000004   Data   RO         2263    .rodata.Str_ret     wifi_string.o
    0x00015370   0x00015370   0x00000002   Data   RO         2267    .rodata.Str_s       wifi_string.o
    0x00015372   0x00015372   0x00000003   Data   RO         2265    .rodata.Str_sc      wifi_string.o
    0x00015375   0x00015375   0x00000003   Data   RO         2266    .rodata.Str_st      wifi_string.o
    0x00015378   0x00015378   0x00000005   Data   RO         2271    .rodata.Str_type    wifi_string.o
    0x0001537d   0x0001537d   0x00000004   Data   RO         2272    .rodata.Str_ver     wifi_string.o
    0x00015381   0x00015381   0x00000100   Data   RO         3393    .rodata.__lowest_bit_bitmap  kservice.o
    0x00015481   0x00015481   0x00000009   Data   RO         1342    .rodata.str1.1      segger_rtt.o
    0x0001548a   0x0001548a   0x00000010   Data   RO         1549    .rodata.str1.1      cjson.o
    0x0001549a   0x0001549a   0x00000032   Data   RO         2103    .rodata.str1.1      key.o
    0x000154cc   0x000154cc   0x0000002a   Data   RO         2697    .rodata.str1.1      tds.o
    0x000154f6   0x000154f6   0x0000018a   Data   RO         2871    .rodata.str1.1      log.o
    0x00015680   0x00015680   0x0000002e   Data   RO         2992    .rodata.str1.1      selfclean.o
    0x000156ae   0x000156ae   0x00000043   Data   RO         3075    .rodata.str1.1      user.o
    0x000156f1   0x000156f1   0x00000093   Data   RO         3164    .rodata.str1.1      cpuport.o
    0x00015784   0x00015784   0x00000007   Data   RO         3391    .rodata.str1.1      kservice.o
    0x0001578b   0x0001578b   0x00000001   PAD
    0x0001578c   0x0001578c   0x00000004   Data   RO         3215    .rti_fn.0           components.o
    0x00015790   0x00015790   0x00000004   Data   RO         3216    .rti_fn.0.end       components.o
    0x00015794   0x00015794   0x00000004   Data   RO         3217    .rti_fn.1.end       components.o
    0x00015798   0x00015798   0x00000004   Data   RO         3218    .rti_fn.6.end       components.o
    0x0001579c   0x0001579c   0x00000020   Data   RO         4055    Region$$Table       anon$$obj.o


    Execution Region RW_IRAM1 (Exec base: 0x1fff8000, Load base: 0x000157c0, Size: 0x00009708, Max: 0x0002f000, ABSOLUTE, COMPRESSED[0x00000488])

    Exec Addr    Load Addr    Size         Type   Attr      Idx    E Section Name        Object

    0x1fff8000   COMPRESSED   0x00000004   Data   RW         4026    .data               mc_w.l(mvars.o)
    0x1fff8004   COMPRESSED   0x00000004   Data   RW         4027    .data               mc_w.l(mvars.o)
    0x1fff8008   COMPRESSED   0x00000004   Data   RW         4031    .data               mc_w.l(errno.o)
    0x1fff800c   COMPRESSED   0x00000008   Data   RW           24    .data..L_MergedGlobals  system_hc32f46x.o
    0x1fff8014   COMPRESSED   0x00000008   Data   RW         1550    .data..L_MergedGlobals  cjson.o
    0x1fff801c   COMPRESSED   0x00000020   Data   RW         3019    .data.BoilPoint     boilpoint.o
    0x1fff803c   COMPRESSED   0x00000001   Data   RW         3052    .data.Heat_Enable   heat.o
    0x1fff803d   COMPRESSED   0x00000003   PAD
    0x1fff8040   COMPRESSED   0x0000001c   Data   RW         3137    .data.Interval      interval.o
    0x1fff805c   COMPRESSED   0x00000008   Data   RW         2117    .data.LED           led.o
    0x1fff8064   COMPRESSED   0x00000208   Data   RW         2733    .data.PR2_Table     ntc.o
    0x1fff826c   COMPRESSED   0x00000208   Data   RW         2734    .data.PR3_Table     ntc.o
    0x1fff8474   COMPRESSED   0x00000004   Data   RW         3077    .data.SetDrainageTime  user.o
    0x1fff8478   COMPRESSED   0x00000001   Data   RW         3042    .data.SupplyEnd     supplywater.o
    0x1fff8479   COMPRESSED   0x00000001   PAD
    0x1fff847a   COMPRESSED   0x00000808   Data   RW         1956    .data.UART1_Tx      uart1_tx.o
    0x1fff8c82   COMPRESSED   0x00000108   Data   RW         2014    .data.UART2_Tx      uart2_tx.o
    0x1fff8d8a   COMPRESSED   0x0000080a   Data   RW         2074    .data.UART3_Tx      uart3_tx.o
    0x1fff9594   COMPRESSED   0x00000004   Data   RW         3076    .data.UseWaterCtr.Stop_tick  user.o
    0x1fff9598   COMPRESSED   0x00000050   Data   RW         2746    .data.WaterFlow     waterflow.o
    0x1fff95e8   COMPRESSED   0x0000083c   Data   RW         2312    .data.WifiRx        wifirx.o
    0x1fff9e24   COMPRESSED   0x00000206   Data   RW         2384    .data.WifiTx        wifitx.o
    0x1fffa02a   COMPRESSED   0x00000002   PAD
    0x1fffa02c   COMPRESSED   0x00000024   Data   RW         2955    .data.Work_Para     app.o
    0x1fffa050   COMPRESSED   0x00000078   Data   RW         1341    .data._SEGGER_RTT   segger_rtt.o
    0x1fffa0c8   COMPRESSED   0x00000060   Data   RW         3443    .data.rt_object_container  object.o
    0x1fffa128   COMPRESSED   0x0000000a   Data   RW         2787    .data.water_flow_pluse  motor.o
    0x1fffa132   COMPRESSED   0x00000006   PAD
    0x1fffa138        -       0x0000002c   Zero   RW         1672    .bss..L_MergedGlobals  sflash.o
    0x1fffa164        -       0x00000020   Zero   RW         1875    .bss..L_MergedGlobals  uart0_rx.o
    0x1fffa184        -       0x00000018   Zero   RW         2107    .bss..L_MergedGlobals  key.o
    0x1fffa19c        -       0x00000010   Zero   RW         2129    .bss..L_MergedGlobals  panel.o
    0x1fffa1ac        -       0x00000074   Zero   RW         2647    .bss..L_MergedGlobals  updateota.o
    0x1fffa220        -       0x0000000e   Zero   RW         2735    .bss..L_MergedGlobals  ntc.o
    0x1fffa22e   COMPRESSED   0x00000002   PAD
    0x1fffa230        -       0x00000054   Zero   RW         2770    .bss..L_MergedGlobals  pump.o
    0x1fffa284        -       0x0000000b   Zero   RW         2956    .bss..L_MergedGlobals  app.o
    0x1fffa28f   COMPRESSED   0x00000001   PAD
    0x1fffa290        -       0x00000008   Zero   RW         3043    .bss..L_MergedGlobals  supplywater.o
    0x1fffa298        -       0x00000046   Zero   RW         3078    .bss..L_MergedGlobals  user.o
    0x1fffa2de   COMPRESSED   0x00000002   PAD
    0x1fffa2e0        -       0x0000000c   Zero   RW         3092    .bss..L_MergedGlobals  usermain.o
    0x1fffa2ec        -       0x00000038   Zero   RW         3416    .bss..L_MergedGlobals  mem.o
    0x1fffa324        -       0x00000054   Zero   RW         3468    .bss..L_MergedGlobals  scheduler.o
    0x1fffa378        -       0x0000000c   Zero   RW         3541    .bss..L_MergedGlobals  timer.o
    0x1fffa384        -       0x00000008   Zero   RW         2954    .bss.App            app.o
    0x1fffa38c        -       0x00000420   Zero   RW         2457    .bss.BLE_CommTester_Rx  commtester_rx_byte.o
    0x1fffa7ac        -       0x00000420   Zero   RW         2456    .bss.CommTester_Rx  commtester_rx_byte.o
    0x1fffabcc        -       0x00000106   Zero   RW         2490    .bss.CommTester_Tx  commtester_tx_frame.o
    0x1fffacd2        -       0x00000003   Zero   RW         2437    .bss.Comm_Tester    commtester.o
    0x1fffacd5        -       0x00000001   Zero   RW         3073    .bss.Demand_Temerature  user.o
    0x1fffacd6        -       0x00000006   Zero   RW         2843    .bss.ErrorBitMap_Value  fault.o
    0x1fffacdc        -       0x0000000c   Zero   RW         2993    .bss.FilterClean    selfclean.o
    0x1ffface8        -       0x0000000c   Zero   RW         2106    .bss.FilterRst_KEY  key.o
    0x1fffacf4        -       0x0000000c   Zero   RW         2715    .bss.Heat           linecross.o
    0x1fffad00        -       0x00000200   Zero   RW          701    .bss.IrqHandler     hc32f46x_interrupts.o
    0x1fffaf00        -       0x0000000c   Zero   RW         2104    .bss.Level_Socket   key.o
    0x1fffaf0c        -       0x00000003   Zero   RW         2714    .bss.Linecross      linecross.o
    0x1fffaf0f   COMPRESSED   0x00000001   PAD
    0x1fffaf10        -       0x00000138   Zero   RW         2870    .bss.Log_Ctrl       log.o
    0x1fffb048        -       0x00000094   Zero   RW         2869    .bss.Log_Data       log.o
    0x1fffb0dc        -       0x00000004   Zero   RW         2872    .bss.Log_Save_Task.tick  log.o
    0x1fffb0e0        -       0x0000000c   Zero   RW         1621    .bss.Mcu            mcu.o
    0x1fffb0ec        -       0x00000010   Zero   RW         3030    .bss.MixWater       warmwater.o
    0x1fffb0fc        -       0x00000010   Zero   RW         2788    .bss.Motor          motor.o
    0x1fffb10c        -       0x00000a38   Zero   RW         2128    .bss.Panel          panel.o
    0x1fffbb44        -       0x0000000a   Zero   RW         2221    .bss.Panel_Version  panelanalyze.o
    0x1fffbb4e        -       0x00000004   Zero   RW         2885    .bss.Parameter      parameter.o
    0x1fffbb52   COMPRESSED   0x00000002   PAD
    0x1fffbb54        -       0x00000020   Zero   RW         2769    .bss.PressurePump   pump.o
    0x1fffbb74        -       0x00000098   Zero   RW         2695    .bss.PureTDS        tds.o
    0x1fffbc0c        -       0x00000002   Zero   RW         2994    .bss.PureWaterBack.tick  selfclean.o
    0x1fffbc0e   COMPRESSED   0x00000002   PAD
    0x1fffbc10        -       0x00000098   Zero   RW         2694    .bss.SourceTDS      tds.o
    0x1fffbca8        -       0x00000004   Zero   RW         2991    .bss.StrongRinse_Task.clean_tick  selfclean.o
    0x1fffbcac        -       0x00000001   Zero   RW         2696    .bss.TDS_Calculate_Flag  tds.o
    0x1fffbcad   COMPRESSED   0x00000001   PAD
    0x1fffbcae        -       0x0000050a   Zero   RW         1898    .bss.UART0_Tx       uart0_tx.o
    0x1fffc1b8        -       0x00000806   Zero   RW         1935    .bss.UART1_Rx       uart1_rx.o
    0x1fffc9be        -       0x00000808   Zero   RW         2049    .bss.UART3_Rx       uart3_rx.o
    0x1fffd1c6   COMPRESSED   0x00000002   PAD
    0x1fffd1c8        -       0x00000254   Zero   RW         2646    .bss.UpdataOta_RxFrame  updateota.o
    0x1fffd41c        -       0x00000044   Zero   RW         2629    .bss.Update_Info    update.o
    0x1fffd460        -       0x0000000e   Zero   RW         2679    .bss.WaterLevel_Inf  waterlevel.o
    0x1fffd46e        -       0x00000002   Zero   RW         2747    .bss.Water_Flow_Cal.tick  waterflow.o
    0x1fffd470        -       0x000000d4   Zero   RW         2252    .bss.Wifi           wifi.o
    0x1fffd544        -       0x0000000c   Zero   RW         3009    .bss.WifiPair       wifipair.o
    0x1fffd550        -       0x00000020   Zero   RW         2397    .bss.Wifi_Str       wifitx_fp.o
    0x1fffd570        -       0x00000010   Zero   RW         1344    .bss._acDownBuffer  segger_rtt.o
    0x1fffd580        -       0x00000400   Zero   RW         1343    .bss._acUpBuffer    segger_rtt.o
    0x1fffd980        -       0x00000400   Zero   RW         1670    .bss.buf            sflash.o
    0x1fffdd80        -       0x00000004   Zero   RW         1548    .bss.ep             cjson.o
    0x1fffdd84        -       0x00000080   Zero   RW         3235    .bss.idle           idle.o
    0x1fffde04        -       0x00000010   Zero   RW         3104    .bss.mqRecv_MmiSend  thread_wifi.o
    0x1fffde14        -       0x00000004   Zero   RW          277    .bss.pfnNmiCallback  hc32f46x_exint_nmi_swi.o
    0x1fffde18        -       0x00000004   Zero   RW         3163    .bss.rt_exception_hook  cpuport.o
    0x1fffde1c        -       0x00003000   Zero   RW         3558    .bss.rt_heap        board.o
    0x20000e1c        -       0x00000004   Zero   RW         3165    .bss.rt_interrupt_from_thread  cpuport.o
    0x20000e20        -       0x00000001   Zero   RW         3325    .bss.rt_interrupt_nest  irq.o
    0x20000e21   COMPRESSED   0x00000003   PAD
    0x20000e24        -       0x00000004   Zero   RW         3166    .bss.rt_interrupt_to_thread  cpuport.o
    0x20000e28        -       0x00000080   Zero   RW         3392    .bss.rt_kprintf.rt_log_buf  kservice.o
    0x20000ea8        -       0x00000100   Zero   RW         3236    .bss.rt_thread_stack  idle.o
    0x20000fa8        -       0x00000004   Zero   RW         3167    .bss.rt_thread_switch_interrupt_flag  cpuport.o
    0x20000fac        -       0x00000004   Zero   RW         3186    .bss.rt_tick        clock.o
    0x20000fb0        -       0x00000152   Zero   RW         1639    .bss.sADC           sadc.o
    0x20001102   COMPRESSED   0x00000002   PAD
    0x20001104        -       0x00000004   Zero   RW         3103    .bss.thread_wifi    thread_wifi.o
    0x20001108        -       0x00000200   Zero   RW           11    HEAP                startup_hc32f46x.o
    0x20001308        -       0x00000400   Zero   RW           10    STACK               startup_hc32f46x.o


==============================================================================

Image component sizes


      Code (inc. data)   RO Data    RW Data    ZI Data      Debug   Object Name

       388         36          0         36         19       3126   app.o
       118         16          0          0      12288       1301   board.o
      1336        172          0         32          0       3055   boilpoint.o
       372         28          0          0          0       6117   bsp.o
      4534        190         16          8          4      27297   cjson.o
        90          4          0          0          4       2572   clock.o
        14          0          0          0          3        775   commtester.o
       340         20          0          0       2112       3124   commtester_rx_byte.o
       700        124          0          0          0       2150   commtester_rx_frame.o
       656        118          0          0          0       2246   commtester_tx.o
       148         12          0          0        262       1382   commtester_tx_frame.o
       178         24         16          0          0       3090   components.o
       244         26          0          0          0        836   context_rvds.o
       420        208        147          0         16       2841   cpuport.o
        32          4        256          0          0        956   crc8.o
        66          0          0          0          0        630   drv.o
      1012         92          0          0          0      21727   exti.o
       116          8          0          0          6       1413   fault.o
        16          4          0          0          0        540   finsh_realtimeterminal.o
        90          0          0          0          0       3112   func_hex.o
        10          0          0          0          0       2361   func_null.o
         0          0         17          0          0        446   func_string.o
       328          0          0          0          0      34846   hc32f46x_adc.o
      1080         62          0          0          0      34812   hc32f46x_clk.o
       296         20          0          0          0      12209   hc32f46x_efm.o
       100         12          0          0          4      19928   hc32f46x_exint_nmi_swi.o
       452         24          0          0          0      24346   hc32f46x_gpio.o
      1960        268          0          0        512      39799   hc32f46x_interrupts.o
        72         12          0          0          0      55343   hc32f46x_pwc.o
        24          4          0          0          0       2368   hc32f46x_swdt.o
       718          8          0          0          0      24971   hc32f46x_timer0.o
       912         28          0          0          0      38935   hc32f46x_timera.o
      1454         92          0          0          0      28922   hc32f46x_usart.o
       152         20          0          1          0       1264   heat.o
       190         24          0          0        384       2943   idle.o
       120         12          0         28          0       2962   interval.o
       430         12          0          0          0       2469   io.o
      1220          4          0          0          0      16723   ipc.o
        52          4          0          0          1       1021   irq.o
       318         80         50          0         48       2608   key.o
      1572        202        263          0        128      13498   kservice.o
        68          8          0          8          0        816   led.o
       472         64          0          0         15       2089   linecross.o
      1170        320        394          0        464       4106   log.o
         6          0          0          0          0        452   main.o
       150          8          0          0         12       2939   mcu.o
       704        160          0          0         56       4575   mem.o
       596         56          0         10         16       2391   motor.o
       680        132          0       1040         14       3217   ntc.o
       280          4          0         96          0       4903   object.o
       336         18          0          0       2632       2058   panel.o
       216         12          8          0         10       9061   panelanalyze.o
        76         24          0          0          4       1657   parameter.o
       146          4          0          0          0       2269   parameter_maxmodetype.o
       158          4          0          0          0       2263   parameter_toolconfig.o
       348         32          0          0          0       2808   parameter_toolsn.o
       234         20          0          0          0       2553   parameter_wifitype.o
       888        136          0          0        116       9328   pump.o
       772         36          0          0        338      20155   sadc.o
       372         12          0          0         84       4643   scheduler.o
       160          4          9        120       1040       4104   segger_rtt.o
       992         36          0          0          0       5103   segger_rtt_printf.o
      1248        176         46          0         18       3230   selfclean.o
       232          8          0          0       1068       3218   sflash.o
        88         20        640          0       1536        816   startup_hc32f46x.o
       344         64          0          1          8       1917   supplywater.o
       140         30          0          8          0      13829   system_hc32f46x.o
      2524        564         42          0        305       5326   tds.o
       852         16          0          0          0       8695   thread.o
       136         28          0          0         20       2357   thread_wifi.o
       686         60          0          0          0      19810   tim0.o
       726         72          0          0          0      24880   tima.o
       460         16          0          0         12       7523   timer.o
       518         56          9          0          0      17986   uart0.o
       814        188          0          0         32       2616   uart0_rx.o
       416         50         19          0       1290       5135   uart0_tx.o
       496         44          9          0          0      18047   uart1.o
       116          4          0          0       2054       1230   uart1_rx.o
       204          8          0       2056          0       4422   uart1_tx.o
       494         52          9          0          0      17936   uart2.o
         6          0          0          0          0        872   uart2_rx.o
       196          8          0        264          0       4705   uart2_tx.o
        14          0          0          0          0      17984   uart3.o
        64          8          0          0       2056       1258   uart3_rx.o
        60          8          0       2058          0       4819   uart3_tx.o
       504        128          0          0         68       2655   update.o
       248         12          0          0        712       2685   updateota.o
         2          0          0          0          0       2591   updateotamcu.o
      2558        218         67          8         71       5687   user.o
       232         96          0          0         12       3021   usermain.o
        52          4          0          0          0       1082   userstate_goto.o
       780         48          0          0         16       2432   warmwater.o
       468         52          0         80          2       3644   waterflow.o
       896         50          0          0         14       3468   waterlevel.o
         8          0          0          0          0        551   wdg.o
       612         66          0          0        212       3321   wifi.o
         0          0        211          0          0       1739   wifi_string.o
         0          0          0          0         12       1361   wifipair.o
       240          4          0       2108          0       2233   wifirx.o
        32          0          0          0          0        829   wifirx_fpm.o
       552        108          0          0          0       2066   wifirx_fpp.o
       100         32          0          0          0        884   wifirx_fpq.o
        44          8          0          0          0        438   wifirx_fpqb.o
       472        140          0          0          0       1894   wifirx_fr.o
       368         20          0          0          0       1018   wifirx_mmi_analyize.o
        60         12          0        518          0       1908   wifitx.o
       880        180          0          0         32       2008   wifitx_fp.o
       800         24          0          0          0       1677   wifitx_fpb.o
       180          4          0          0          0       1366   wifitx_fr.o

    ----------------------------------------------------------------------
     52136       5750       2268       8488      30164     781723   Object Totals
         0          0         32          0          0          0   (incl. Generated)
        60          0          8          8         22          0   (incl. Padding)

    ----------------------------------------------------------------------

      Code (inc. data)   RO Data    RW Data    ZI Data      Debug   Library Member Name

        62         10          0          0          0        340   dunder.o
       220         16          0          0          0         84   floor.o
        40          0          0          0          0         68   fpclassify.o
       170          0          0          0          0         96   poly.o
      2520        190        136          0          0        324   pow.o
         0          0          8          0          0          0   qnan.o
        76          0          0          0          0         84   sqrt.o
        58          0          0          0          0          0   __dczerorl.o
         8          4        133          0          0         68   ctype_o.o
         0          0          0          0          0          0   entry.o
         0          0          0          0          0          0   entry10a.o
         0          0          0          0          0          0   entry11a.o
         8          4          0          0          0          0   entry2.o
         4          0          0          0          0          0   entry5.o
         0          0          0          0          0          0   entry7b.o
         0          0          0          0          0          0   entry8b.o
         8          4          0          0          0          0   entry9a.o
        12          6          0          4          0         68   errno.o
        30          0          0          0          0          0   handlers.o
        36          8          0          0          0         68   init.o
         0          0          0          0          0          0   iusefp.o
        30          0          0          0          0         68   llshl.o
        36          0          0          0          0         68   llsshr.o
        32          0          0          0          0         68   llushr.o
       188         20          0          0          0        160   malloc.o
        20          0          0          0          0         68   memchr.o
        26          0          0          0          0         80   memcmp.o
        36          0          0          0          0         68   memcpya.o
        36          0          0          0          0        108   memseta.o
         0          0          0          8          0          0   mvars.o
      2276         86          0          0          0        520   printfa.o
        28          0          0          0          0         76   strcmp.o
        18          0          0          0          0         68   strcpy.o
        14          0          0          0          0         68   strlen.o
        30          0          0          0          0         80   strncmp.o
        24          0          0          0          0         76   strncpy.o
        12          0          0          0          0         68   tolower.o
        44          0          0          0          0         80   uidiv.o
        98          0          0          0          0         92   uldiv.o
        48          0          0          0          0         68   cdrcmple.o
        56          0          0          0          0         88   d2f.o
       334          0          0          0          0        148   dadd.o
        56          0          0          0          0         80   dcmpeq.o
        54          0          0          0          0         80   dcmpge.o
        54          0          0          0          0         80   dcmpgt.o
        54          0          0          0          0         80   dcmple.o
        54          0          0          0          0         80   dcmplt.o
       222          0          0          0          0        100   ddiv.o
       186          0          0          0          0        176   depilogue.o
        62          0          0          0          0         80   dfixi.o
        50          0          0          0          0         76   dfixui.o
        48          0          0          0          0         68   dfixul.o
        34          0          0          0          0         76   dflti.o
        26          0          0          0          0         76   dfltui.o
       228          0          0          0          0         96   dmul.o
        46          0          0          0          0         80   dscalb.o
       162          0          0          0          0        100   dsqrt.o
        38          0          0          0          0         68   f2d.o
       176          0          0          0          0        140   fadd.o
        28          0          0          0          0         68   fcmpgt.o
        28          0          0          0          0         68   fcmple.o
        28          0          0          0          0         68   fcmplt.o
       124          0          0          0          0         88   fdiv.o
       110          0          0          0          0        168   fepilogue.o
        50          0          0          0          0         68   ffixi.o
        40          0          0          0          0         68   ffixui.o
        18          0          0          0          0         68   fflti.o
        10          0          0          0          0         68   ffltui.o
       100          0          0          0          0         76   fmul.o

    ----------------------------------------------------------------------
      8736        348        280         12          0       5664   Library Totals
        12          0          3          0          0          0   (incl. Padding)

    ----------------------------------------------------------------------

      Code (inc. data)   RO Data    RW Data    ZI Data      Debug   Library Name

      3088        216        144          0          0        996   m_ws.l
      3112        132        133         12          0       2020   mc_w.l
      2524          0          0          0          0       2648   mf_w.l

    ----------------------------------------------------------------------
      8736        348        280         12          0       5664   Library Totals

    ----------------------------------------------------------------------

==============================================================================


      Code (inc. data)   RO Data    RW Data    ZI Data      Debug   

     60872       6098       2548       8500      30164     782695   Grand Totals
     60872       6098       2548       1160      30164     782695   ELF Image Totals (compressed)
     60872       6098       2548       1160          0          0   ROM Totals

==============================================================================

    Total RO  Size (Code + RO Data)                63420 (  61.93kB)
    Total RW  Size (RW Data + ZI Data)             38664 (  37.76kB)
    Total ROM Size (Code + RO Data + RW Data)      64580 (  63.07kB)

==============================================================================

