<html>
<body>
<pre>
<h1>µVision Build Log</h1>
<h2>Tool Versions:</h2>
IDE-Version: ¦ÌVision V5.30.0.0
Copyright (C) 2020 ARM Ltd and ARM Germany GmbH. All rights reserved.
License Information: zhang hanqi, 1, LIC=47GU5-GCZPB-9UP4U-S13PQ-NL02K-CZCBD
 
Tool Versions:
Toolchain:       MDK-ARM Plus  Version: 5.30.0.0
Toolchain Path:  D:\keil\setup\ARM\ARMCLANG\Bin
C Compiler:      ArmClang.exe V6.14
Assembler:       Armasm.exe V6.14
Linker/Locator:  ArmLink.exe V6.14
Library Manager: ArmAr.exe V6.14
Hex Converter:   FromElf.exe V6.14
CPU DLL:         SARMCM3.DLL V5.30.0.0
Dialog DLL:      DCM.DLL V1.17.3.0
Target DLL:      Segger\JL2CM3.dll V2.99.38.0
Dialog DLL:      TCM.DLL V1.42.0.0
 
<h2>Project:</h2>
D:\gitLab\wp2345\software\WP2345_Main_HC32F460\WP2345_APP\_HC32F460\_HC32F460.uvprojx
Project File Date:  03/11/2024

<h2>Output:</h2>
*** Using Compiler 'V6.14', folder: 'D:\keil\setup\ARM\ARMCLANG\Bin'
Rebuild target 'HC32F460'
assembling startup_hc32f46x.s...
compiling hc32f46x_aes.c...
compiling hc32f46x_cmp.c...
compiling system_hc32f46x.c...
compiling hc32f46x_dmac.c...
compiling hc32f46x_dcu.c...
compiling hc32f46x_crc.c...
compiling hc32f46x_can.c...
compiling hc32f46x_emb.c...
compiling hc32f46x_adc.c...
compiling hc32f46x_efm.c...
compiling main.c...
compiling hc32f46x_clk.c...
compiling hc32f46x_event_port.c...
compiling hc32f46x_exint_nmi_swi.c...
compiling hc32f46x_hash.c...
compiling hc32f46x_gpio.c...
compiling hc32f46x_icg.c...
compiling hc32f46x_i2c.c...
compiling hc32f46x_i2s.c...
compiling hc32f46x_keyscan.c...
compiling hc32f46x_mpu.c...
compiling hc32f46x_ots.c...
compiling hc32f46x_rmu.c...
compiling hc32f46x_qspi.c...
compiling hc32f46x_sdioc.c...
compiling hc32f46x_interrupts.c...
compiling hc32f46x_rtc.c...
compiling hc32f46x_pwc.c...
compiling hc32f46x_sram.c...
compiling hc32f46x_swdt.c...
compiling hc32f46x_spi.c...
compiling hc32f46x_timer4_emb.c...
compiling hc32f46x_timer4_cnt.c...
compiling hc32f46x_timer0.c...
compiling hc32f46x_timer4_pwm.c...
compiling hc32f46x_timer4_oco.c...
compiling hc32f46x_timer4_sevt.c...
compiling hc32f46x_trng.c...
compiling hc32f46x_timer6.c...
compiling hc32f46x_timera.c...
compiling hc32f46x_utility.c...
compiling SEGGER_RTT.c...
compiling hc32f46x_wdt.c...
compiling SEGGER_RTT_printf.c...
compiling hc32f46x_usart.c...
compiling Func_Hex.c...
compiling Func_Null.c...
compiling Func_Array.c...
compiling Func_String.c...
compiling Crc8.c...
compiling cJSON.c...
compiling Bsp.c...
compiling Mcu.c...
compiling IO.c...
compiling EXTI.c...
compiling sADC.c...
compiling sFlash.c...
compiling WDG.c...
compiling sSPI.c...
compiling TIM0.c...
compiling TIMA.c...
compiling IIC.c...
compiling Drv.c...
compiling UART0.c...
compiling UART0_Rx.c...
compiling UART1_Rx.c...
compiling UART0_Tx.c...
compiling UART1_Tx.c...
compiling UART1.c...
compiling UART2.c...
compiling UART2_Rx.c...
compiling UART2_Tx.c...
compiling UART3.c...
compiling UART3_Rx.c...
compiling UART3_Tx.c...
compiling Key.c...
compiling LED.c...
compiling Panel.c...
compiling PanelAnalyze.c...
compiling Wifi_String.c...
compiling Wifi.c...
compiling WifiRx.c...
compiling WifiRx_FPm.c...
compiling WifiRx_FPq.c...
compiling WifiRx_FPp.c...
compiling WifiRx_FPqb.c...
compiling WifiRx_FR.c...
compiling WifiRx_MMI_Analyize.c...
compiling WifiTx.c...
compiling WifiTx_FP.c...
compiling WifiTx_FPb.c...
compiling WifiTx_FR.c...
compiling Ble.c...
compiling CommTester.c...
compiling CommTester_Rx_Byte.c...
compiling CommTester_Rx_Frame.c...
compiling CommTester_Tx.c...
compiling CommTester_Tx_Frame.c...
compiling NFC.c...
compiling FM175XX.c...
compiling MIFARE.c...
compiling READER_API.c...
compiling UpdateOta.c...
compiling Update.c...
compiling UpdateOtaMcu.c...
compiling WaterLevel.c...
compiling TDS.c...
compiling Linecross.c...
compiling NTC.c...
compiling WaterFlow.c...
compiling Pump.c...
compiling Motor.c...
compiling GD25Q80.c...
compiling Fault.c...
compiling App_Datalog.c...
compiling Log.c...
compiling Parameter.c...
compiling Parameter_MaxModeType.c...
compiling Parameter_ToolConfig.c...
compiling Parameter_ToolSn.c...
compiling Parameter_WifiType.c...
compiling UserState_Goto.c...
compiling App.c...
compiling SelfClean.c...
compiling WifiPair.c...
compiling BoilPoint.c...
compiling WarmWater.c...
compiling Heat.c...
compiling cmd.c...
compiling SupplyWater.c...
compiling msh.c...
compiling UserMain.c...
assembling context_rvds.S...
compiling User.c...
compiling Thread_Wifi.c...
compiling UserDebug.c...
compiling shell.c...
compiling FinSH_RealTimeTerminal.c...
compiling cpuport.c...
compiling Interval.c...
compiling clock.c...
compiling components.c...
compiling irq.c...
compiling idle.c...
compiling ipc.c...
compiling mem.c...
compiling kservice.c...
compiling object.c...
compiling scheduler.c...
compiling board.c...
compiling timer.c...
compiling thread.c...
linking...
Program Size: Code=60872 RO-data=2548 RW-data=8500 ZI-data=30164  
FromELF: creating hex file...
After Build - User command #1: D:\keil\setup\ARM\ARMCC\bin\HexFileParse_V1.0.5.exe  "D:\gitLab\wp2345\software\WP2345_Main_HC32F460\WP2345_APP\_HC32F460\output\..\Release\HexFileParseConfig_WP2345.json"
JsonConfigFilePath:D:\gitLab\wp2345\software\WP2345_Main_HC32F460\WP2345_APP\_HC32F460\output\..\Release\HexFileParseConfig_WP2345.json
ProjectName:WP2345
BoardName:Main
MCUType:HC32F460
FrameWareVersion:1.1.0.3
App_AppFilePath:./output/WP2345_Main_HC32F460.hex
App_AppStartAddr:0x6000
AppInfo_FileAddrStart:0x4000
AppInfo_ProNameOffset:0x4000
AppInfo_VersionOffset:0x4010
AppInfo_FileSizeOffset:0x4020
AppInfo_FileCheckSumOffset:0x4024
AppInfo_CheckSumType:All
AppInfo_BoardNameOffset:4030
AppInfo_MCUTypeOffset:4040
AppOutHexFile_FilePath:./Release/
AppOutHexFile_CheckSumType:add
AppOutBinFile_FilePath:./Release/
AppOutBinFile_CheckSumType:add
BootInfo BootFilePath:./output/WP2345_BOOT_HC32F460.hex
BootInfo BootStartAddr:0
BootInfo BootFileSize:4000
MergeOption:true
MergeOutHexFilePath:./Release/
MergeOutBinFilePath:./Release/
Add AppInfo Success!
Create OutHexFile Success : ./Release/WP2345_Main_HC32F460_1.1.0.3_0x00650B76.hex
Create OutBinFile Success : ./Release/WP2345_Main_HC32F460_1.1.0.3_0x00650B76.bin
Create OutHexFile Success : ./Release/WP2345_Main_HC32F460_1.1.0.3_Merge_0x00695627.hex
Create OutBinFile Success : ./Release/WP2345_Main_HC32F460_1.1.0.3_Merge_0x00695627.bin
".\output\WP2345_Main_HC32F460.axf" - 0 Error(s), 0 Warning(s).

<h2>Software Packages used:</h2>

Package Vendor: ARM
                http://www.keil.com/pack/ARM.CMSIS.5.7.0.pack
                ARM.CMSIS.5.7.0
                CMSIS (Cortex Microcontroller Software Interface Standard)
   * Component: CORE Version: 5.4.0

Package Vendor: HDSC
                https://raw.githubusercontent.com/hdscmcu/pack/master/HDSC.HC32F46x.1.0.6.pack
                HDSC.HC32F46x.1.0.6
                HC32F46x ARM Cortex-M4 Device Family Pack

Package Vendor: RealThread
                https://www.rt-thread.org/download/mdk/RealThread.RT-Thread.3.1.3.pack
                RealThread.RT-Thread.3.1.3
                RT-Thread Software Components
   * Component: kernel Version: 3.1.3
   * Component: shell Version: 3.1.3

<h2>Collection of Component include folders:</h2>
  .\RTE\RTOS
  .\RTE\_HC32F460
  D:\keil\pack\ARM\CMSIS\5.7.0\CMSIS\Core\Include
  D:\keil\pack\HDSC\HC32F46x\1.0.6\Device\Include
  D:\keil\pack\RealThread\RT-Thread\3.1.3\components\finsh
  D:\keil\pack\RealThread\RT-Thread\3.1.3\include

<h2>Collection of Component Files used:</h2>

   * Component: ARM::CMSIS:CORE:5.4.0

   * Component: RealThread.RT-Thread::RTOS:kernel:3.1.3
      Source file:   src\scheduler.c
      Include file:  bsp\rtconfig.h
      Source file:   src\clock.c
      Source file:   src\thread.c
      Source file:   src\ipc.c
      Source file:   src\components.c
      Source file:   src\idle.c
      Source file:   bsp\board.c
      Source file:   src\kservice.c
      Source file:   src\object.c
      Source file:   src\timer.c
      Source file:   src\mem.c
      Source file:   src\irq.c
      Source file:   libcpu\arm\cortex-m4\context_rvds.S
      Source file:   libcpu\arm\cortex-m4\cpuport.c

   * Component: RealThread.RT-Thread::RTOS:shell:3.1.3
      Source file:   components\finsh\cmd.c
      Source file:   components\finsh\shell.c
      Source file:   components\finsh\msh.c
Build Time Elapsed:  00:00:18
</pre>
</body>
</html>
