Component: ARM Compiler 5.06 update 6 (build 750) Tool: armlink [4d35ed]

==============================================================================

Section Cross References

    startup_hc32f46x.o(RESET) refers to startup_hc32f46x.o(STACK) for __initial_sp
    startup_hc32f46x.o(RESET) refers to startup_hc32f46x.o(.text) for Reset_Handler
    startup_hc32f46x.o(.text) refers to system_hc32f46x.o(i.SystemInit) for SystemInit
    startup_hc32f46x.o(.text) refers to entry.o(.ARM.Collect$$$$00000000) for __main
    system_hc32f46x.o(i.SystemCoreClockUpdate) refers to system_hc32f46x.o(.data) for HRC_VALUE
    system_hc32f46x.o(i.SystemInit) refers to system_hc32f46x.o(i.SystemCoreClockUpdate) for SystemCoreClockUpdate
    main.o(i.main) refers to bootloader.o(i.Boot) for Boot
    drv_flash.o(i.Flash__ErasePage) refers to hc32f46x_efm.o(i.EFM_Unlock) for EFM_Unlock
    drv_flash.o(i.Flash__ErasePage) refers to hc32f46x_efm.o(i.EFM_FlashCmd) for EFM_FlashCmd
    drv_flash.o(i.Flash__ErasePage) refers to hc32f46x_efm.o(i.EFM_GetFlagStatus) for EFM_GetFlagStatus
    drv_flash.o(i.Flash__ErasePage) refers to hc32f46x_efm.o(i.EFM_SectorErase) for EFM_SectorErase
    drv_flash.o(i.Flash__ErasePage) refers to hc32f46x_efm.o(i.EFM_Lock) for EFM_Lock
    drv_flash.o(i.Flash__Test) refers to drv_flash.o(i.Flash__ErasePage) for Flash__ErasePage
    drv_flash.o(i.Flash__Test) refers to drv_flash.o(i.Flash__WriteArray) for Flash__WriteArray
    drv_flash.o(i.Flash__Test) refers to drv_flash.o(i.Flash__ReadArray) for Flash__ReadArray
    drv_flash.o(i.Flash__Test) refers to drv_flash.o(.data) for Flash__Test_Buf0
    drv_flash.o(i.Flash__Test) refers to drv_flash.o(.bss) for Flash__Test_Buf1
    drv_flash.o(i.Flash__WriteArray) refers to drv_flash.o(i.Flash__WriteWord) for Flash__WriteWord
    drv_flash.o(i.Flash__WriteWord) refers to hc32f46x_efm.o(i.EFM_Unlock) for EFM_Unlock
    drv_flash.o(i.Flash__WriteWord) refers to hc32f46x_efm.o(i.EFM_FlashCmd) for EFM_FlashCmd
    drv_flash.o(i.Flash__WriteWord) refers to hc32f46x_efm.o(i.EFM_GetFlagStatus) for EFM_GetFlagStatus
    drv_flash.o(i.Flash__WriteWord) refers to hc32f46x_efm.o(i.EFM_SingleProgram) for EFM_SingleProgram
    drv_flash.o(i.Flash__WriteWord) refers to hc32f46x_efm.o(i.EFM_Lock) for EFM_Lock
    bootloader.o(i.Boot) refers to bootloader.o(i.Boot_Get_Mark) for Boot_Get_Mark
    bootloader.o(i.Boot) refers to bootloader.o(i.Boot_Get_Info) for Boot_Get_Info
    bootloader.o(i.Boot) refers to bootloader.o(i.Copy) for Copy
    bootloader.o(i.Boot) refers to bootloader.o(i.Boot_Get_App1Checksum) for Boot_Get_App1Checksum
    bootloader.o(i.Boot) refers to bootloader.o(i.JumpTo) for JumpTo
    bootloader.o(i.Boot) refers to bootloader.o(.bss) for Update_Info
    bootloader.o(i.Boot_CopyApp) refers to drv_flash.o(i.Flash__ErasePage) for Flash__ErasePage
    bootloader.o(i.Boot_CopyApp) refers to drv_flash.o(i.Flash__WriteArray) for Flash__WriteArray
    bootloader.o(i.Boot_CopyApp) refers to bootloader.o(.bss) for Update_Info
    bootloader.o(i.Boot_EraseMark) refers to drv_flash.o(i.Flash__ErasePage) for Flash__ErasePage
    bootloader.o(i.Boot_Get_App1Checksum) refers to bootloader.o(.bss) for Update_Info
    bootloader.o(i.Boot_Get_Info) refers to bootloader.o(.bss) for Update_Info
    bootloader.o(i.Boot_Get_Mark) refers to bootloader.o(.bss) for Update_Info
    bootloader.o(i.Copy) refers to drv_flash.o(i.Flash__Unlock) for Flash__Unlock
    bootloader.o(i.Copy) refers to bootloader.o(i.Boot_CopyApp) for Boot_CopyApp
    bootloader.o(i.Copy) refers to bootloader.o(i.Boot_EraseMark) for Boot_EraseMark
    bootloader.o(i.Copy) refers to drv_flash.o(i.Flash__Lock) for Flash__Lock
    hc32f46x_utility.o(i.Ddl_AssertHandler) refers to printf3.o(i.__0printf$3) for __2printf
    hc32f46x_utility.o(i.Ddl_Delay1ms) refers to system_hc32f46x.o(.data) for SystemCoreClock
    hc32f46x_utility.o(i.Ddl_Delay1us) refers to system_hc32f46x.o(.data) for SystemCoreClock
    hc32f46x_utility.o(i.Ddl_UartInit) refers to hc32f46x_utility.o(i.SetUartBaudrate) for SetUartBaudrate
    hc32f46x_utility.o(i.SetUartBaudrate) refers to ffltui.o(.text) for __aeabi_ui2f
    hc32f46x_utility.o(i.SetUartBaudrate) refers to fadd.o(.text) for __aeabi_frsub
    hc32f46x_utility.o(i.SetUartBaudrate) refers to fmul.o(.text) for __aeabi_fmul
    hc32f46x_utility.o(i.SetUartBaudrate) refers to fdiv.o(.text) for __aeabi_fdiv
    hc32f46x_utility.o(i.SetUartBaudrate) refers to ffixui.o(.text) for __aeabi_f2uiz
    hc32f46x_utility.o(i.SetUartBaudrate) refers to cfcmple.o(.text) for __aeabi_cfcmple
    hc32f46x_utility.o(i.SetUartBaudrate) refers to cfrcmple.o(.text) for __aeabi_cfrcmple
    hc32f46x_utility.o(i.SetUartBaudrate) refers to uldiv.o(.text) for __aeabi_uldivmod
    hc32f46x_utility.o(i.SetUartBaudrate) refers to system_hc32f46x.o(.data) for SystemCoreClock
    hc32f46x_utility.o(i.SysTick_Delay) refers to hc32f46x_utility.o(i.SysTick_GetTick) for SysTick_GetTick
[...]
    hc32f46x_efm.o(i.EFM_SequenceProgram) refers to hc32f46x_efm.o(i.EFM_ClearFlag) for EFM_ClearFlag
    hc32f46x_efm.o(i.EFM_SequenceProgram) refers to hc32f46x_efm.o(i.EFM_ErasePgmCmd) for EFM_ErasePgmCmd
    hc32f46x_efm.o(i.EFM_SequenceProgram) refers to hc32f46x_efm.o(i.EFM_Memcpy) for EFM_Memcpy
    hc32f46x_efm.o(i.EFM_SetErasePgmMode) refers to hc32f46x_utility.o(i.Ddl_AssertHandler) for Ddl_AssertHandler
    hc32f46x_efm.o(i.EFM_SetLatency) refers to hc32f46x_utility.o(i.Ddl_AssertHandler) for Ddl_AssertHandler
    hc32f46x_efm.o(i.EFM_SetReadMode) refers to hc32f46x_utility.o(i.Ddl_AssertHandler) for Ddl_AssertHandler
    hc32f46x_efm.o(i.EFM_SingleProgram) refers to hc32f46x_utility.o(i.Ddl_AssertHandler) for Ddl_AssertHandler
    hc32f46x_efm.o(i.EFM_SingleProgram) refers to hc32f46x_efm.o(i.EFM_ClearFlag) for EFM_ClearFlag
    hc32f46x_efm.o(i.EFM_SingleProgram) refers to hc32f46x_efm.o(i.EFM_ErasePgmCmd) for EFM_ErasePgmCmd
    hc32f46x_efm.o(i.EFM_SingleProgramRB) refers to hc32f46x_utility.o(i.Ddl_AssertHandler) for Ddl_AssertHandler
    hc32f46x_efm.o(i.EFM_SingleProgramRB) refers to hc32f46x_efm.o(i.EFM_ClearFlag) for EFM_ClearFlag
    hc32f46x_efm.o(i.EFM_SingleProgramRB) refers to hc32f46x_efm.o(i.EFM_ErasePgmCmd) for EFM_ErasePgmCmd
    hc32f46x_gpio.o(i.PORT_AlwaysOn) refers to hc32f46x_utility.o(i.Ddl_AssertHandler) for Ddl_AssertHandler
    hc32f46x_gpio.o(i.PORT_AlwaysOn) refers to hc32f46x_gpio.o(i.PORT_Unlock) for PORT_Unlock
    hc32f46x_gpio.o(i.PORT_AlwaysOn) refers to hc32f46x_gpio.o(i.PORT_Lock) for PORT_Lock
    hc32f46x_gpio.o(i.PORT_DeInit) refers to hc32f46x_gpio.o(i.PORT_Unlock) for PORT_Unlock
    hc32f46x_gpio.o(i.PORT_DeInit) refers to hc32f46x_gpio.o(i.PORT_Lock) for PORT_Lock
    hc32f46x_gpio.o(i.PORT_DebugPortSetting) refers to hc32f46x_utility.o(i.Ddl_AssertHandler) for Ddl_AssertHandler
    hc32f46x_gpio.o(i.PORT_DebugPortSetting) refers to hc32f46x_gpio.o(i.PORT_Unlock) for PORT_Unlock
    hc32f46x_gpio.o(i.PORT_DebugPortSetting) refers to hc32f46x_gpio.o(i.PORT_Lock) for PORT_Lock
    hc32f46x_gpio.o(i.PORT_GetBit) refers to hc32f46x_utility.o(i.Ddl_AssertHandler) for Ddl_AssertHandler
    hc32f46x_gpio.o(i.PORT_GetData) refers to hc32f46x_utility.o(i.Ddl_AssertHandler) for Ddl_AssertHandler
    hc32f46x_gpio.o(i.PORT_Init) refers to hc32f46x_utility.o(i.Ddl_AssertHandler) for Ddl_AssertHandler
    hc32f46x_gpio.o(i.PORT_Init) refers to hc32f46x_gpio.o(i.PORT_Unlock) for PORT_Unlock
    hc32f46x_gpio.o(i.PORT_Init) refers to hc32f46x_gpio.o(i.PORT_Lock) for PORT_Lock
    hc32f46x_gpio.o(i.PORT_OE) refers to hc32f46x_utility.o(i.Ddl_AssertHandler) for Ddl_AssertHandler
    hc32f46x_gpio.o(i.PORT_PubSetting) refers to hc32f46x_utility.o(i.Ddl_AssertHandler) for Ddl_AssertHandler
    hc32f46x_gpio.o(i.PORT_PubSetting) refers to hc32f46x_gpio.o(i.PORT_Unlock) for PORT_Unlock
    hc32f46x_gpio.o(i.PORT_PubSetting) refers to hc32f46x_gpio.o(i.PORT_Lock) for PORT_Lock
    hc32f46x_gpio.o(i.PORT_ResetBits) refers to hc32f46x_utility.o(i.Ddl_AssertHandler) for Ddl_AssertHandler
    hc32f46x_gpio.o(i.PORT_ResetPortData) refers to hc32f46x_utility.o(i.Ddl_AssertHandler) for Ddl_AssertHandler
    hc32f46x_gpio.o(i.PORT_SetBits) refers to hc32f46x_utility.o(i.Ddl_AssertHandler) for Ddl_AssertHandler
    hc32f46x_gpio.o(i.PORT_SetFunc) refers to hc32f46x_utility.o(i.Ddl_AssertHandler) for Ddl_AssertHandler
    hc32f46x_gpio.o(i.PORT_SetFunc) refers to hc32f46x_gpio.o(i.PORT_Unlock) for PORT_Unlock
    hc32f46x_gpio.o(i.PORT_SetFunc) refers to hc32f46x_gpio.o(i.PORT_Lock) for PORT_Lock
    hc32f46x_gpio.o(i.PORT_SetPortData) refers to hc32f46x_utility.o(i.Ddl_AssertHandler) for Ddl_AssertHandler
    hc32f46x_gpio.o(i.PORT_SetSubFunc) refers to hc32f46x_utility.o(i.Ddl_AssertHandler) for Ddl_AssertHandler
    hc32f46x_gpio.o(i.PORT_SetSubFunc) refers to hc32f46x_gpio.o(i.PORT_Unlock) for PORT_Unlock
    hc32f46x_gpio.o(i.PORT_SetSubFunc) refers to hc32f46x_gpio.o(i.PORT_Lock) for PORT_Lock
    hc32f46x_gpio.o(i.PORT_Toggle) refers to hc32f46x_utility.o(i.Ddl_AssertHandler) for Ddl_AssertHandler
    entry.o(.ARM.Collect$$$$00000000) refers (Special) to entry10a.o(.ARM.Collect$$$$0000000D) for __rt_final_cpp
    entry.o(.ARM.Collect$$$$00000000) refers (Special) to entry11a.o(.ARM.Collect$$$$0000000F) for __rt_final_exit
    entry.o(.ARM.Collect$$$$00000000) refers (Special) to entry7b.o(.ARM.Collect$$$$00000008) for _main_clock
    entry.o(.ARM.Collect$$$$00000000) refers (Special) to entry8b.o(.ARM.Collect$$$$0000000A) for _main_cpp_init
    entry.o(.ARM.Collect$$$$00000000) refers (Special) to entry9a.o(.ARM.Collect$$$$0000000B) for _main_init
    entry.o(.ARM.Collect$$$$00000000) refers (Special) to entry5.o(.ARM.Collect$$$$00000004) for _main_scatterload
    entry.o(.ARM.Collect$$$$00000000) refers (Special) to entry2.o(.ARM.Collect$$$$00000001) for _main_stk
    uldiv.o(.text) refers to llushr.o(.text) for __aeabi_llsr
    uldiv.o(.text) refers to llshl.o(.text) for __aeabi_llsl
    printfb.o(i.__0fprintf$bare) refers to printfb.o(i._printf_core) for _printf_core
    printfb.o(i.__0fprintf$bare) refers to hc32f46x_utility.o(i.fputc) for fputc
    printfb.o(i.__0printf$bare) refers to printfb.o(i._printf_core) for _printf_core
    printfb.o(i.__0printf$bare) refers to hc32f46x_utility.o(i.fputc) for fputc
    printfb.o(i.__0printf$bare) refers to stdout.o(.data) for __stdout
    printfb.o(i.__0snprintf$bare) refers to printfb.o(i._printf_core) for _printf_core
    printfb.o(i.__0snprintf$bare) refers to printfb.o(i._snputc) for _snputc
    printfb.o(i.__0sprintf$bare) refers to printfb.o(i._printf_core) for _printf_core
    printfb.o(i.__0sprintf$bare) refers to printfb.o(i._sputc) for _sputc
    printfb.o(i.__0vfprintf$bare) refers to printfb.o(i._printf_core) for _printf_core
    printfb.o(i.__0vfprintf$bare) refers to hc32f46x_utility.o(i.fputc) for fputc
    printfb.o(i.__0vprintf$bare) refers to printfb.o(i._printf_core) for _printf_core
    printfb.o(i.__0vprintf$bare) refers to hc32f46x_utility.o(i.fputc) for fputc
    printfb.o(i.__0vprintf$bare) refers to stdout.o(.data) for __stdout
    printfb.o(i.__0vsnprintf$bare) refers to printfb.o(i._printf_core) for _printf_core
    printfb.o(i.__0vsnprintf$bare) refers to printfb.o(i._snputc) for _snputc
    printfb.o(i.__0vsprintf$bare) refers to printfb.o(i._printf_core) for _printf_core
    printfb.o(i.__0vsprintf$bare) refers to printfb.o(i._sputc) for _sputc
    printf0.o(i.__0fprintf$0) refers to printf0.o(i._printf_core) for _printf_core
    printf0.o(i.__0fprintf$0) refers to hc32f46x_utility.o(i.fputc) for fputc
    printf0.o(i.__0printf$0) refers to printf0.o(i._printf_core) for _printf_core
    printf0.o(i.__0printf$0) refers to hc32f46x_utility.o(i.fputc) for fputc
    printf0.o(i.__0printf$0) refers to stdout.o(.data) for __stdout
    printf0.o(i.__0snprintf$0) refers to printf0.o(i._printf_core) for _printf_core
    printf0.o(i.__0snprintf$0) refers to printf0.o(i._snputc) for _snputc
    printf0.o(i.__0sprintf$0) refers to printf0.o(i._printf_core) for _printf_core
    printf0.o(i.__0sprintf$0) refers to printf0.o(i._sputc) for _sputc
    printf0.o(i.__0vfprintf$0) refers to printf0.o(i._printf_core) for _printf_core
    printf0.o(i.__0vfprintf$0) refers to hc32f46x_utility.o(i.fputc) for fputc
    printf0.o(i.__0vprintf$0) refers to printf0.o(i._printf_core) for _printf_core
    printf0.o(i.__0vprintf$0) refers to hc32f46x_utility.o(i.fputc) for fputc
    printf0.o(i.__0vprintf$0) refers to stdout.o(.data) for __stdout
    printf0.o(i.__0vsnprintf$0) refers to printf0.o(i._printf_core) for _printf_core
    printf0.o(i.__0vsnprintf$0) refers to printf0.o(i._snputc) for _snputc
    printf0.o(i.__0vsprintf$0) refers to printf0.o(i._printf_core) for _printf_core
    printf0.o(i.__0vsprintf$0) refers to printf0.o(i._sputc) for _sputc
    printf1.o(i.__0fprintf$1) refers to printf1.o(i._printf_core) for _printf_core
    printf1.o(i.__0fprintf$1) refers to hc32f46x_utility.o(i.fputc) for fputc
    printf1.o(i.__0printf$1) refers to printf1.o(i._printf_core) for _printf_core
    printf1.o(i.__0printf$1) refers to hc32f46x_utility.o(i.fputc) for fputc
    printf1.o(i.__0printf$1) refers to stdout.o(.data) for __stdout
    printf1.o(i.__0snprintf$1) refers to printf1.o(i._printf_core) for _printf_core
    printf1.o(i.__0snprintf$1) refers to printf1.o(i._snputc) for _snputc
    printf1.o(i.__0sprintf$1) refers to printf1.o(i._printf_core) for _printf_core
    printf1.o(i.__0sprintf$1) refers to printf1.o(i._sputc) for _sputc
    printf1.o(i.__0vfprintf$1) refers to printf1.o(i._printf_core) for _printf_core
    printf1.o(i.__0vfprintf$1) refers to hc32f46x_utility.o(i.fputc) for fputc
    printf1.o(i.__0vprintf$1) refers to printf1.o(i._printf_core) for _printf_core
    printf1.o(i.__0vprintf$1) refers to hc32f46x_utility.o(i.fputc) for fputc
    printf1.o(i.__0vprintf$1) refers to stdout.o(.data) for __stdout
    printf1.o(i.__0vsnprintf$1) refers to printf1.o(i._printf_core) for _printf_core
    printf1.o(i.__0vsnprintf$1) refers to printf1.o(i._snputc) for _snputc
    printf1.o(i.__0vsprintf$1) refers to printf1.o(i._printf_core) for _printf_core
    printf1.o(i.__0vsprintf$1) refers to printf1.o(i._sputc) for _sputc
    printf1.o(i._printf_core) refers to uidiv.o(.text) for __aeabi_uidivmod
    printf2.o(i.__0fprintf$2) refers to printf2.o(i._printf_core) for _printf_core
    printf2.o(i.__0fprintf$2) refers to hc32f46x_utility.o(i.fputc) for fputc
    printf2.o(i.__0printf$2) refers to printf2.o(i._printf_core) for _printf_core
    printf2.o(i.__0printf$2) refers to hc32f46x_utility.o(i.fputc) for fputc
    printf2.o(i.__0printf$2) refers to stdout.o(.data) for __stdout
    printf2.o(i.__0snprintf$2) refers to printf2.o(i._printf_core) for _printf_core
    printf2.o(i.__0snprintf$2) refers to printf2.o(i._snputc) for _snputc
    printf2.o(i.__0sprintf$2) refers to printf2.o(i._printf_core) for _printf_core
    printf2.o(i.__0sprintf$2) refers to printf2.o(i._sputc) for _sputc
    printf2.o(i.__0vfprintf$2) refers to printf2.o(i._printf_core) for _printf_core
    printf2.o(i.__0vfprintf$2) refers to hc32f46x_utility.o(i.fputc) for fputc
    printf2.o(i.__0vprintf$2) refers to printf2.o(i._printf_core) for _printf_core
    printf2.o(i.__0vprintf$2) refers to hc32f46x_utility.o(i.fputc) for fputc
    printf2.o(i.__0vprintf$2) refers to stdout.o(.data) for __stdout
    printf2.o(i.__0vsnprintf$2) refers to printf2.o(i._printf_core) for _printf_core
    printf2.o(i.__0vsnprintf$2) refers to printf2.o(i._snputc) for _snputc
    printf2.o(i.__0vsprintf$2) refers to printf2.o(i._printf_core) for _printf_core
    printf2.o(i.__0vsprintf$2) refers to printf2.o(i._sputc) for _sputc
    printf3.o(i.__0fprintf$3) refers to printf3.o(i._printf_core) for _printf_core
    printf3.o(i.__0fprintf$3) refers to hc32f46x_utility.o(i.fputc) for fputc
    printf3.o(i.__0printf$3) refers to printf3.o(i._printf_core) for _printf_core
    printf3.o(i.__0printf$3) refers to hc32f46x_utility.o(i.fputc) for fputc
    printf3.o(i.__0printf$3) refers to stdout.o(.data) for __stdout
    printf3.o(i.__0snprintf$3) refers to printf3.o(i._printf_core) for _printf_core
    printf3.o(i.__0snprintf$3) refers to printf3.o(i._snputc) for _snputc
    printf3.o(i.__0sprintf$3) refers to printf3.o(i._printf_core) for _printf_core
    printf3.o(i.__0sprintf$3) refers to printf3.o(i._sputc) for _sputc
    printf3.o(i.__0vfprintf$3) refers to printf3.o(i._printf_core) for _printf_core
    printf3.o(i.__0vfprintf$3) refers to hc32f46x_utility.o(i.fputc) for fputc
    printf3.o(i.__0vprintf$3) refers to printf3.o(i._printf_core) for _printf_core
    printf3.o(i.__0vprintf$3) refers to hc32f46x_utility.o(i.fputc) for fputc
    printf3.o(i.__0vprintf$3) refers to stdout.o(.data) for __stdout
    printf3.o(i.__0vsnprintf$3) refers to printf3.o(i._printf_core) for _printf_core
    printf3.o(i.__0vsnprintf$3) refers to printf3.o(i._snputc) for _snputc
    printf3.o(i.__0vsprintf$3) refers to printf3.o(i._printf_core) for _printf_core
    printf3.o(i.__0vsprintf$3) refers to printf3.o(i._sputc) for _sputc
    printf3.o(i._printf_core) refers to uidiv.o(.text) for __aeabi_uidivmod
    printf4.o(i.__0fprintf$4) refers to printf4.o(i._printf_core) for _printf_core
    printf4.o(i.__0fprintf$4) refers to hc32f46x_utility.o(i.fputc) for fputc
    printf4.o(i.__0printf$4) refers to printf4.o(i._printf_core) for _printf_core
    printf4.o(i.__0printf$4) refers to hc32f46x_utility.o(i.fputc) for fputc
    printf4.o(i.__0printf$4) refers to stdout.o(.data) for __stdout
    printf4.o(i.__0snprintf$4) refers to printf4.o(i._printf_core) for _printf_core
    printf4.o(i.__0snprintf$4) refers to printf4.o(i._snputc) for _snputc
    printf4.o(i.__0sprintf$4) refers to printf4.o(i._printf_core) for _printf_core
    printf4.o(i.__0sprintf$4) refers to printf4.o(i._sputc) for _sputc
    printf4.o(i.__0vfprintf$4) refers to printf4.o(i._printf_core) for _printf_core
    printf4.o(i.__0vfprintf$4) refers to hc32f46x_utility.o(i.fputc) for fputc
    printf4.o(i.__0vprintf$4) refers to printf4.o(i._printf_core) for _printf_core
    printf4.o(i.__0vprintf$4) refers to hc32f46x_utility.o(i.fputc) for fputc
    printf4.o(i.__0vprintf$4) refers to stdout.o(.data) for __stdout
    printf4.o(i.__0vsnprintf$4) refers to printf4.o(i._printf_core) for _printf_core
    printf4.o(i.__0vsnprintf$4) refers to printf4.o(i._snputc) for _snputc
    printf4.o(i.__0vsprintf$4) refers to printf4.o(i._printf_core) for _printf_core
    printf4.o(i.__0vsprintf$4) refers to printf4.o(i._sputc) for _sputc
    printf4.o(i._printf_core) refers to uldiv.o(.text) for __aeabi_uldivmod
    printf5.o(i.__0fprintf$5) refers to printf5.o(i._printf_core) for _printf_core
    printf5.o(i.__0fprintf$5) refers to hc32f46x_utility.o(i.fputc) for fputc
    printf5.o(i.__0printf$5) refers to printf5.o(i._printf_core) for _printf_core
    printf5.o(i.__0printf$5) refers to hc32f46x_utility.o(i.fputc) for fputc
    printf5.o(i.__0printf$5) refers to stdout.o(.data) for __stdout
    printf5.o(i.__0snprintf$5) refers to printf5.o(i._printf_core) for _printf_core
    printf5.o(i.__0snprintf$5) refers to printf5.o(i._snputc) for _snputc
    printf5.o(i.__0sprintf$5) refers to printf5.o(i._printf_core) for _printf_core
    printf5.o(i.__0sprintf$5) refers to printf5.o(i._sputc) for _sputc
    printf5.o(i.__0vfprintf$5) refers to printf5.o(i._printf_core) for _printf_core
    printf5.o(i.__0vfprintf$5) refers to hc32f46x_utility.o(i.fputc) for fputc
    printf5.o(i.__0vprintf$5) refers to printf5.o(i._printf_core) for _printf_core
    printf5.o(i.__0vprintf$5) refers to hc32f46x_utility.o(i.fputc) for fputc
    printf5.o(i.__0vprintf$5) refers to stdout.o(.data) for __stdout
    printf5.o(i.__0vsnprintf$5) refers to printf5.o(i._printf_core) for _printf_core
    printf5.o(i.__0vsnprintf$5) refers to printf5.o(i._snputc) for _snputc
    printf5.o(i.__0vsprintf$5) refers to printf5.o(i._printf_core) for _printf_core
    printf5.o(i.__0vsprintf$5) refers to printf5.o(i._sputc) for _sputc
    printf5.o(i._printf_core) refers to uldiv.o(.text) for __aeabi_uldivmod
    printf6.o(i.__0fprintf$6) refers to printf6.o(i._printf_core) for _printf_core
    printf6.o(i.__0fprintf$6) refers to hc32f46x_utility.o(i.fputc) for fputc
    printf6.o(i.__0printf$6) refers to printf6.o(i._printf_core) for _printf_core
    printf6.o(i.__0printf$6) refers to hc32f46x_utility.o(i.fputc) for fputc
    printf6.o(i.__0printf$6) refers to stdout.o(.data) for __stdout
    printf6.o(i.__0snprintf$6) refers to printf6.o(i._printf_core) for _printf_core
    printf6.o(i.__0snprintf$6) refers to printf6.o(i._snputc) for _snputc
    printf6.o(i.__0sprintf$6) refers to printf6.o(i._printf_core) for _printf_core
    printf6.o(i.__0sprintf$6) refers to printf6.o(i._sputc) for _sputc
    printf6.o(i.__0vfprintf$6) refers to printf6.o(i._printf_core) for _printf_core
    printf6.o(i.__0vfprintf$6) refers to hc32f46x_utility.o(i.fputc) for fputc
    printf6.o(i.__0vprintf$6) refers to printf6.o(i._printf_core) for _printf_core
    printf6.o(i.__0vprintf$6) refers to hc32f46x_utility.o(i.fputc) for fputc
    printf6.o(i.__0vprintf$6) refers to stdout.o(.data) for __stdout
    printf6.o(i.__0vsnprintf$6) refers to printf6.o(i._printf_core) for _printf_core
    printf6.o(i.__0vsnprintf$6) refers to printf6.o(i._snputc) for _snputc
    printf6.o(i.__0vsprintf$6) refers to printf6.o(i._printf_core) for _printf_core
    printf6.o(i.__0vsprintf$6) refers to printf6.o(i._sputc) for _sputc
    printf6.o(i._printf_core) refers to printf6.o(i._printf_pre_padding) for _printf_pre_padding
    printf6.o(i._printf_core) refers to uidiv.o(.text) for __aeabi_uidivmod
    printf6.o(i._printf_core) refers to printf6.o(i._printf_post_padding) for _printf_post_padding
    printf7.o(i.__0fprintf$7) refers to printf7.o(i._printf_core) for _printf_core
    printf7.o(i.__0fprintf$7) refers to hc32f46x_utility.o(i.fputc) for fputc
    printf7.o(i.__0printf$7) refers to printf7.o(i._printf_core) for _printf_core
    printf7.o(i.__0printf$7) refers to hc32f46x_utility.o(i.fputc) for fputc
    printf7.o(i.__0printf$7) refers to stdout.o(.data) for __stdout
    printf7.o(i.__0snprintf$7) refers to printf7.o(i._printf_core) for _printf_core
    printf7.o(i.__0snprintf$7) refers to printf7.o(i._snputc) for _snputc
    printf7.o(i.__0sprintf$7) refers to printf7.o(i._printf_core) for _printf_core
    printf7.o(i.__0sprintf$7) refers to printf7.o(i._sputc) for _sputc
    printf7.o(i.__0vfprintf$7) refers to printf7.o(i._printf_core) for _printf_core
    printf7.o(i.__0vfprintf$7) refers to hc32f46x_utility.o(i.fputc) for fputc
    printf7.o(i.__0vprintf$7) refers to printf7.o(i._printf_core) for _printf_core
    printf7.o(i.__0vprintf$7) refers to hc32f46x_utility.o(i.fputc) for fputc
    printf7.o(i.__0vprintf$7) refers to stdout.o(.data) for __stdout
    printf7.o(i.__0vsnprintf$7) refers to printf7.o(i._printf_core) for _printf_core
    printf7.o(i.__0vsnprintf$7) refers to printf7.o(i._snputc) for _snputc
    printf7.o(i.__0vsprintf$7) refers to printf7.o(i._printf_core) for _printf_core
    printf7.o(i.__0vsprintf$7) refers to printf7.o(i._sputc) for _sputc
    printf7.o(i._printf_core) refers to printf7.o(i._printf_pre_padding) for _printf_pre_padding
    printf7.o(i._printf_core) refers to uldiv.o(.text) for __aeabi_uldivmod
    printf7.o(i._printf_core) refers to printf7.o(i._printf_post_padding) for _printf_post_padding
    printf8.o(i.__0fprintf$8) refers to printf8.o(i._printf_core) for _printf_core
    printf8.o(i.__0fprintf$8) refers to hc32f46x_utility.o(i.fputc) for fputc
    printf8.o(i.__0printf$8) refers to printf8.o(i._printf_core) for _printf_core
    printf8.o(i.__0printf$8) refers to hc32f46x_utility.o(i.fputc) for fputc
    printf8.o(i.__0printf$8) refers to stdout.o(.data) for __stdout
    printf8.o(i.__0snprintf$8) refers to printf8.o(i._printf_core) for _printf_core
    printf8.o(i.__0snprintf$8) refers to printf8.o(i._snputc) for _snputc
    printf8.o(i.__0sprintf$8) refers to printf8.o(i._printf_core) for _printf_core
    printf8.o(i.__0sprintf$8) refers to printf8.o(i._sputc) for _sputc
    printf8.o(i.__0vfprintf$8) refers to printf8.o(i._printf_core) for _printf_core
    printf8.o(i.__0vfprintf$8) refers to hc32f46x_utility.o(i.fputc) for fputc
    printf8.o(i.__0vprintf$8) refers to printf8.o(i._printf_core) for _printf_core
    printf8.o(i.__0vprintf$8) refers to hc32f46x_utility.o(i.fputc) for fputc
    printf8.o(i.__0vprintf$8) refers to stdout.o(.data) for __stdout
    printf8.o(i.__0vsnprintf$8) refers to printf8.o(i._printf_core) for _printf_core
    printf8.o(i.__0vsnprintf$8) refers to printf8.o(i._snputc) for _snputc
    printf8.o(i.__0vsprintf$8) refers to printf8.o(i._printf_core) for _printf_core
    printf8.o(i.__0vsprintf$8) refers to printf8.o(i._sputc) for _sputc
    printf8.o(i._printf_core) refers to printf8.o(i._printf_pre_padding) for _printf_pre_padding
    printf8.o(i._printf_core) refers to uldiv.o(.text) for __aeabi_uldivmod
    printf8.o(i._printf_core) refers to printf8.o(i._printf_post_padding) for _printf_post_padding
    printfa.o(i.__0fprintf) refers (Special) to iusefp.o(.text) for __I$use$fp
    printfa.o(i.__0fprintf) refers to printfa.o(i._printf_core) for _printf_core
    printfa.o(i.__0fprintf) refers to hc32f46x_utility.o(i.fputc) for fputc
    printfa.o(i.__0printf) refers (Special) to iusefp.o(.text) for __I$use$fp
    printfa.o(i.__0printf) refers to printfa.o(i._printf_core) for _printf_core
    printfa.o(i.__0printf) refers to hc32f46x_utility.o(i.fputc) for fputc
    printfa.o(i.__0printf) refers to stdout.o(.data) for __stdout
    printfa.o(i.__0snprintf) refers (Special) to iusefp.o(.text) for __I$use$fp
    printfa.o(i.__0snprintf) refers to printfa.o(i._printf_core) for _printf_core
    printfa.o(i.__0snprintf) refers to printfa.o(i._snputc) for _snputc
    printfa.o(i.__0sprintf) refers (Special) to iusefp.o(.text) for __I$use$fp
    printfa.o(i.__0sprintf) refers to printfa.o(i._printf_core) for _printf_core
    printfa.o(i.__0sprintf) refers to printfa.o(i._sputc) for _sputc
    printfa.o(i.__0vfprintf) refers (Special) to iusefp.o(.text) for __I$use$fp
    printfa.o(i.__0vfprintf) refers to printfa.o(i._printf_core) for _printf_core
    printfa.o(i.__0vfprintf) refers to hc32f46x_utility.o(i.fputc) for fputc
    printfa.o(i.__0vprintf) refers (Special) to iusefp.o(.text) for __I$use$fp
    printfa.o(i.__0vprintf) refers to printfa.o(i._printf_core) for _printf_core
    printfa.o(i.__0vprintf) refers to hc32f46x_utility.o(i.fputc) for fputc
    printfa.o(i.__0vprintf) refers to stdout.o(.data) for __stdout
    printfa.o(i.__0vsnprintf) refers (Special) to iusefp.o(.text) for __I$use$fp
    printfa.o(i.__0vsnprintf) refers to printfa.o(i._printf_core) for _printf_core
    printfa.o(i.__0vsnprintf) refers to printfa.o(i._snputc) for _snputc
    printfa.o(i.__0vsprintf) refers (Special) to iusefp.o(.text) for __I$use$fp
    printfa.o(i.__0vsprintf) refers to printfa.o(i._printf_core) for _printf_core
    printfa.o(i.__0vsprintf) refers to printfa.o(i._sputc) for _sputc
    printfa.o(i._fp_digits) refers (Special) to iusefp.o(.text) for __I$use$fp
    printfa.o(i._fp_digits) refers to dmul.o(.text) for __aeabi_dmul
    printfa.o(i._fp_digits) refers to ddiv.o(.text) for __aeabi_ddiv
    printfa.o(i._fp_digits) refers to cdrcmple.o(.text) for __aeabi_cdrcmple
    printfa.o(i._fp_digits) refers to dadd.o(.text) for __aeabi_dadd
    printfa.o(i._fp_digits) refers to dfixul.o(.text) for __aeabi_d2ulz
    printfa.o(i._fp_digits) refers to uldiv.o(.text) for __aeabi_uldivmod
    printfa.o(i._printf_core) refers (Special) to iusefp.o(.text) for __I$use$fp
    printfa.o(i._printf_core) refers to printfa.o(i._printf_pre_padding) for _printf_pre_padding
    printfa.o(i._printf_core) refers to uldiv.o(.text) for __aeabi_uldivmod
    printfa.o(i._printf_core) refers to printfa.o(i._printf_post_padding) for _printf_post_padding
    printfa.o(i._printf_core) refers to printfa.o(i._fp_digits) for _fp_digits
    printfa.o(i._printf_core) refers to uidiv.o(.text) for __aeabi_uidivmod
    printfa.o(i._printf_post_padding) refers (Special) to iusefp.o(.text) for __I$use$fp
    printfa.o(i._printf_pre_padding) refers (Special) to iusefp.o(.text) for __I$use$fp
    printfa.o(i._snputc) refers (Special) to iusefp.o(.text) for __I$use$fp
    printfa.o(i._sputc) refers (Special) to iusefp.o(.text) for __I$use$fp
    fadd.o(.text) refers (Special) to iusefp.o(.text) for __I$use$fp
    fadd.o(.text) refers to fepilogue.o(.text) for _float_epilogue
    fmul.o(.text) refers (Special) to iusefp.o(.text) for __I$use$fp
    fdiv.o(.text) refers (Special) to iusefp.o(.text) for __I$use$fp
    fdiv.o(.text) refers to fepilogue.o(.text) for _float_round
    ffltui.o(.text) refers (Special) to iusefp.o(.text) for __I$use$fp
    ffltui.o(.text) refers to fepilogue.o(.text) for _float_epilogue
    ffixui.o(.text) refers (Special) to iusefp.o(.text) for __I$use$fp
    cfcmple.o(.text) refers (Special) to iusefp.o(.text) for __I$use$fp
    cfrcmple.o(.text) refers (Special) to iusefp.o(.text) for __I$use$fp
    entry2.o(.ARM.Collect$$$$00000001) refers to entry2.o(.ARM.Collect$$$$00002712) for __lit__00000000
    entry2.o(.ARM.Collect$$$$00002712) refers to startup_hc32f46x.o(STACK) for __initial_sp
    entry2.o(__vectab_stack_and_reset_area) refers to startup_hc32f46x.o(STACK) for __initial_sp
    entry2.o(__vectab_stack_and_reset_area) refers to entry.o(.ARM.Collect$$$$00000000) for __main
    entry5.o(.ARM.Collect$$$$00000004) refers to init.o(.text) for __scatterload
    entry9a.o(.ARM.Collect$$$$0000000B) refers to main.o(i.main) for main
    entry9b.o(.ARM.Collect$$$$0000000C) refers to main.o(i.main) for main
    dadd.o(.text) refers to llshl.o(.text) for __aeabi_llsl
    dadd.o(.text) refers to llsshr.o(.text) for __aeabi_lasr
    dadd.o(.text) refers to depilogue.o(.text) for _double_epilogue
    dmul.o(.text) refers to depilogue.o(.text) for _double_epilogue
    ddiv.o(.text) refers to depilogue.o(.text) for _double_round
    dfixul.o(.text) refers to llushr.o(.text) for __aeabi_llsr
    dfixul.o(.text) refers to llshl.o(.text) for __aeabi_llsl
    init.o(.text) refers to entry5.o(.ARM.Collect$$$$00000004) for __main_after_scatterload
    depilogue.o(.text) refers to llshl.o(.text) for __aeabi_llsl
    depilogue.o(.text) refers to llushr.o(.text) for __aeabi_llsr


==============================================================================

Removing Unused input sections from the image.

    Removing startup_hc32f46x.o(HEAP), (512 bytes).
    Removing system_hc32f46x.o(.rev16_text), (4 bytes).
    Removing system_hc32f46x.o(.revsh_text), (4 bytes).
    Removing system_hc32f46x.o(.rrx_text), (6 bytes).
    Removing main.o(.rev16_text), (4 bytes).
    Removing main.o(.revsh_text), (4 bytes).
    Removing main.o(.rrx_text), (6 bytes).
    Removing drv_flash.o(.rev16_text), (4 bytes).
    Removing drv_flash.o(.revsh_text), (4 bytes).
    Removing drv_flash.o(.rrx_text), (6 bytes).
    Removing drv_flash.o(i.Flash__Init), (2 bytes).
    Removing drv_flash.o(i.Flash__ReadArray), (28 bytes).
    Removing drv_flash.o(i.Flash__ReadByte), (6 bytes).
    Removing drv_flash.o(i.Flash__ReadWord), (6 bytes).
    Removing drv_flash.o(i.Flash__Test), (44 bytes).
    Removing drv_flash.o(.bss), (32 bytes).
    Removing drv_flash.o(.data), (16 bytes).
    Removing bootloader.o(.rev16_text), (4 bytes).
    Removing bootloader.o(.revsh_text), (4 bytes).
    Removing bootloader.o(.rrx_text), (6 bytes).
    Removing hc32f46x_icg.o(.rev16_text), (4 bytes).
    Removing hc32f46x_icg.o(.revsh_text), (4 bytes).
    Removing hc32f46x_icg.o(.rrx_text), (6 bytes).
    Removing hc32f46x_utility.o(.rev16_text), (4 bytes).
    Removing hc32f46x_utility.o(.revsh_text), (4 bytes).
    Removing hc32f46x_utility.o(.rrx_text), (6 bytes).
    Removing hc32f46x_utility.o(i.Ddl_Delay1ms), (52 bytes).
    Removing hc32f46x_utility.o(i.Ddl_Delay1us), (72 bytes).
    Removing hc32f46x_utility.o(i.Ddl_UartInit), (156 bytes).
    Removing hc32f46x_utility.o(i.SetUartBaudrate), (384 bytes).
    Removing hc32f46x_utility.o(i.SysTick_Delay), (84 bytes).
    Removing hc32f46x_utility.o(i.SysTick_GetTick), (12 bytes).
    Removing hc32f46x_utility.o(i.SysTick_IncTick), (24 bytes).
    Removing hc32f46x_utility.o(i.SysTick_Init), (128 bytes).
    Removing hc32f46x_utility.o(i.SysTick_Resume), (18 bytes).
    Removing hc32f46x_utility.o(i.SysTick_Suspend), (18 bytes).
    Removing hc32f46x_utility.o(.data), (8 bytes).
    Removing hc32f46x_adc.o(.rev16_text), (4 bytes).
    Removing hc32f46x_adc.o(.revsh_text), (4 bytes).
    Removing hc32f46x_adc.o(.rrx_text), (6 bytes).
    Removing hc32f46x_aes.o(.rev16_text), (4 bytes).
    Removing hc32f46x_aes.o(.revsh_text), (4 bytes).
    Removing hc32f46x_aes.o(.rrx_text), (6 bytes).
    Removing hc32f46x_can.o(.rev16_text), (4 bytes).
    Removing hc32f46x_can.o(.revsh_text), (4 bytes).
    Removing hc32f46x_can.o(.rrx_text), (6 bytes).
    Removing hc32f46x_clk.o(.rev16_text), (4 bytes).
    Removing hc32f46x_clk.o(.revsh_text), (4 bytes).
    Removing hc32f46x_clk.o(.rrx_text), (6 bytes).
    Removing hc32f46x_clk.o(i.CLK_ClearFcmFlag), (136 bytes).
    Removing hc32f46x_clk.o(i.CLK_ClearXtalStdFlag), (72 bytes).
    Removing hc32f46x_clk.o(i.CLK_FcmCmd), (72 bytes).
    Removing hc32f46x_clk.o(i.CLK_FcmConfig), (816 bytes).
    Removing hc32f46x_clk.o(i.CLK_GetClockFreq), (300 bytes).
    Removing hc32f46x_clk.o(i.CLK_GetFcmCounter), (12 bytes).
    Removing hc32f46x_clk.o(i.CLK_GetFcmFlag), (120 bytes).
    Removing hc32f46x_clk.o(i.CLK_GetFlagStatus), (192 bytes).
    Removing hc32f46x_clk.o(i.CLK_GetI2sClkSource), (88 bytes).
    Removing hc32f46x_clk.o(i.CLK_GetPllClockFreq), (592 bytes).
    Removing hc32f46x_clk.o(i.CLK_GetSysClkSource), (16 bytes).
    Removing hc32f46x_clk.o(i.CLK_HrcCmd), (248 bytes).
    Removing hc32f46x_clk.o(i.CLK_HrcTrim), (52 bytes).
    Removing hc32f46x_clk.o(i.CLK_LrcCmd), (188 bytes).
    Removing hc32f46x_clk.o(i.CLK_LrcTrim), (52 bytes).
    Removing hc32f46x_clk.o(i.CLK_MpllCmd), (200 bytes).
    Removing hc32f46x_clk.o(i.CLK_MpllConfig), (440 bytes).
    Removing hc32f46x_clk.o(i.CLK_MrcCmd), (188 bytes).
    Removing hc32f46x_clk.o(i.CLK_MrcTrim), (52 bytes).
    Removing hc32f46x_clk.o(i.CLK_OutputClkCmd), (160 bytes).
    Removing hc32f46x_clk.o(i.CLK_OutputClkConfig), (316 bytes).
    Removing hc32f46x_clk.o(i.CLK_SetI2sClkSource), (208 bytes).
    Removing hc32f46x_clk.o(i.CLK_SetPeriClkSource), (124 bytes).
    Removing hc32f46x_clk.o(i.CLK_SetPllSource), (124 bytes).
    Removing hc32f46x_clk.o(i.CLK_SetSysClkSource), (296 bytes).
    Removing hc32f46x_clk.o(i.CLK_SetUsbClkSource), (136 bytes).
    Removing hc32f46x_clk.o(i.CLK_SysClkConfig), (424 bytes).
    Removing hc32f46x_clk.o(i.CLK_TpiuClkCmd), (124 bytes).
    Removing hc32f46x_clk.o(i.CLK_TpiuClkConfig), (128 bytes).
    Removing hc32f46x_clk.o(i.CLK_UpllCmd), (180 bytes).
    Removing hc32f46x_clk.o(i.CLK_UpllConfig), (448 bytes).
    Removing hc32f46x_clk.o(i.CLK_Xtal32Cmd), (188 bytes).
    Removing hc32f46x_clk.o(i.CLK_Xtal32Config), (84 bytes).
    Removing hc32f46x_clk.o(i.CLK_XtalCmd), (272 bytes).
    Removing hc32f46x_clk.o(i.CLK_XtalConfig), (100 bytes).
    Removing hc32f46x_clk.o(i.CLK_XtalStbConfig), (128 bytes).
    Removing hc32f46x_clk.o(i.CLK_XtalStpConfig), (120 bytes).
    Removing hc32f46x_cmp.o(.rev16_text), (4 bytes).
    Removing hc32f46x_cmp.o(.revsh_text), (4 bytes).
    Removing hc32f46x_cmp.o(.rrx_text), (6 bytes).
    Removing hc32f46x_crc.o(.rev16_text), (4 bytes).
    Removing hc32f46x_crc.o(.revsh_text), (4 bytes).
    Removing hc32f46x_crc.o(.rrx_text), (6 bytes).
    Removing hc32f46x_dcu.o(.rev16_text), (4 bytes).
    Removing hc32f46x_dcu.o(.revsh_text), (4 bytes).
    Removing hc32f46x_dcu.o(.rrx_text), (6 bytes).
    Removing hc32f46x_dmac.o(.rev16_text), (4 bytes).
    Removing hc32f46x_dmac.o(.revsh_text), (4 bytes).
    Removing hc32f46x_dmac.o(.rrx_text), (6 bytes).
    Removing hc32f46x_efm.o(.rev16_text), (4 bytes).
    Removing hc32f46x_efm.o(.revsh_text), (4 bytes).
    Removing hc32f46x_efm.o(.rrx_text), (6 bytes).
    Removing hc32f46x_efm.o(i.EFM_DataCacheRstCmd), (80 bytes).
    Removing hc32f46x_efm.o(i.EFM_GetStatus), (104 bytes).
    Removing hc32f46x_efm.o(i.EFM_InstructionCacheCmd), (80 bytes).
    Removing hc32f46x_efm.o(i.EFM_InterruptCmd), (156 bytes).
    Removing hc32f46x_efm.o(i.EFM_MassErase), (212 bytes).
    Removing hc32f46x_efm.o(i.EFM_Memcpy), (112 bytes).
    Removing hc32f46x_efm.o(i.EFM_OtpLock), (164 bytes).
    Removing hc32f46x_efm.o(i.EFM_ReadUID), (40 bytes).
    Removing hc32f46x_efm.o(i.EFM_SequenceProgram), (344 bytes).
    Removing hc32f46x_efm.o(i.EFM_SetBusState), (20 bytes).
    Removing hc32f46x_efm.o(i.EFM_SetErasePgmMode), (160 bytes).
    Removing hc32f46x_efm.o(i.EFM_SetLatency), (136 bytes).
    Removing hc32f46x_efm.o(i.EFM_SetReadMode), (80 bytes).
    Removing hc32f46x_efm.o(i.EFM_SetWinProtectAddr), (40 bytes).
    Removing hc32f46x_efm.o(i.EFM_SingleProgramRB), (224 bytes).
    Removing hc32f46x_emb.o(.rev16_text), (4 bytes).
    Removing hc32f46x_emb.o(.revsh_text), (4 bytes).
    Removing hc32f46x_emb.o(.rrx_text), (6 bytes).
    Removing hc32f46x_event_port.o(.rev16_text), (4 bytes).
    Removing hc32f46x_event_port.o(.revsh_text), (4 bytes).
    Removing hc32f46x_event_port.o(.rrx_text), (6 bytes).
    Removing hc32f46x_exint_nmi_swi.o(.rev16_text), (4 bytes).
    Removing hc32f46x_exint_nmi_swi.o(.revsh_text), (4 bytes).
    Removing hc32f46x_exint_nmi_swi.o(.rrx_text), (6 bytes).
    Removing hc32f46x_gpio.o(.rev16_text), (4 bytes).
    Removing hc32f46x_gpio.o(.revsh_text), (4 bytes).
    Removing hc32f46x_gpio.o(.rrx_text), (6 bytes).
    Removing hc32f46x_gpio.o(i.PORT_AlwaysOn), (156 bytes).
    Removing hc32f46x_gpio.o(i.PORT_DeInit), (136 bytes).
    Removing hc32f46x_gpio.o(i.PORT_DebugPortSetting), (136 bytes).
    Removing hc32f46x_gpio.o(i.PORT_GetBit), (204 bytes).
    Removing hc32f46x_gpio.o(i.PORT_GetData), (96 bytes).
    Removing hc32f46x_gpio.o(i.PORT_Init), (516 bytes).
    Removing hc32f46x_gpio.o(i.PORT_Lock), (16 bytes).
    Removing hc32f46x_gpio.o(i.PORT_OE), (120 bytes).
    Removing hc32f46x_gpio.o(i.PORT_PubSetting), (604 bytes).
    Removing hc32f46x_gpio.o(i.PORT_ResetBits), (104 bytes).
    Removing hc32f46x_gpio.o(i.PORT_ResetPortData), (104 bytes).
    Removing hc32f46x_gpio.o(i.PORT_SetBits), (104 bytes).
    Removing hc32f46x_gpio.o(i.PORT_SetFunc), (456 bytes).
    Removing hc32f46x_gpio.o(i.PORT_SetPortData), (104 bytes).
    Removing hc32f46x_gpio.o(i.PORT_SetSubFunc), (152 bytes).
    Removing hc32f46x_gpio.o(i.PORT_Toggle), (104 bytes).
    Removing hc32f46x_gpio.o(i.PORT_Unlock), (16 bytes).
    Removing hc32f46x_hash.o(.rev16_text), (4 bytes).
    Removing hc32f46x_hash.o(.revsh_text), (4 bytes).
    Removing hc32f46x_hash.o(.rrx_text), (6 bytes).
    Removing hc32f46x_i2c.o(.rev16_text), (4 bytes).
    Removing hc32f46x_i2c.o(.revsh_text), (4 bytes).
    Removing hc32f46x_i2c.o(.rrx_text), (6 bytes).
    Removing hc32f46x_i2s.o(.rev16_text), (4 bytes).
    Removing hc32f46x_i2s.o(.revsh_text), (4 bytes).
    Removing hc32f46x_i2s.o(.rrx_text), (6 bytes).
    Removing hc32f46x_interrupts.o(.rev16_text), (4 bytes).
    Removing hc32f46x_interrupts.o(.revsh_text), (4 bytes).
    Removing hc32f46x_interrupts.o(.rrx_text), (6 bytes).
    Removing hc32f46x_keyscan.o(.rev16_text), (4 bytes).
    Removing hc32f46x_keyscan.o(.revsh_text), (4 bytes).
    Removing hc32f46x_keyscan.o(.rrx_text), (6 bytes).
    Removing hc32f46x_mpu.o(.rev16_text), (4 bytes).
    Removing hc32f46x_mpu.o(.revsh_text), (4 bytes).
    Removing hc32f46x_mpu.o(.rrx_text), (6 bytes).
    Removing hc32f46x_ots.o(.rev16_text), (4 bytes).
    Removing hc32f46x_ots.o(.revsh_text), (4 bytes).
    Removing hc32f46x_ots.o(.rrx_text), (6 bytes).
    Removing hc32f46x_pwc.o(.rev16_text), (4 bytes).
    Removing hc32f46x_pwc.o(.revsh_text), (4 bytes).
    Removing hc32f46x_pwc.o(.rrx_text), (6 bytes).
    Removing hc32f46x_qspi.o(.rev16_text), (4 bytes).
    Removing hc32f46x_qspi.o(.revsh_text), (4 bytes).
    Removing hc32f46x_qspi.o(.rrx_text), (6 bytes).
    Removing hc32f46x_rmu.o(.rev16_text), (4 bytes).
    Removing hc32f46x_rmu.o(.revsh_text), (4 bytes).
    Removing hc32f46x_rmu.o(.rrx_text), (6 bytes).
    Removing hc32f46x_rtc.o(.rev16_text), (4 bytes).
    Removing hc32f46x_rtc.o(.revsh_text), (4 bytes).
    Removing hc32f46x_rtc.o(.rrx_text), (6 bytes).
    Removing hc32f46x_sdioc.o(.rev16_text), (4 bytes).
    Removing hc32f46x_sdioc.o(.revsh_text), (4 bytes).
    Removing hc32f46x_sdioc.o(.rrx_text), (6 bytes).
    Removing hc32f46x_spi.o(.rev16_text), (4 bytes).
    Removing hc32f46x_spi.o(.revsh_text), (4 bytes).
    Removing hc32f46x_spi.o(.rrx_text), (6 bytes).
    Removing hc32f46x_sram.o(.rev16_text), (4 bytes).
    Removing hc32f46x_sram.o(.revsh_text), (4 bytes).
    Removing hc32f46x_sram.o(.rrx_text), (6 bytes).
    Removing hc32f46x_swdt.o(.rev16_text), (4 bytes).
    Removing hc32f46x_swdt.o(.revsh_text), (4 bytes).
    Removing hc32f46x_swdt.o(.rrx_text), (6 bytes).
    Removing hc32f46x_timer0.o(.rev16_text), (4 bytes).
    Removing hc32f46x_timer0.o(.revsh_text), (4 bytes).
    Removing hc32f46x_timer0.o(.rrx_text), (6 bytes).
    Removing hc32f46x_timer4_cnt.o(.rev16_text), (4 bytes).
    Removing hc32f46x_timer4_cnt.o(.revsh_text), (4 bytes).
    Removing hc32f46x_timer4_cnt.o(.rrx_text), (6 bytes).
    Removing hc32f46x_timer4_emb.o(.rev16_text), (4 bytes).
    Removing hc32f46x_timer4_emb.o(.revsh_text), (4 bytes).
    Removing hc32f46x_timer4_emb.o(.rrx_text), (6 bytes).
    Removing hc32f46x_timer4_oco.o(.rev16_text), (4 bytes).
    Removing hc32f46x_timer4_oco.o(.revsh_text), (4 bytes).
    Removing hc32f46x_timer4_oco.o(.rrx_text), (6 bytes).
    Removing hc32f46x_timer4_pwm.o(.rev16_text), (4 bytes).
    Removing hc32f46x_timer4_pwm.o(.revsh_text), (4 bytes).
    Removing hc32f46x_timer4_pwm.o(.rrx_text), (6 bytes).
    Removing hc32f46x_timer4_sevt.o(.rev16_text), (4 bytes).
    Removing hc32f46x_timer4_sevt.o(.revsh_text), (4 bytes).
    Removing hc32f46x_timer4_sevt.o(.rrx_text), (6 bytes).
    Removing hc32f46x_timer6.o(.rev16_text), (4 bytes).
    Removing hc32f46x_timer6.o(.revsh_text), (4 bytes).
    Removing hc32f46x_timer6.o(.rrx_text), (6 bytes).
    Removing hc32f46x_timera.o(.rev16_text), (4 bytes).
    Removing hc32f46x_timera.o(.revsh_text), (4 bytes).
    Removing hc32f46x_timera.o(.rrx_text), (6 bytes).
    Removing hc32f46x_trng.o(.rev16_text), (4 bytes).
    Removing hc32f46x_trng.o(.revsh_text), (4 bytes).
    Removing hc32f46x_trng.o(.rrx_text), (6 bytes).
    Removing hc32f46x_usart.o(.rev16_text), (4 bytes).
    Removing hc32f46x_usart.o(.revsh_text), (4 bytes).
    Removing hc32f46x_usart.o(.rrx_text), (6 bytes).
    Removing hc32f46x_wdt.o(.rev16_text), (4 bytes).
    Removing hc32f46x_wdt.o(.revsh_text), (4 bytes).
    Removing hc32f46x_wdt.o(.rrx_text), (6 bytes).
    Removing fadd.o(.text), (176 bytes).
    Removing fmul.o(.text), (100 bytes).
    Removing fdiv.o(.text), (124 bytes).
    Removing ffltui.o(.text), (10 bytes).
    Removing ffixui.o(.text), (40 bytes).
    Removing cfcmple.o(.text), (20 bytes).
    Removing cfrcmple.o(.text), (20 bytes).
    Removing fepilogue.o(.text), (110 bytes).
    Removing dadd.o(.text), (334 bytes).
    Removing dmul.o(.text), (228 bytes).
    Removing ddiv.o(.text), (222 bytes).
    Removing dfixul.o(.text), (48 bytes).
    Removing cdrcmple.o(.text), (48 bytes).
    Removing depilogue.o(.text), (186 bytes).

237 unused section(s) (total 16374 bytes) removed from the image.

==============================================================================

Image Symbol Table

    Local Symbols

    Symbol Name                              Value     Ov Type        Size  Object(Section)

    RESET                                    0x00000000   Section      640  startup_hc32f46x.o(RESET)
    ../clib/microlib/division.c              0x00000000   Number         0  uldiv.o ABSOLUTE
    ../clib/microlib/division.c              0x00000000   Number         0  uidiv.o ABSOLUTE
    ../clib/microlib/init/entry.s            0x00000000   Number         0  entry9a.o ABSOLUTE
    ../clib/microlib/init/entry.s            0x00000000   Number         0  entry8b.o ABSOLUTE
    ../clib/microlib/init/entry.s            0x00000000   Number         0  entry8a.o ABSOLUTE
    ../clib/microlib/init/entry.s            0x00000000   Number         0  entry.o ABSOLUTE
    ../clib/microlib/init/entry.s            0x00000000   Number         0  entry7b.o ABSOLUTE
    ../clib/microlib/init/entry.s            0x00000000   Number         0  entry7a.o ABSOLUTE
    ../clib/microlib/init/entry.s            0x00000000   Number         0  entry5.o ABSOLUTE
    ../clib/microlib/init/entry.s            0x00000000   Number         0  entry2.o ABSOLUTE
    ../clib/microlib/init/entry.s            0x00000000   Number         0  entry11a.o ABSOLUTE
    ../clib/microlib/init/entry.s            0x00000000   Number         0  entry10a.o ABSOLUTE
    ../clib/microlib/init/entry.s            0x00000000   Number         0  entry11b.o ABSOLUTE
    ../clib/microlib/init/entry.s            0x00000000   Number         0  entry10b.o ABSOLUTE
    ../clib/microlib/init/entry.s            0x00000000   Number         0  entry9b.o ABSOLUTE
    ../clib/microlib/longlong.c              0x00000000   Number         0  llshl.o ABSOLUTE
    ../clib/microlib/longlong.c              0x00000000   Number         0  llsshr.o ABSOLUTE
    ../clib/microlib/longlong.c              0x00000000   Number         0  llushr.o ABSOLUTE
    ../clib/microlib/printf/printf.c         0x00000000   Number         0  printf5.o ABSOLUTE
    ../clib/microlib/printf/printf.c         0x00000000   Number         0  printf4.o ABSOLUTE
    ../clib/microlib/printf/printf.c         0x00000000   Number         0  printf3.o ABSOLUTE
    ../clib/microlib/printf/printf.c         0x00000000   Number         0  printf2.o ABSOLUTE
    ../clib/microlib/printf/printf.c         0x00000000   Number         0  printf1.o ABSOLUTE
    ../clib/microlib/printf/printf.c         0x00000000   Number         0  printf0.o ABSOLUTE
    ../clib/microlib/printf/printf.c         0x00000000   Number         0  printfb.o ABSOLUTE
    ../clib/microlib/printf/printf.c         0x00000000   Number         0  printf8.o ABSOLUTE
    ../clib/microlib/printf/printf.c         0x00000000   Number         0  printfa.o ABSOLUTE
    ../clib/microlib/printf/printf.c         0x00000000   Number         0  printf6.o ABSOLUTE
    ../clib/microlib/printf/printf.c         0x00000000   Number         0  printf7.o ABSOLUTE
    ../clib/microlib/printf/stubs.s          0x00000000   Number         0  stubs.o ABSOLUTE
    ../clib/microlib/stdio/streams.c         0x00000000   Number         0  stdout.o ABSOLUTE
    ../clib/microlib/stubs.s                 0x00000000   Number         0  iusefp.o ABSOLUTE
    ../fplib/microlib/fpadd.c                0x00000000   Number         0  fadd.o ABSOLUTE
    ../fplib/microlib/fpadd.c                0x00000000   Number         0  dadd.o ABSOLUTE
    ../fplib/microlib/fpdiv.c                0x00000000   Number         0  fdiv.o ABSOLUTE
    ../fplib/microlib/fpdiv.c                0x00000000   Number         0  ddiv.o ABSOLUTE
    ../fplib/microlib/fpepilogue.c           0x00000000   Number         0  fepilogue.o ABSOLUTE
    ../fplib/microlib/fpepilogue.c           0x00000000   Number         0  depilogue.o ABSOLUTE
    ../fplib/microlib/fpfix.c                0x00000000   Number         0  ffixui.o ABSOLUTE
    ../fplib/microlib/fpfix.c                0x00000000   Number         0  dfixul.o ABSOLUTE
    ../fplib/microlib/fpflt.c                0x00000000   Number         0  ffltui.o ABSOLUTE
    ../fplib/microlib/fpmul.c                0x00000000   Number         0  fmul.o ABSOLUTE
    ../fplib/microlib/fpmul.c                0x00000000   Number         0  dmul.o ABSOLUTE
    ..\..\..\driver\src\hc32f46x_adc.c       0x00000000   Number         0  hc32f46x_adc.o ABSOLUTE
    ..\..\..\driver\src\hc32f46x_aes.c       0x00000000   Number         0  hc32f46x_aes.o ABSOLUTE
    ..\..\..\driver\src\hc32f46x_can.c       0x00000000   Number         0  hc32f46x_can.o ABSOLUTE
    ..\..\..\driver\src\hc32f46x_clk.c       0x00000000   Number         0  hc32f46x_clk.o ABSOLUTE
    ..\..\..\driver\src\hc32f46x_cmp.c       0x00000000   Number         0  hc32f46x_cmp.o ABSOLUTE
    ..\..\..\driver\src\hc32f46x_crc.c       0x00000000   Number         0  hc32f46x_crc.o ABSOLUTE
    ..\..\..\driver\src\hc32f46x_dcu.c       0x00000000   Number         0  hc32f46x_dcu.o ABSOLUTE
    ..\..\..\driver\src\hc32f46x_dmac.c      0x00000000   Number         0  hc32f46x_dmac.o ABSOLUTE
    ..\..\..\driver\src\hc32f46x_efm.c       0x00000000   Number         0  hc32f46x_efm.o ABSOLUTE
    ..\..\..\driver\src\hc32f46x_emb.c       0x00000000   Number         0  hc32f46x_emb.o ABSOLUTE
    ..\..\..\driver\src\hc32f46x_event_port.c 0x00000000   Number         0  hc32f46x_event_port.o ABSOLUTE
    ..\..\..\driver\src\hc32f46x_exint_nmi_swi.c 0x00000000   Number         0  hc32f46x_exint_nmi_swi.o ABSOLUTE
    ..\..\..\driver\src\hc32f46x_gpio.c      0x00000000   Number         0  hc32f46x_gpio.o ABSOLUTE
    ..\..\..\driver\src\hc32f46x_hash.c      0x00000000   Number         0  hc32f46x_hash.o ABSOLUTE
    ..\..\..\driver\src\hc32f46x_i2c.c       0x00000000   Number         0  hc32f46x_i2c.o ABSOLUTE
    ..\..\..\driver\src\hc32f46x_i2s.c       0x00000000   Number         0  hc32f46x_i2s.o ABSOLUTE
    ..\..\..\driver\src\hc32f46x_icg.c       0x00000000   Number         0  hc32f46x_icg.o ABSOLUTE
    ..\..\..\driver\src\hc32f46x_interrupts.c 0x00000000   Number         0  hc32f46x_interrupts.o ABSOLUTE
    ..\..\..\driver\src\hc32f46x_keyscan.c   0x00000000   Number         0  hc32f46x_keyscan.o ABSOLUTE
    ..\..\..\driver\src\hc32f46x_mpu.c       0x00000000   Number         0  hc32f46x_mpu.o ABSOLUTE
    ..\..\..\driver\src\hc32f46x_ots.c       0x00000000   Number         0  hc32f46x_ots.o ABSOLUTE
    ..\..\..\driver\src\hc32f46x_pwc.c       0x00000000   Number         0  hc32f46x_pwc.o ABSOLUTE
    ..\..\..\driver\src\hc32f46x_qspi.c      0x00000000   Number         0  hc32f46x_qspi.o ABSOLUTE
    ..\..\..\driver\src\hc32f46x_rmu.c       0x00000000   Number         0  hc32f46x_rmu.o ABSOLUTE
    ..\..\..\driver\src\hc32f46x_rtc.c       0x00000000   Number         0  hc32f46x_rtc.o ABSOLUTE
    ..\..\..\driver\src\hc32f46x_sdioc.c     0x00000000   Number         0  hc32f46x_sdioc.o ABSOLUTE
    ..\..\..\driver\src\hc32f46x_spi.c       0x00000000   Number         0  hc32f46x_spi.o ABSOLUTE
    ..\..\..\driver\src\hc32f46x_sram.c      0x00000000   Number         0  hc32f46x_sram.o ABSOLUTE
    ..\..\..\driver\src\hc32f46x_swdt.c      0x00000000   Number         0  hc32f46x_swdt.o ABSOLUTE
    ..\..\..\driver\src\hc32f46x_timer0.c    0x00000000   Number         0  hc32f46x_timer0.o ABSOLUTE
    ..\..\..\driver\src\hc32f46x_timer4_cnt.c 0x00000000   Number         0  hc32f46x_timer4_cnt.o ABSOLUTE
    ..\..\..\driver\src\hc32f46x_timer4_emb.c 0x00000000   Number         0  hc32f46x_timer4_emb.o ABSOLUTE
    ..\..\..\driver\src\hc32f46x_timer4_oco.c 0x00000000   Number         0  hc32f46x_timer4_oco.o ABSOLUTE
    ..\..\..\driver\src\hc32f46x_timer4_pwm.c 0x00000000   Number         0  hc32f46x_timer4_pwm.o ABSOLUTE
    ..\..\..\driver\src\hc32f46x_timer4_sevt.c 0x00000000   Number         0  hc32f46x_timer4_sevt.o ABSOLUTE
    ..\..\..\driver\src\hc32f46x_timer6.c    0x00000000   Number         0  hc32f46x_timer6.o ABSOLUTE
    ..\..\..\driver\src\hc32f46x_timera.c    0x00000000   Number         0  hc32f46x_timera.o ABSOLUTE
    ..\..\..\driver\src\hc32f46x_trng.c      0x00000000   Number         0  hc32f46x_trng.o ABSOLUTE
    ..\..\..\driver\src\hc32f46x_usart.c     0x00000000   Number         0  hc32f46x_usart.o ABSOLUTE
    ..\..\..\driver\src\hc32f46x_utility.c   0x00000000   Number         0  hc32f46x_utility.o ABSOLUTE
    ..\..\..\driver\src\hc32f46x_wdt.c       0x00000000   Number         0  hc32f46x_wdt.o ABSOLUTE
    ..\..\..\mcu\common\system_hc32f46x.c    0x00000000   Number         0  system_hc32f46x.o ABSOLUTE
    ..\\..\\..\\driver\\src\\hc32f46x_adc.c  0x00000000   Number         0  hc32f46x_adc.o ABSOLUTE
    ..\\..\\..\\driver\\src\\hc32f46x_aes.c  0x00000000   Number         0  hc32f46x_aes.o ABSOLUTE
    ..\\..\\..\\driver\\src\\hc32f46x_can.c  0x00000000   Number         0  hc32f46x_can.o ABSOLUTE
    ..\\..\\..\\driver\\src\\hc32f46x_clk.c  0x00000000   Number         0  hc32f46x_clk.o ABSOLUTE
    ..\\..\\..\\driver\\src\\hc32f46x_cmp.c  0x00000000   Number         0  hc32f46x_cmp.o ABSOLUTE
    ..\\..\\..\\driver\\src\\hc32f46x_crc.c  0x00000000   Number         0  hc32f46x_crc.o ABSOLUTE
    ..\\..\\..\\driver\\src\\hc32f46x_dcu.c  0x00000000   Number         0  hc32f46x_dcu.o ABSOLUTE
    ..\\..\\..\\driver\\src\\hc32f46x_dmac.c 0x00000000   Number         0  hc32f46x_dmac.o ABSOLUTE
    ..\\..\\..\\driver\\src\\hc32f46x_efm.c  0x00000000   Number         0  hc32f46x_efm.o ABSOLUTE
    ..\\..\\..\\driver\\src\\hc32f46x_emb.c  0x00000000   Number         0  hc32f46x_emb.o ABSOLUTE
    ..\\..\\..\\driver\\src\\hc32f46x_event_port.c 0x00000000   Number         0  hc32f46x_event_port.o ABSOLUTE
    ..\\..\\..\\driver\\src\\hc32f46x_exint_nmi_swi.c 0x00000000   Number         0  hc32f46x_exint_nmi_swi.o ABSOLUTE
    ..\\..\\..\\driver\\src\\hc32f46x_gpio.c 0x00000000   Number         0  hc32f46x_gpio.o ABSOLUTE
    ..\\..\\..\\driver\\src\\hc32f46x_hash.c 0x00000000   Number         0  hc32f46x_hash.o ABSOLUTE
    ..\\..\\..\\driver\\src\\hc32f46x_i2c.c  0x00000000   Number         0  hc32f46x_i2c.o ABSOLUTE
    ..\\..\\..\\driver\\src\\hc32f46x_i2s.c  0x00000000   Number         0  hc32f46x_i2s.o ABSOLUTE
    ..\\..\\..\\driver\\src\\hc32f46x_icg.c  0x00000000   Number         0  hc32f46x_icg.o ABSOLUTE
    ..\\..\\..\\driver\\src\\hc32f46x_interrupts.c 0x00000000   Number         0  hc32f46x_interrupts.o ABSOLUTE
    ..\\..\\..\\driver\\src\\hc32f46x_keyscan.c 0x00000000   Number         0  hc32f46x_keyscan.o ABSOLUTE
    ..\\..\\..\\driver\\src\\hc32f46x_mpu.c  0x00000000   Number         0  hc32f46x_mpu.o ABSOLUTE
    ..\\..\\..\\driver\\src\\hc32f46x_ots.c  0x00000000   Number         0  hc32f46x_ots.o ABSOLUTE
    ..\\..\\..\\driver\\src\\hc32f46x_pwc.c  0x00000000   Number         0  hc32f46x_pwc.o ABSOLUTE
    ..\\..\\..\\driver\\src\\hc32f46x_qspi.c 0x00000000   Number         0  hc32f46x_qspi.o ABSOLUTE
    ..\\..\\..\\driver\\src\\hc32f46x_rmu.c  0x00000000   Number         0  hc32f46x_rmu.o ABSOLUTE
    ..\\..\\..\\driver\\src\\hc32f46x_rtc.c  0x00000000   Number         0  hc32f46x_rtc.o ABSOLUTE
    ..\\..\\..\\driver\\src\\hc32f46x_sdioc.c 0x00000000   Number         0  hc32f46x_sdioc.o ABSOLUTE
    ..\\..\\..\\driver\\src\\hc32f46x_spi.c  0x00000000   Number         0  hc32f46x_spi.o ABSOLUTE
    ..\\..\\..\\driver\\src\\hc32f46x_sram.c 0x00000000   Number         0  hc32f46x_sram.o ABSOLUTE
    ..\\..\\..\\driver\\src\\hc32f46x_swdt.c 0x00000000   Number         0  hc32f46x_swdt.o ABSOLUTE
    ..\\..\\..\\driver\\src\\hc32f46x_timer0.c 0x00000000   Number         0  hc32f46x_timer0.o ABSOLUTE
    ..\\..\\..\\driver\\src\\hc32f46x_timer4_cnt.c 0x00000000   Number         0  hc32f46x_timer4_cnt.o ABSOLUTE
    ..\\..\\..\\driver\\src\\hc32f46x_timer4_emb.c 0x00000000   Number         0  hc32f46x_timer4_emb.o ABSOLUTE
    ..\\..\\..\\driver\\src\\hc32f46x_timer4_oco.c 0x00000000   Number         0  hc32f46x_timer4_oco.o ABSOLUTE
    ..\\..\\..\\driver\\src\\hc32f46x_timer4_pwm.c 0x00000000   Number         0  hc32f46x_timer4_pwm.o ABSOLUTE
    ..\\..\\..\\driver\\src\\hc32f46x_timer4_sevt.c 0x00000000   Number         0  hc32f46x_timer4_sevt.o ABSOLUTE
    ..\\..\\..\\driver\\src\\hc32f46x_timer6.c 0x00000000   Number         0  hc32f46x_timer6.o ABSOLUTE
    ..\\..\\..\\driver\\src\\hc32f46x_timera.c 0x00000000   Number         0  hc32f46x_timera.o ABSOLUTE
    ..\\..\\..\\driver\\src\\hc32f46x_trng.c 0x00000000   Number         0  hc32f46x_trng.o ABSOLUTE
    ..\\..\\..\\driver\\src\\hc32f46x_usart.c 0x00000000   Number         0  hc32f46x_usart.o ABSOLUTE
    ..\\..\\..\\driver\\src\\hc32f46x_utility.c 0x00000000   Number         0  hc32f46x_utility.o ABSOLUTE
    ..\\..\\..\\driver\\src\\hc32f46x_wdt.c  0x00000000   Number         0  hc32f46x_wdt.o ABSOLUTE
    ..\\..\\..\\mcu\\common\\system_hc32f46x.c 0x00000000   Number         0  system_hc32f46x.o ABSOLUTE
    ..\\source\\bootloader.c                 0x00000000   Number         0  bootloader.o ABSOLUTE
    ..\\source\\drv_flash.c                  0x00000000   Number         0  drv_flash.o ABSOLUTE
    ..\\source\\main.c                       0x00000000   Number         0  main.o ABSOLUTE
    ..\source\bootloader.c                   0x00000000   Number         0  bootloader.o ABSOLUTE
    ..\source\drv_flash.c                    0x00000000   Number         0  drv_flash.o ABSOLUTE
    ..\source\main.c                         0x00000000   Number         0  main.o ABSOLUTE
    cdrcmple.s                               0x00000000   Number         0  cdrcmple.o ABSOLUTE
    cfcmple.s                                0x00000000   Number         0  cfcmple.o ABSOLUTE
    cfrcmple.s                               0x00000000   Number         0  cfrcmple.o ABSOLUTE
    dc.s                                     0x00000000   Number         0  dc.o ABSOLUTE
    handlers.s                               0x00000000   Number         0  handlers.o ABSOLUTE
    init.s                                   0x00000000   Number         0  init.o ABSOLUTE
    startup_hc32f46x.s                       0x00000000   Number         0  startup_hc32f46x.o ABSOLUTE
    .ARM.Collect$$$$00000000                 0x00000280   Section        0  entry.o(.ARM.Collect$$$$00000000)
    .ARM.Collect$$$$00000001                 0x00000280   Section        4  entry2.o(.ARM.Collect$$$$00000001)
    .ARM.Collect$$$$00000004                 0x00000284   Section        4  entry5.o(.ARM.Collect$$$$00000004)
    .ARM.Collect$$$$00000008                 0x00000288   Section        0  entry7b.o(.ARM.Collect$$$$00000008)
    .ARM.Collect$$$$0000000A                 0x00000288   Section        0  entry8b.o(.ARM.Collect$$$$0000000A)
    .ARM.Collect$$$$0000000B                 0x00000288   Section        8  entry9a.o(.ARM.Collect$$$$0000000B)
    .ARM.Collect$$$$0000000D                 0x00000290   Section        0  entry10a.o(.ARM.Collect$$$$0000000D)
    .ARM.Collect$$$$0000000F                 0x00000290   Section        0  entry11a.o(.ARM.Collect$$$$0000000F)
    .ARM.Collect$$$$00002712                 0x00000290   Section        4  entry2.o(.ARM.Collect$$$$00002712)
    __lit__00000000                          0x00000290   Data           4  entry2.o(.ARM.Collect$$$$00002712)
    .text                                    0x00000294   Section       88  startup_hc32f46x.o(.text)
    .text                                    0x000002ec   Section        0  uidiv.o(.text)
    .text                                    0x00000318   Section       36  init.o(.text)
    i.Boot                                   0x0000033c   Section        0  bootloader.o(i.Boot)
    i.Boot_CopyApp                           0x00000388   Section        0  bootloader.o(i.Boot_CopyApp)
    i.Boot_EraseMark                         0x000003c0   Section        0  bootloader.o(i.Boot_EraseMark)
    i.Boot_Get_App1Checksum                  0x000003cc   Section        0  bootloader.o(i.Boot_Get_App1Checksum)
    i.__scatterload_null                     0x000003fc   Section        2  handlers.o(i.__scatterload_null)
    .ARM.__AT_0x00000400                     0x00000400   Section       32  hc32f46x_icg.o(.ARM.__AT_0x00000400)
    i.Boot_Get_Info                          0x00000420   Section        0  bootloader.o(i.Boot_Get_Info)
    i.Boot_Get_Mark                          0x000004a8   Section        0  bootloader.o(i.Boot_Get_Mark)
    i.Copy                                   0x000004b8   Section        0  bootloader.o(i.Copy)
    i.Ddl_AssertHandler                      0x000004cc   Section        0  hc32f46x_utility.o(i.Ddl_AssertHandler)
    i.DebugOutput                            0x00000510   Section        0  hc32f46x_utility.o(i.DebugOutput)
    i.EFM_ClearFlag                          0x00000528   Section        0  hc32f46x_efm.o(i.EFM_ClearFlag)
    i.EFM_ErasePgmCmd                        0x00000534   Section        0  hc32f46x_efm.o(i.EFM_ErasePgmCmd)
    i.EFM_FlashCmd                           0x00000584   Section        0  hc32f46x_efm.o(i.EFM_FlashCmd)
    i.EFM_GetFlagStatus                      0x000005dc   Section        0  hc32f46x_efm.o(i.EFM_GetFlagStatus)
    i.EFM_Lock                               0x00000648   Section        0  hc32f46x_efm.o(i.EFM_Lock)
    i.EFM_SectorErase                        0x00000660   Section        0  hc32f46x_efm.o(i.EFM_SectorErase)
    i.EFM_SingleProgram                      0x00000734   Section        0  hc32f46x_efm.o(i.EFM_SingleProgram)
    i.EFM_Unlock                             0x00000814   Section        0  hc32f46x_efm.o(i.EFM_Unlock)
    i.Flash__ErasePage                       0x00000828   Section        0  drv_flash.o(i.Flash__ErasePage)
    i.Flash__Lock                            0x00000870   Section        0  drv_flash.o(i.Flash__Lock)
    i.Flash__Unlock                          0x00000888   Section        0  drv_flash.o(i.Flash__Unlock)
    i.Flash__WriteArray                      0x0000089c   Section        0  drv_flash.o(i.Flash__WriteArray)
    i.Flash__WriteWord                       0x000008f8   Section        0  drv_flash.o(i.Flash__WriteWord)
    i.JumpTo                                 0x00000924   Section        0  bootloader.o(i.JumpTo)
    i.SystemCoreClockUpdate                  0x00000954   Section        0  system_hc32f46x.o(i.SystemCoreClockUpdate)
    i.SystemInit                             0x00000a40   Section        0  system_hc32f46x.o(i.SystemInit)
    i.__0printf$3                            0x00000a48   Section        0  printf3.o(i.__0printf$3)
    i.__scatterload_copy                     0x00000a68   Section       14  handlers.o(i.__scatterload_copy)
    i.__scatterload_zeroinit                 0x00000a76   Section       14  handlers.o(i.__scatterload_zeroinit)
    i._printf_core                           0x00000a84   Section        0  printf3.o(i._printf_core)
    _printf_core                             0x00000a85   Thumb Code   436  printf3.o(i._printf_core)
    i.fputc                                  0x00000c3c   Section        0  hc32f46x_utility.o(i.fputc)
    i.main                                   0x00000c4c   Section        0  main.o(i.main)
    .data                                    0x1fff8000   Section        8  system_hc32f46x.o(.data)
    .data                                    0x1fff8008   Section        4  stdout.o(.data)
    .bss                                     0x1fff800c   Section       20  bootloader.o(.bss)
    STACK                                    0x1fff8020   Section     1024  startup_hc32f46x.o(STACK)

    Global Symbols

    Symbol Name                              Value     Ov Type        Size  Object(Section)

    BuildAttributes$$THM_ISAv4$E$P$D$K$B$S$7EM$PE$A:L22UL41UL21$X:L11$S22US41US21$IEEE1$IW$USESV6$~STKCKD$USESV7$~SHL$OTIME$ROPI$EBA8$MICROLIB$REQ8$PRES8$EABIv2 0x00000000   Number         0  anon$$obj.o ABSOLUTE
    __ARM_use_no_argv                        0x00000000   Number         0  main.o ABSOLUTE
    __Vectors                                0x00000000   Data           4  startup_hc32f46x.o(RESET)
    _printf_a                                0x00000000   Number         0  stubs.o ABSOLUTE
    _printf_c                                0x00000000   Number         0  stubs.o ABSOLUTE
    _printf_charcount                        0x00000000   Number         0  stubs.o ABSOLUTE
    _printf_d                                0x00000000   Number         0  stubs.o ABSOLUTE
    _printf_e                                0x00000000   Number         0  stubs.o ABSOLUTE
    _printf_f                                0x00000000   Number         0  stubs.o ABSOLUTE
    _printf_flags                            0x00000000   Number         0  stubs.o ABSOLUTE
    _printf_fp_dec                           0x00000000   Number         0  stubs.o ABSOLUTE
    _printf_fp_hex                           0x00000000   Number         0  stubs.o ABSOLUTE
    _printf_g                                0x00000000   Number         0  stubs.o ABSOLUTE
    _printf_i                                0x00000000   Number         0  stubs.o ABSOLUTE
    _printf_int_dec                          0x00000000   Number         0  stubs.o ABSOLUTE
    _printf_l                                0x00000000   Number         0  stubs.o ABSOLUTE
    _printf_lc                               0x00000000   Number         0  stubs.o ABSOLUTE
    _printf_ll                               0x00000000   Number         0  stubs.o ABSOLUTE
    _printf_lld                              0x00000000   Number         0  stubs.o ABSOLUTE
    _printf_lli                              0x00000000   Number         0  stubs.o ABSOLUTE
    _printf_llo                              0x00000000   Number         0  stubs.o ABSOLUTE
    _printf_llu                              0x00000000   Number         0  stubs.o ABSOLUTE
    _printf_llx                              0x00000000   Number         0  stubs.o ABSOLUTE
    _printf_longlong_dec                     0x00000000   Number         0  stubs.o ABSOLUTE
    _printf_longlong_hex                     0x00000000   Number         0  stubs.o ABSOLUTE
    _printf_longlong_oct                     0x00000000   Number         0  stubs.o ABSOLUTE
    _printf_ls                               0x00000000   Number         0  stubs.o ABSOLUTE
    _printf_mbtowc                           0x00000000   Number         0  stubs.o ABSOLUTE
    _printf_n                                0x00000000   Number         0  stubs.o ABSOLUTE
    _printf_o                                0x00000000   Number         0  stubs.o ABSOLUTE
    _printf_p                                0x00000000   Number         0  stubs.o ABSOLUTE
    _printf_percent                          0x00000000   Number         0  stubs.o ABSOLUTE
    _printf_pre_padding                      0x00000000   Number         0  stubs.o ABSOLUTE
    _printf_return_value                     0x00000000   Number         0  stubs.o ABSOLUTE
    _printf_s                                0x00000000   Number         0  stubs.o ABSOLUTE
    _printf_sizespec                         0x00000000   Number         0  stubs.o ABSOLUTE
    _printf_str                              0x00000000   Number         0  stubs.o ABSOLUTE
    _printf_truncate_signed                  0x00000000   Number         0  stubs.o ABSOLUTE
    _printf_truncate_unsigned                0x00000000   Number         0  stubs.o ABSOLUTE
    _printf_u                                0x00000000   Number         0  stubs.o ABSOLUTE
    _printf_wc                               0x00000000   Number         0  stubs.o ABSOLUTE
    _printf_wctomb                           0x00000000   Number         0  stubs.o ABSOLUTE
    _printf_widthprec                        0x00000000   Number         0  stubs.o ABSOLUTE
    _printf_x                                0x00000000   Number         0  stubs.o ABSOLUTE
    __cpp_initialize__aeabi_                  - Undefined Weak Reference
    __cxa_finalize                            - Undefined Weak Reference
    __decompress                              - Undefined Weak Reference
    _clock_init                               - Undefined Weak Reference
    _microlib_exit                            - Undefined Weak Reference
    __Vectors_End                            0x00000280   Data           0  startup_hc32f46x.o(RESET)
    __Vectors_Size                           0x00000280   Number         0  startup_hc32f46x.o ABSOLUTE
    __main                                   0x00000281   Thumb Code     0  entry.o(.ARM.Collect$$$$00000000)
    _main_stk                                0x00000281   Thumb Code     0  entry2.o(.ARM.Collect$$$$00000001)
    _main_scatterload                        0x00000285   Thumb Code     0  entry5.o(.ARM.Collect$$$$00000004)
    __main_after_scatterload                 0x00000289   Thumb Code     0  entry5.o(.ARM.Collect$$$$00000004)
    _main_clock                              0x00000289   Thumb Code     0  entry7b.o(.ARM.Collect$$$$00000008)
    _main_cpp_init                           0x00000289   Thumb Code     0  entry8b.o(.ARM.Collect$$$$0000000A)
    _main_init                               0x00000289   Thumb Code     0  entry9a.o(.ARM.Collect$$$$0000000B)
    __rt_final_cpp                           0x00000291   Thumb Code     0  entry10a.o(.ARM.Collect$$$$0000000D)
    __rt_final_exit                          0x00000291   Thumb Code     0  entry11a.o(.ARM.Collect$$$$0000000F)
    Reset_Handler                            0x00000295   Thumb Code    48  startup_hc32f46x.o(.text)
    NMI_Handler                              0x000002c5   Thumb Code     2  startup_hc32f46x.o(.text)
    HardFault_Handler                        0x000002c7   Thumb Code     2  startup_hc32f46x.o(.text)
    MemManage_Handler                        0x000002c9   Thumb Code     2  startup_hc32f46x.o(.text)
    BusFault_Handler                         0x000002cb   Thumb Code     2  startup_hc32f46x.o(.text)
    UsageFault_Handler                       0x000002cd   Thumb Code     2  startup_hc32f46x.o(.text)
    SVC_Handler                              0x000002cf   Thumb Code     2  startup_hc32f46x.o(.text)
    DebugMon_Handler                         0x000002d1   Thumb Code     2  startup_hc32f46x.o(.text)
    PendSV_Handler                           0x000002d3   Thumb Code     2  startup_hc32f46x.o(.text)
    SysTick_Handler                          0x000002d5   Thumb Code     2  startup_hc32f46x.o(.text)
    IRQ000_Handler                           0x000002d7   Thumb Code     0  startup_hc32f46x.o(.text)
    IRQ001_Handler                           0x000002d7   Thumb Code     0  startup_hc32f46x.o(.text)
    IRQ002_Handler                           0x000002d7   Thumb Code     0  startup_hc32f46x.o(.text)
    IRQ003_Handler                           0x000002d7   Thumb Code     0  startup_hc32f46x.o(.text)
    IRQ004_Handler                           0x000002d7   Thumb Code     0  startup_hc32f46x.o(.text)
    IRQ005_Handler                           0x000002d7   Thumb Code     0  startup_hc32f46x.o(.text)
    IRQ006_Handler                           0x000002d7   Thumb Code     0  startup_hc32f46x.o(.text)
    IRQ007_Handler                           0x000002d7   Thumb Code     0  startup_hc32f46x.o(.text)
    IRQ008_Handler                           0x000002d7   Thumb Code     0  startup_hc32f46x.o(.text)
    IRQ009_Handler                           0x000002d7   Thumb Code     0  startup_hc32f46x.o(.text)
    IRQ010_Handler                           0x000002d7   Thumb Code     0  startup_hc32f46x.o(.text)
    IRQ011_Handler                           0x000002d7   Thumb Code     0  startup_hc32f46x.o(.text)
    IRQ012_Handler                           0x000002d7   Thumb Code     0  startup_hc32f46x.o(.text)
    IRQ013_Handler                           0x000002d7   Thumb Code     0  startup_hc32f46x.o(.text)
    IRQ014_Handler                           0x000002d7   Thumb Code     0  startup_hc32f46x.o(.text)
    IRQ015_Handler                           0x000002d7   Thumb Code     0  startup_hc32f46x.o(.text)
    IRQ016_Handler                           0x000002d7   Thumb Code     0  startup_hc32f46x.o(.text)
    IRQ017_Handler                           0x000002d7   Thumb Code     0  startup_hc32f46x.o(.text)
    IRQ018_Handler                           0x000002d7   Thumb Code     0  startup_hc32f46x.o(.text)
    IRQ019_Handler                           0x000002d7   Thumb Code     0  startup_hc32f46x.o(.text)
    IRQ020_Handler                           0x000002d7   Thumb Code     0  startup_hc32f46x.o(.text)
    IRQ021_Handler                           0x000002d7   Thumb Code     0  startup_hc32f46x.o(.text)
    IRQ022_Handler                           0x000002d7   Thumb Code     0  startup_hc32f46x.o(.text)
    IRQ023_Handler                           0x000002d7   Thumb Code     0  startup_hc32f46x.o(.text)
    IRQ024_Handler                           0x000002d7   Thumb Code     0  startup_hc32f46x.o(.text)
    IRQ025_Handler                           0x000002d7   Thumb Code     0  startup_hc32f46x.o(.text)
    IRQ026_Handler                           0x000002d7   Thumb Code     0  startup_hc32f46x.o(.text)
    IRQ027_Handler                           0x000002d7   Thumb Code     0  startup_hc32f46x.o(.text)
    IRQ028_Handler                           0x000002d7   Thumb Code     0  startup_hc32f46x.o(.text)
    IRQ029_Handler                           0x000002d7   Thumb Code     0  startup_hc32f46x.o(.text)
    IRQ030_Handler                           0x000002d7   Thumb Code     0  startup_hc32f46x.o(.text)
    IRQ031_Handler                           0x000002d7   Thumb Code     0  startup_hc32f46x.o(.text)
    IRQ032_Handler                           0x000002d7   Thumb Code     0  startup_hc32f46x.o(.text)
    IRQ033_Handler                           0x000002d7   Thumb Code     0  startup_hc32f46x.o(.text)
    IRQ034_Handler                           0x000002d7   Thumb Code     0  startup_hc32f46x.o(.text)
    IRQ035_Handler                           0x000002d7   Thumb Code     0  startup_hc32f46x.o(.text)
    IRQ036_Handler                           0x000002d7   Thumb Code     0  startup_hc32f46x.o(.text)
    IRQ037_Handler                           0x000002d7   Thumb Code     0  startup_hc32f46x.o(.text)
    IRQ038_Handler                           0x000002d7   Thumb Code     0  startup_hc32f46x.o(.text)
    IRQ039_Handler                           0x000002d7   Thumb Code     0  startup_hc32f46x.o(.text)
    IRQ040_Handler                           0x000002d7   Thumb Code     0  startup_hc32f46x.o(.text)
    IRQ041_Handler                           0x000002d7   Thumb Code     0  startup_hc32f46x.o(.text)
    IRQ042_Handler                           0x000002d7   Thumb Code     0  startup_hc32f46x.o(.text)
    IRQ043_Handler                           0x000002d7   Thumb Code     0  startup_hc32f46x.o(.text)
    IRQ044_Handler                           0x000002d7   Thumb Code     0  startup_hc32f46x.o(.text)
    IRQ045_Handler                           0x000002d7   Thumb Code     0  startup_hc32f46x.o(.text)
    IRQ046_Handler                           0x000002d7   Thumb Code     0  startup_hc32f46x.o(.text)
    IRQ047_Handler                           0x000002d7   Thumb Code     0  startup_hc32f46x.o(.text)
    IRQ048_Handler                           0x000002d7   Thumb Code     0  startup_hc32f46x.o(.text)
    IRQ049_Handler                           0x000002d7   Thumb Code     0  startup_hc32f46x.o(.text)
    IRQ050_Handler                           0x000002d7   Thumb Code     0  startup_hc32f46x.o(.text)
    IRQ051_Handler                           0x000002d7   Thumb Code     0  startup_hc32f46x.o(.text)
    IRQ052_Handler                           0x000002d7   Thumb Code     0  startup_hc32f46x.o(.text)
    IRQ053_Handler                           0x000002d7   Thumb Code     0  startup_hc32f46x.o(.text)
    IRQ054_Handler                           0x000002d7   Thumb Code     0  startup_hc32f46x.o(.text)
    IRQ055_Handler                           0x000002d7   Thumb Code     0  startup_hc32f46x.o(.text)
    IRQ056_Handler                           0x000002d7   Thumb Code     0  startup_hc32f46x.o(.text)
    IRQ057_Handler                           0x000002d7   Thumb Code     0  startup_hc32f46x.o(.text)
    IRQ058_Handler                           0x000002d7   Thumb Code     0  startup_hc32f46x.o(.text)
    IRQ059_Handler                           0x000002d7   Thumb Code     0  startup_hc32f46x.o(.text)
    IRQ060_Handler                           0x000002d7   Thumb Code     0  startup_hc32f46x.o(.text)
    IRQ061_Handler                           0x000002d7   Thumb Code     0  startup_hc32f46x.o(.text)
    IRQ062_Handler                           0x000002d7   Thumb Code     0  startup_hc32f46x.o(.text)
    IRQ063_Handler                           0x000002d7   Thumb Code     0  startup_hc32f46x.o(.text)
    IRQ064_Handler                           0x000002d7   Thumb Code     0  startup_hc32f46x.o(.text)
    IRQ065_Handler                           0x000002d7   Thumb Code     0  startup_hc32f46x.o(.text)
    IRQ066_Handler                           0x000002d7   Thumb Code     0  startup_hc32f46x.o(.text)
    IRQ067_Handler                           0x000002d7   Thumb Code     0  startup_hc32f46x.o(.text)
    IRQ068_Handler                           0x000002d7   Thumb Code     0  startup_hc32f46x.o(.text)
    IRQ069_Handler                           0x000002d7   Thumb Code     0  startup_hc32f46x.o(.text)
    IRQ070_Handler                           0x000002d7   Thumb Code     0  startup_hc32f46x.o(.text)
    IRQ071_Handler                           0x000002d7   Thumb Code     0  startup_hc32f46x.o(.text)
    IRQ072_Handler                           0x000002d7   Thumb Code     0  startup_hc32f46x.o(.text)
    IRQ073_Handler                           0x000002d7   Thumb Code     0  startup_hc32f46x.o(.text)
    IRQ074_Handler                           0x000002d7   Thumb Code     0  startup_hc32f46x.o(.text)
    IRQ075_Handler                           0x000002d7   Thumb Code     0  startup_hc32f46x.o(.text)
    IRQ076_Handler                           0x000002d7   Thumb Code     0  startup_hc32f46x.o(.text)
    IRQ077_Handler                           0x000002d7   Thumb Code     0  startup_hc32f46x.o(.text)
    IRQ078_Handler                           0x000002d7   Thumb Code     0  startup_hc32f46x.o(.text)
    IRQ079_Handler                           0x000002d7   Thumb Code     0  startup_hc32f46x.o(.text)
    IRQ080_Handler                           0x000002d7   Thumb Code     0  startup_hc32f46x.o(.text)
    IRQ081_Handler                           0x000002d7   Thumb Code     0  startup_hc32f46x.o(.text)
    IRQ082_Handler                           0x000002d7   Thumb Code     0  startup_hc32f46x.o(.text)
    IRQ083_Handler                           0x000002d7   Thumb Code     0  startup_hc32f46x.o(.text)
    IRQ084_Handler                           0x000002d7   Thumb Code     0  startup_hc32f46x.o(.text)
    IRQ085_Handler                           0x000002d7   Thumb Code     0  startup_hc32f46x.o(.text)
    IRQ086_Handler                           0x000002d7   Thumb Code     0  startup_hc32f46x.o(.text)
    IRQ087_Handler                           0x000002d7   Thumb Code     0  startup_hc32f46x.o(.text)
    IRQ088_Handler                           0x000002d7   Thumb Code     0  startup_hc32f46x.o(.text)
    IRQ089_Handler                           0x000002d7   Thumb Code     0  startup_hc32f46x.o(.text)
    IRQ090_Handler                           0x000002d7   Thumb Code     0  startup_hc32f46x.o(.text)
    IRQ091_Handler                           0x000002d7   Thumb Code     0  startup_hc32f46x.o(.text)
    IRQ092_Handler                           0x000002d7   Thumb Code     0  startup_hc32f46x.o(.text)
    IRQ093_Handler                           0x000002d7   Thumb Code     0  startup_hc32f46x.o(.text)
    IRQ094_Handler                           0x000002d7   Thumb Code     0  startup_hc32f46x.o(.text)
    IRQ095_Handler                           0x000002d7   Thumb Code     0  startup_hc32f46x.o(.text)
    IRQ096_Handler                           0x000002d7   Thumb Code     0  startup_hc32f46x.o(.text)
    IRQ097_Handler                           0x000002d7   Thumb Code     0  startup_hc32f46x.o(.text)
    IRQ098_Handler                           0x000002d7   Thumb Code     0  startup_hc32f46x.o(.text)
    IRQ099_Handler                           0x000002d7   Thumb Code     0  startup_hc32f46x.o(.text)
    IRQ100_Handler                           0x000002d7   Thumb Code     0  startup_hc32f46x.o(.text)
    IRQ101_Handler                           0x000002d7   Thumb Code     0  startup_hc32f46x.o(.text)
    IRQ102_Handler                           0x000002d7   Thumb Code     0  startup_hc32f46x.o(.text)
    IRQ103_Handler                           0x000002d7   Thumb Code     0  startup_hc32f46x.o(.text)
    IRQ104_Handler                           0x000002d7   Thumb Code     0  startup_hc32f46x.o(.text)
    IRQ105_Handler                           0x000002d7   Thumb Code     0  startup_hc32f46x.o(.text)
    IRQ106_Handler                           0x000002d7   Thumb Code     0  startup_hc32f46x.o(.text)
    IRQ107_Handler                           0x000002d7   Thumb Code     0  startup_hc32f46x.o(.text)
    IRQ108_Handler                           0x000002d7   Thumb Code     0  startup_hc32f46x.o(.text)
    IRQ109_Handler                           0x000002d7   Thumb Code     0  startup_hc32f46x.o(.text)
    IRQ110_Handler                           0x000002d7   Thumb Code     0  startup_hc32f46x.o(.text)
    IRQ111_Handler                           0x000002d7   Thumb Code     0  startup_hc32f46x.o(.text)
    IRQ112_Handler                           0x000002d7   Thumb Code     0  startup_hc32f46x.o(.text)
    IRQ113_Handler                           0x000002d7   Thumb Code     0  startup_hc32f46x.o(.text)
    IRQ114_Handler                           0x000002d7   Thumb Code     0  startup_hc32f46x.o(.text)
    IRQ115_Handler                           0x000002d7   Thumb Code     0  startup_hc32f46x.o(.text)
    IRQ116_Handler                           0x000002d7   Thumb Code     0  startup_hc32f46x.o(.text)
    IRQ117_Handler                           0x000002d7   Thumb Code     0  startup_hc32f46x.o(.text)
    IRQ118_Handler                           0x000002d7   Thumb Code     0  startup_hc32f46x.o(.text)
    IRQ119_Handler                           0x000002d7   Thumb Code     0  startup_hc32f46x.o(.text)
    IRQ120_Handler                           0x000002d7   Thumb Code     0  startup_hc32f46x.o(.text)
    IRQ121_Handler                           0x000002d7   Thumb Code     0  startup_hc32f46x.o(.text)
    IRQ122_Handler                           0x000002d7   Thumb Code     0  startup_hc32f46x.o(.text)
    IRQ123_Handler                           0x000002d7   Thumb Code     0  startup_hc32f46x.o(.text)
    IRQ124_Handler                           0x000002d7   Thumb Code     0  startup_hc32f46x.o(.text)
    IRQ125_Handler                           0x000002d7   Thumb Code     0  startup_hc32f46x.o(.text)
    IRQ126_Handler                           0x000002d7   Thumb Code     0  startup_hc32f46x.o(.text)
    IRQ127_Handler                           0x000002d7   Thumb Code     0  startup_hc32f46x.o(.text)
    IRQ128_Handler                           0x000002d7   Thumb Code     0  startup_hc32f46x.o(.text)
    IRQ129_Handler                           0x000002d7   Thumb Code     0  startup_hc32f46x.o(.text)
    IRQ130_Handler                           0x000002d7   Thumb Code     0  startup_hc32f46x.o(.text)
    IRQ131_Handler                           0x000002d7   Thumb Code     0  startup_hc32f46x.o(.text)
    IRQ132_Handler                           0x000002d7   Thumb Code     0  startup_hc32f46x.o(.text)
    IRQ133_Handler                           0x000002d7   Thumb Code     0  startup_hc32f46x.o(.text)
    IRQ134_Handler                           0x000002d7   Thumb Code     0  startup_hc32f46x.o(.text)
    IRQ135_Handler                           0x000002d7   Thumb Code     0  startup_hc32f46x.o(.text)
    IRQ136_Handler                           0x000002d7   Thumb Code     0  startup_hc32f46x.o(.text)
    IRQ137_Handler                           0x000002d7   Thumb Code     0  startup_hc32f46x.o(.text)
    IRQ138_Handler                           0x000002d7   Thumb Code     0  startup_hc32f46x.o(.text)
    IRQ139_Handler                           0x000002d7   Thumb Code     0  startup_hc32f46x.o(.text)
    IRQ140_Handler                           0x000002d7   Thumb Code     0  startup_hc32f46x.o(.text)
    IRQ141_Handler                           0x000002d7   Thumb Code     0  startup_hc32f46x.o(.text)
    IRQ142_Handler                           0x000002d7   Thumb Code     0  startup_hc32f46x.o(.text)
    IRQ143_Handler                           0x000002d7   Thumb Code     0  startup_hc32f46x.o(.text)
    __aeabi_uidiv                            0x000002ed   Thumb Code     0  uidiv.o(.text)
    __aeabi_uidivmod                         0x000002ed   Thumb Code    44  uidiv.o(.text)
    __scatterload                            0x00000319   Thumb Code    28  init.o(.text)
    __scatterload_rt2                        0x00000319   Thumb Code     0  init.o(.text)
    Boot                                     0x0000033d   Thumb Code    66  bootloader.o(i.Boot)
    Boot_CopyApp                             0x00000389   Thumb Code    52  bootloader.o(i.Boot_CopyApp)
    Boot_EraseMark                           0x000003c1   Thumb Code    12  bootloader.o(i.Boot_EraseMark)
    Boot_Get_App1Checksum                    0x000003cd   Thumb Code    42  bootloader.o(i.Boot_Get_App1Checksum)
    __scatterload_null                       0x000003fd   Thumb Code     2  handlers.o(i.__scatterload_null)
    u32ICG                                   0x00000400   Data          32  hc32f46x_icg.o(.ARM.__AT_0x00000400)
    Boot_Get_Info                            0x00000421   Thumb Code   128  bootloader.o(i.Boot_Get_Info)
    Boot_Get_Mark                            0x000004a9   Thumb Code    12  bootloader.o(i.Boot_Get_Mark)
    Copy                                     0x000004b9   Thumb Code    20  bootloader.o(i.Copy)
    Ddl_AssertHandler                        0x000004cd   Thumb Code    18  hc32f46x_utility.o(i.Ddl_AssertHandler)
    DebugOutput                              0x00000511   Thumb Code    20  hc32f46x_utility.o(i.DebugOutput)
    EFM_ClearFlag                            0x00000529   Thumb Code     6  hc32f46x_efm.o(i.EFM_ClearFlag)
    EFM_ErasePgmCmd                          0x00000535   Thumb Code    40  hc32f46x_efm.o(i.EFM_ErasePgmCmd)
    EFM_FlashCmd                             0x00000585   Thumb Code    48  hc32f46x_efm.o(i.EFM_FlashCmd)
    EFM_GetFlagStatus                        0x000005dd   Thumb Code    66  hc32f46x_efm.o(i.EFM_GetFlagStatus)
    EFM_Lock                                 0x00000649   Thumb Code    20  hc32f46x_efm.o(i.EFM_Lock)
    EFM_SectorErase                          0x00000661   Thumb Code   164  hc32f46x_efm.o(i.EFM_SectorErase)
    EFM_SingleProgram                        0x00000735   Thumb Code   178  hc32f46x_efm.o(i.EFM_SingleProgram)
    EFM_Unlock                               0x00000815   Thumb Code    16  hc32f46x_efm.o(i.EFM_Unlock)
    Flash__ErasePage                         0x00000829   Thumb Code    72  drv_flash.o(i.Flash__ErasePage)
    Flash__Lock                              0x00000871   Thumb Code    20  drv_flash.o(i.Flash__Lock)
    Flash__Unlock                            0x00000889   Thumb Code    16  drv_flash.o(i.Flash__Unlock)
    Flash__WriteArray                        0x0000089d   Thumb Code    92  drv_flash.o(i.Flash__WriteArray)
    Flash__WriteWord                         0x000008f9   Thumb Code    44  drv_flash.o(i.Flash__WriteWord)
    JumpTo                                   0x00000925   Thumb Code    40  bootloader.o(i.JumpTo)
    SystemCoreClockUpdate                    0x00000955   Thumb Code   206  system_hc32f46x.o(i.SystemCoreClockUpdate)
    SystemInit                               0x00000a41   Thumb Code     8  system_hc32f46x.o(i.SystemInit)
    __0printf$3                              0x00000a49   Thumb Code    22  printf3.o(i.__0printf$3)
    __1printf$3                              0x00000a49   Thumb Code     0  printf3.o(i.__0printf$3)
    __2printf                                0x00000a49   Thumb Code     0  printf3.o(i.__0printf$3)
    __scatterload_copy                       0x00000a69   Thumb Code    14  handlers.o(i.__scatterload_copy)
    __scatterload_zeroinit                   0x00000a77   Thumb Code    14  handlers.o(i.__scatterload_zeroinit)
    fputc                                    0x00000c3d   Thumb Code    16  hc32f46x_utility.o(i.fputc)
    main                                     0x00000c4d   Thumb Code     8  main.o(i.main)
    Region$$Table$$Base                      0x00000c54   Number         0  anon$$obj.o(Region$$Table)
    Region$$Table$$Limit                     0x00000c74   Number         0  anon$$obj.o(Region$$Table)
    HRC_VALUE                                0x1fff8000   Data           4  system_hc32f46x.o(.data)
    SystemCoreClock                          0x1fff8004   Data           4  system_hc32f46x.o(.data)
    __stdout                                 0x1fff8008   Data           4  stdout.o(.data)
    Update_Info                              0x1fff800c   Data          20  bootloader.o(.bss)
    __initial_sp                             0x1fff8420   Data           0  startup_hc32f46x.o(STACK)



==============================================================================

Memory Map of the image

  Image Entry point : 0x00000281

  Load Region LR_IROM1 (Base: 0x00000000, Size: 0x00000c80, Max: 0x00004000, ABSOLUTE)

    Execution Region ER_IROM1 (Exec base: 0x00000000, Load base: 0x00000000, Size: 0x00000c74, Max: 0x00004000, ABSOLUTE)

    Exec Addr    Load Addr    Size         Type   Attr      Idx    E Section Name        Object

    0x00000000   0x00000000   0x00000280   Data   RO            3    RESET               startup_hc32f46x.o
    0x00000280   0x00000280   0x00000000   Code   RO         1723  * .ARM.Collect$$$$00000000  mc_w.l(entry.o)
    0x00000280   0x00000280   0x00000004   Code   RO         2003    .ARM.Collect$$$$00000001  mc_w.l(entry2.o)
    0x00000284   0x00000284   0x00000004   Code   RO         2006    .ARM.Collect$$$$00000004  mc_w.l(entry5.o)
    0x00000288   0x00000288   0x00000000   Code   RO         2008    .ARM.Collect$$$$00000008  mc_w.l(entry7b.o)
    0x00000288   0x00000288   0x00000000   Code   RO         2010    .ARM.Collect$$$$0000000A  mc_w.l(entry8b.o)
    0x00000288   0x00000288   0x00000008   Code   RO         2011    .ARM.Collect$$$$0000000B  mc_w.l(entry9a.o)
    0x00000290   0x00000290   0x00000000   Code   RO         2013    .ARM.Collect$$$$0000000D  mc_w.l(entry10a.o)
    0x00000290   0x00000290   0x00000000   Code   RO         2015    .ARM.Collect$$$$0000000F  mc_w.l(entry11a.o)
    0x00000290   0x00000290   0x00000004   Code   RO         2004    .ARM.Collect$$$$00002712  mc_w.l(entry2.o)
    0x00000294   0x00000294   0x00000058   Code   RO            4    .text               startup_hc32f46x.o
    0x000002ec   0x000002ec   0x0000002c   Code   RO         2018    .text               mc_w.l(uidiv.o)
    0x00000318   0x00000318   0x00000024   Code   RO         2037    .text               mc_w.l(init.o)
    0x0000033c   0x0000033c   0x0000004c   Code   RO          236    i.Boot              bootloader.o
    0x00000388   0x00000388   0x00000038   Code   RO          237    i.Boot_CopyApp      bootloader.o
    0x000003c0   0x000003c0   0x0000000c   Code   RO          238    i.Boot_EraseMark    bootloader.o
    0x000003cc   0x000003cc   0x00000030   Code   RO          239    i.Boot_Get_App1Checksum  bootloader.o
    0x000003fc   0x000003fc   0x00000002   Code   RO         2046    i.__scatterload_null  mc_w.l(handlers.o)
    0x000003fe   0x000003fe   0x00000002   PAD
    0x00000400   0x00000400   0x00000020   Data   RO          311    .ARM.__AT_0x00000400  hc32f46x_icg.o
    0x00000420   0x00000420   0x00000088   Code   RO          240    i.Boot_Get_Info     bootloader.o
    0x000004a8   0x000004a8   0x00000010   Code   RO          241    i.Boot_Get_Mark     bootloader.o
    0x000004b8   0x000004b8   0x00000014   Code   RO          242    i.Copy              bootloader.o
    0x000004cc   0x000004cc   0x00000044   Code   RO          342    i.Ddl_AssertHandler  hc32f46x_utility.o
    0x00000510   0x00000510   0x00000018   Code   RO          346    i.DebugOutput       hc32f46x_utility.o
    0x00000528   0x00000528   0x0000000c   Code   RO          836    i.EFM_ClearFlag     hc32f46x_efm.o
    0x00000534   0x00000534   0x00000050   Code   RO          838    i.EFM_ErasePgmCmd   hc32f46x_efm.o
    0x00000584   0x00000584   0x00000058   Code   RO          839    i.EFM_FlashCmd      hc32f46x_efm.o
    0x000005dc   0x000005dc   0x0000006c   Code   RO          840    i.EFM_GetFlagStatus  hc32f46x_efm.o
    0x00000648   0x00000648   0x00000018   Code   RO          844    i.EFM_Lock          hc32f46x_efm.o
    0x00000660   0x00000660   0x000000d4   Code   RO          849    i.EFM_SectorErase   hc32f46x_efm.o
    0x00000734   0x00000734   0x000000e0   Code   RO          856    i.EFM_SingleProgram  hc32f46x_efm.o
    0x00000814   0x00000814   0x00000014   Code   RO          858    i.EFM_Unlock        hc32f46x_efm.o
    0x00000828   0x00000828   0x00000048   Code   RO          154    i.Flash__ErasePage  drv_flash.o
    0x00000870   0x00000870   0x00000018   Code   RO          156    i.Flash__Lock       drv_flash.o
    0x00000888   0x00000888   0x00000014   Code   RO          161    i.Flash__Unlock     drv_flash.o
    0x0000089c   0x0000089c   0x0000005c   Code   RO          162    i.Flash__WriteArray  drv_flash.o
    0x000008f8   0x000008f8   0x0000002c   Code   RO          163    i.Flash__WriteWord  drv_flash.o
    0x00000924   0x00000924   0x00000030   Code   RO          243    i.JumpTo            bootloader.o
    0x00000954   0x00000954   0x000000ec   Code   RO           13    i.SystemCoreClockUpdate  system_hc32f46x.o
    0x00000a40   0x00000a40   0x00000008   Code   RO           14    i.SystemInit        system_hc32f46x.o
    0x00000a48   0x00000a48   0x00000020   Code   RO         1817    i.__0printf$3       mc_w.l(printf3.o)
    0x00000a68   0x00000a68   0x0000000e   Code   RO         2045    i.__scatterload_copy  mc_w.l(handlers.o)
    0x00000a76   0x00000a76   0x0000000e   Code   RO         2047    i.__scatterload_zeroinit  mc_w.l(handlers.o)
    0x00000a84   0x00000a84   0x000001b8   Code   RO         1824    i._printf_core      mc_w.l(printf3.o)
    0x00000c3c   0x00000c3c   0x00000010   Code   RO          354    i.fputc             hc32f46x_utility.o
    0x00000c4c   0x00000c4c   0x00000008   Code   RO           88    i.main              main.o
    0x00000c54   0x00000c54   0x00000020   Data   RO         2043    Region$$Table       anon$$obj.o


    Execution Region RW_IRAM1 (Exec base: 0x1fff8000, Load base: 0x00000c74, Size: 0x00000420, Max: 0x0002f000, ABSOLUTE)

    Exec Addr    Load Addr    Size         Type   Attr      Idx    E Section Name        Object

    0x1fff8000   0x00000c74   0x00000008   Data   RW           15    .data               system_hc32f46x.o
    0x1fff8008   0x00000c7c   0x00000004   Data   RW         2017    .data               mc_w.l(stdout.o)
    0x1fff800c        -       0x00000014   Zero   RW          244    .bss                bootloader.o
    0x1fff8020        -       0x00000400   Zero   RW            1    STACK               startup_hc32f46x.o


==============================================================================

Image component sizes


      Code (inc. data)   RO Data    RW Data    ZI Data      Debug   Object Name

       412         40          0          0         20      10341   bootloader.o
       252          8          0          0          0       3356   drv_flash.o
       768        230          0          0          0       4799   hc32f46x_efm.o
         0          0         32          0          0        633   hc32f46x_icg.o
       108         54          0          0          0       2118   hc32f46x_utility.o
         8          0          0          0          0       2179   main.o
        88         20        640          0       1024        844   startup_hc32f46x.o
       244         36          0          8          0       8989   system_hc32f46x.o

    ----------------------------------------------------------------------
      1880        388        704          8       1044      33259   Object Totals
         0          0         32          0          0          0   (incl. Generated)
         0          0          0          0          0          0   (incl. Padding)

    ----------------------------------------------------------------------

      Code (inc. data)   RO Data    RW Data    ZI Data      Debug   Library Member Name

         0          0          0          0          0          0   entry.o
         0          0          0          0          0          0   entry10a.o
         0          0          0          0          0          0   entry11a.o
         8          4          0          0          0          0   entry2.o
         4          0          0          0          0          0   entry5.o
         0          0          0          0          0          0   entry7b.o
         0          0          0          0          0          0   entry8b.o
         8          4          0          0          0          0   entry9a.o
        30          0          0          0          0          0   handlers.o
        36          8          0          0          0         68   init.o
       472         14          0          0          0        184   printf3.o
         0          0          0          4          0          0   stdout.o
        44          0          0          0          0         80   uidiv.o

    ----------------------------------------------------------------------
       604         30          0          4          0        332   Library Totals
         2          0          0          0          0          0   (incl. Padding)

    ----------------------------------------------------------------------

      Code (inc. data)   RO Data    RW Data    ZI Data      Debug   Library Name

       602         30          0          4          0        332   mc_w.l

    ----------------------------------------------------------------------
       604         30          0          4          0        332   Library Totals

    ----------------------------------------------------------------------

==============================================================================


      Code (inc. data)   RO Data    RW Data    ZI Data      Debug   

      2484        418        704         12       1044      32391   Grand Totals
      2484        418        704         12       1044      32391   ELF Image Totals
      2484        418        704         12          0          0   ROM Totals

==============================================================================

    Total RO  Size (Code + RO Data)                 3188 (   3.11kB)
    Total RW  Size (RW Data + ZI Data)              1056 (   1.03kB)
    Total ROM Size (Code + RO Data + RW Data)       3200 (   3.13kB)

==============================================================================

