<!doctype html public "-//w3c//dtd html 4.0 transitional//en">
<html><head>
<title>Static Call Graph - [.\output\debug\WP2345_BOOT_HC32F460.axf]</title></head>
<body><HR>
<H1>Static Call Graph for image .\output\debug\WP2345_BOOT_HC32F460.axf</H1><HR>
<BR><P>#&#060CALLGRAPH&#062# ARM Linker, 5060750: Last Updated: Thu Jan 04 15:23:50 2024
<BR><P>
<H3>Maximum Stack Usage =        136 bytes + Unknown(Cycles, Untraceable Function Pointers)</H3><H3>
Call chain for Maximum Stack Depth:</H3>
main &rArr; Boot &rArr; Copy &rArr; Boot_CopyApp &rArr; Flash__WriteArray &rArr; Flash__WriteWord &rArr; EFM_SingleProgram &rArr; EFM_ErasePgmCmd &rArr; Ddl_AssertHandler &rArr; __2printf
<P>
<H3>
Mutually Recursive functions
</H3> <LI><a href="#[1]">NMI_Handler</a>&nbsp;&nbsp;&nbsp;&rArr;&nbsp;&nbsp;&nbsp;<a href="#[1]">NMI_Handler</a><BR>
 <LI><a href="#[2]">HardFault_Handler</a>&nbsp;&nbsp;&nbsp;&rArr;&nbsp;&nbsp;&nbsp;<a href="#[2]">HardFault_Handler</a><BR>
 <LI><a href="#[3]">MemManage_Handler</a>&nbsp;&nbsp;&nbsp;&rArr;&nbsp;&nbsp;&nbsp;<a href="#[3]">MemManage_Handler</a><BR>
 <LI><a href="#[4]">BusFault_Handler</a>&nbsp;&nbsp;&nbsp;&rArr;&nbsp;&nbsp;&nbsp;<a href="#[4]">BusFault_Handler</a><BR>
 <LI><a href="#[5]">UsageFault_Handler</a>&nbsp;&nbsp;&nbsp;&rArr;&nbsp;&nbsp;&nbsp;<a href="#[5]">UsageFault_Handler</a><BR>
 <LI><a href="#[6]">SVC_Handler</a>&nbsp;&nbsp;&nbsp;&rArr;&nbsp;&nbsp;&nbsp;<a href="#[6]">SVC_Handler</a><BR>
 <LI><a href="#[7]">DebugMon_Handler</a>&nbsp;&nbsp;&nbsp;&rArr;&nbsp;&nbsp;&nbsp;<a href="#[7]">DebugMon_Handler</a><BR>
 <LI><a href="#[8]">PendSV_Handler</a>&nbsp;&nbsp;&nbsp;&rArr;&nbsp;&nbsp;&nbsp;<a href="#[8]">PendSV_Handler</a><BR>
 <LI><a href="#[9]">SysTick_Handler</a>&nbsp;&nbsp;&nbsp;&rArr;&nbsp;&nbsp;&nbsp;<a href="#[9]">SysTick_Handler</a><BR>
 <LI><a href="#[a]">IRQ000_Handler</a>&nbsp;&nbsp;&nbsp;&rArr;&nbsp;&nbsp;&nbsp;<a href="#[a]">IRQ000_Handler</a><BR>
</UL>
<P>
<H3>
Function Pointers
</H3><UL>
 <LI><a href="#[4]">BusFault_Handler</a> from startup_hc32f46x.o(.text) referenced from startup_hc32f46x.o(RESET)
 <LI><a href="#[7]">DebugMon_Handler</a> from startup_hc32f46x.o(.text) referenced from startup_hc32f46x.o(RESET)
 <LI><a href="#[2]">HardFault_Handler</a> from startup_hc32f46x.o(.text) referenced from startup_hc32f46x.o(RESET)
 <LI><a href="#[a]">IRQ000_Handler</a> from startup_hc32f46x.o(.text) referenced from startup_hc32f46x.o(RESET)
 <LI><a href="#[b]">IRQ001_Handler</a> from startup_hc32f46x.o(.text) referenced from startup_hc32f46x.o(RESET)
 <LI><a href="#[c]">IRQ002_Handler</a> from startup_hc32f46x.o(.text) referenced from startup_hc32f46x.o(RESET)
 <LI><a href="#[d]">IRQ003_Handler</a> from startup_hc32f46x.o(.text) referenced from startup_hc32f46x.o(RESET)
 <LI><a href="#[e]">IRQ004_Handler</a> from startup_hc32f46x.o(.text) referenced from startup_hc32f46x.o(RESET)
 <LI><a href="#[f]">IRQ005_Handler</a> from startup_hc32f46x.o(.text) referenced from startup_hc32f46x.o(RESET)
 <LI><a href="#[10]">IRQ006_Handler</a> from startup_hc32f46x.o(.text) referenced from startup_hc32f46x.o(RESET)
 <LI><a href="#[11]">IRQ007_Handler</a> from startup_hc32f46x.o(.text) referenced from startup_hc32f46x.o(RESET)
 <LI><a href="#[12]">IRQ008_Handler</a> from startup_hc32f46x.o(.text) referenced from startup_hc32f46x.o(RESET)
 <LI><a href="#[13]">IRQ009_Handler</a> from startup_hc32f46x.o(.text) referenced from startup_hc32f46x.o(RESET)
 <LI><a href="#[14]">IRQ010_Handler</a> from startup_hc32f46x.o(.text) referenced from startup_hc32f46x.o(RESET)
 <LI><a href="#[15]">IRQ011_Handler</a> from startup_hc32f46x.o(.text) referenced from startup_hc32f46x.o(RESET)
 <LI><a href="#[16]">IRQ012_Handler</a> from startup_hc32f46x.o(.text) referenced from startup_hc32f46x.o(RESET)
 <LI><a href="#[17]">IRQ013_Handler</a> from startup_hc32f46x.o(.text) referenced from startup_hc32f46x.o(RESET)
 <LI><a href="#[18]">IRQ014_Handler</a> from startup_hc32f46x.o(.text) referenced from startup_hc32f46x.o(RESET)
 <LI><a href="#[19]">IRQ015_Handler</a> from startup_hc32f46x.o(.text) referenced from startup_hc32f46x.o(RESET)
 <LI><a href="#[1a]">IRQ016_Handler</a> from startup_hc32f46x.o(.text) referenced from startup_hc32f46x.o(RESET)
 <LI><a href="#[1b]">IRQ017_Handler</a> from startup_hc32f46x.o(.text) referenced from startup_hc32f46x.o(RESET)
 <LI><a href="#[1c]">IRQ018_Handler</a> from startup_hc32f46x.o(.text) referenced from startup_hc32f46x.o(RESET)
 <LI><a href="#[1d]">IRQ019_Handler</a> from startup_hc32f46x.o(.text) referenced from startup_hc32f46x.o(RESET)
 <LI><a href="#[1e]">IRQ020_Handler</a> from startup_hc32f46x.o(.text) referenced from startup_hc32f46x.o(RESET)
 <LI><a href="#[1f]">IRQ021_Handler</a> from startup_hc32f46x.o(.text) referenced from startup_hc32f46x.o(RESET)
 <LI><a href="#[20]">IRQ022_Handler</a> from startup_hc32f46x.o(.text) referenced from startup_hc32f46x.o(RESET)
 <LI><a href="#[21]">IRQ023_Handler</a> from startup_hc32f46x.o(.text) referenced from startup_hc32f46x.o(RESET)
 <LI><a href="#[22]">IRQ024_Handler</a> from startup_hc32f46x.o(.text) referenced from startup_hc32f46x.o(RESET)
 <LI><a href="#[23]">IRQ025_Handler</a> from startup_hc32f46x.o(.text) referenced from startup_hc32f46x.o(RESET)
 <LI><a href="#[24]">IRQ026_Handler</a> from startup_hc32f46x.o(.text) referenced from startup_hc32f46x.o(RESET)
 <LI><a href="#[25]">IRQ027_Handler</a> from startup_hc32f46x.o(.text) referenced from startup_hc32f46x.o(RESET)
 <LI><a href="#[26]">IRQ028_Handler</a> from startup_hc32f46x.o(.text) referenced from startup_hc32f46x.o(RESET)
 <LI><a href="#[27]">IRQ029_Handler</a> from startup_hc32f46x.o(.text) referenced from startup_hc32f46x.o(RESET)
 <LI><a href="#[28]">IRQ030_Handler</a> from startup_hc32f46x.o(.text) referenced from startup_hc32f46x.o(RESET)
 <LI><a href="#[29]">IRQ031_Handler</a> from startup_hc32f46x.o(.text) referenced from startup_hc32f46x.o(RESET)
 <LI><a href="#[2a]">IRQ032_Handler</a> from startup_hc32f46x.o(.text) referenced from startup_hc32f46x.o(RESET)
 <LI><a href="#[2b]">IRQ033_Handler</a> from startup_hc32f46x.o(.text) referenced from startup_hc32f46x.o(RESET)
 <LI><a href="#[2c]">IRQ034_Handler</a> from startup_hc32f46x.o(.text) referenced from startup_hc32f46x.o(RESET)
 <LI><a href="#[2d]">IRQ035_Handler</a> from startup_hc32f46x.o(.text) referenced from startup_hc32f46x.o(RESET)
 <LI><a href="#[2e]">IRQ036_Handler</a> from startup_hc32f46x.o(.text) referenced from startup_hc32f46x.o(RESET)
 <LI><a href="#[2f]">IRQ037_Handler</a> from startup_hc32f46x.o(.text) referenced from startup_hc32f46x.o(RESET)
 <LI><a href="#[30]">IRQ038_Handler</a> from startup_hc32f46x.o(.text) referenced from startup_hc32f46x.o(RESET)
 <LI><a href="#[31]">IRQ039_Handler</a> from startup_hc32f46x.o(.text) referenced from startup_hc32f46x.o(RESET)
 <LI><a href="#[32]">IRQ040_Handler</a> from startup_hc32f46x.o(.text) referenced from startup_hc32f46x.o(RESET)
 <LI><a href="#[33]">IRQ041_Handler</a> from startup_hc32f46x.o(.text) referenced from startup_hc32f46x.o(RESET)
 <LI><a href="#[34]">IRQ042_Handler</a> from startup_hc32f46x.o(.text) referenced from startup_hc32f46x.o(RESET)
 <LI><a href="#[35]">IRQ043_Handler</a> from startup_hc32f46x.o(.text) referenced from startup_hc32f46x.o(RESET)
 <LI><a href="#[36]">IRQ044_Handler</a> from startup_hc32f46x.o(.text) referenced from startup_hc32f46x.o(RESET)
 <LI><a href="#[37]">IRQ045_Handler</a> from startup_hc32f46x.o(.text) referenced from startup_hc32f46x.o(RESET)
 <LI><a href="#[38]">IRQ046_Handler</a> from startup_hc32f46x.o(.text) referenced from startup_hc32f46x.o(RESET)
 <LI><a href="#[39]">IRQ047_Handler</a> from startup_hc32f46x.o(.text) referenced from startup_hc32f46x.o(RESET)
 <LI><a href="#[3a]">IRQ048_Handler</a> from startup_hc32f46x.o(.text) referenced from startup_hc32f46x.o(RESET)
 <LI><a href="#[3b]">IRQ049_Handler</a> from startup_hc32f46x.o(.text) referenced from startup_hc32f46x.o(RESET)
 <LI><a href="#[3c]">IRQ050_Handler</a> from startup_hc32f46x.o(.text) referenced from startup_hc32f46x.o(RESET)
 <LI><a href="#[3d]">IRQ051_Handler</a> from startup_hc32f46x.o(.text) referenced from startup_hc32f46x.o(RESET)
 <LI><a href="#[3e]">IRQ052_Handler</a> from startup_hc32f46x.o(.text) referenced from startup_hc32f46x.o(RESET)
 <LI><a href="#[3f]">IRQ053_Handler</a> from startup_hc32f46x.o(.text) referenced from startup_hc32f46x.o(RESET)
 <LI><a href="#[40]">IRQ054_Handler</a> from startup_hc32f46x.o(.text) referenced from startup_hc32f46x.o(RESET)
 <LI><a href="#[41]">IRQ055_Handler</a> from startup_hc32f46x.o(.text) referenced from startup_hc32f46x.o(RESET)
 <LI><a href="#[42]">IRQ056_Handler</a> from startup_hc32f46x.o(.text) referenced from startup_hc32f46x.o(RESET)
 <LI><a href="#[43]">IRQ057_Handler</a> from startup_hc32f46x.o(.text) referenced from startup_hc32f46x.o(RESET)
 <LI><a href="#[44]">IRQ058_Handler</a> from startup_hc32f46x.o(.text) referenced from startup_hc32f46x.o(RESET)
 <LI><a href="#[45]">IRQ059_Handler</a> from startup_hc32f46x.o(.text) referenced from startup_hc32f46x.o(RESET)
 <LI><a href="#[46]">IRQ060_Handler</a> from startup_hc32f46x.o(.text) referenced from startup_hc32f46x.o(RESET)
 <LI><a href="#[47]">IRQ061_Handler</a> from startup_hc32f46x.o(.text) referenced from startup_hc32f46x.o(RESET)
 <LI><a href="#[48]">IRQ062_Handler</a> from startup_hc32f46x.o(.text) referenced from startup_hc32f46x.o(RESET)
 <LI><a href="#[49]">IRQ063_Handler</a> from startup_hc32f46x.o(.text) referenced from startup_hc32f46x.o(RESET)
 <LI><a href="#[4a]">IRQ064_Handler</a> from startup_hc32f46x.o(.text) referenced from startup_hc32f46x.o(RESET)
 <LI><a href="#[4b]">IRQ065_Handler</a> from startup_hc32f46x.o(.text) referenced from startup_hc32f46x.o(RESET)
 <LI><a href="#[4c]">IRQ066_Handler</a> from startup_hc32f46x.o(.text) referenced from startup_hc32f46x.o(RESET)
 <LI><a href="#[4d]">IRQ067_Handler</a> from startup_hc32f46x.o(.text) referenced from startup_hc32f46x.o(RESET)
 <LI><a href="#[4e]">IRQ068_Handler</a> from startup_hc32f46x.o(.text) referenced from startup_hc32f46x.o(RESET)
 <LI><a href="#[4f]">IRQ069_Handler</a> from startup_hc32f46x.o(.text) referenced from startup_hc32f46x.o(RESET)
 <LI><a href="#[50]">IRQ070_Handler</a> from startup_hc32f46x.o(.text) referenced from startup_hc32f46x.o(RESET)
 <LI><a href="#[51]">IRQ071_Handler</a> from startup_hc32f46x.o(.text) referenced from startup_hc32f46x.o(RESET)
 <LI><a href="#[52]">IRQ072_Handler</a> from startup_hc32f46x.o(.text) referenced from startup_hc32f46x.o(RESET)
 <LI><a href="#[53]">IRQ073_Handler</a> from startup_hc32f46x.o(.text) referenced from startup_hc32f46x.o(RESET)
 <LI><a href="#[54]">IRQ074_Handler</a> from startup_hc32f46x.o(.text) referenced from startup_hc32f46x.o(RESET)
 <LI><a href="#[55]">IRQ075_Handler</a> from startup_hc32f46x.o(.text) referenced from startup_hc32f46x.o(RESET)
 <LI><a href="#[56]">IRQ076_Handler</a> from startup_hc32f46x.o(.text) referenced from startup_hc32f46x.o(RESET)
 <LI><a href="#[57]">IRQ077_Handler</a> from startup_hc32f46x.o(.text) referenced from startup_hc32f46x.o(RESET)
 <LI><a href="#[58]">IRQ078_Handler</a> from startup_hc32f46x.o(.text) referenced from startup_hc32f46x.o(RESET)
 <LI><a href="#[59]">IRQ079_Handler</a> from startup_hc32f46x.o(.text) referenced from startup_hc32f46x.o(RESET)
 <LI><a href="#[5a]">IRQ080_Handler</a> from startup_hc32f46x.o(.text) referenced from startup_hc32f46x.o(RESET)
 <LI><a href="#[5b]">IRQ081_Handler</a> from startup_hc32f46x.o(.text) referenced from startup_hc32f46x.o(RESET)
 <LI><a href="#[5c]">IRQ082_Handler</a> from startup_hc32f46x.o(.text) referenced from startup_hc32f46x.o(RESET)
 <LI><a href="#[5d]">IRQ083_Handler</a> from startup_hc32f46x.o(.text) referenced from startup_hc32f46x.o(RESET)
 <LI><a href="#[5e]">IRQ084_Handler</a> from startup_hc32f46x.o(.text) referenced from startup_hc32f46x.o(RESET)
 <LI><a href="#[5f]">IRQ085_Handler</a> from startup_hc32f46x.o(.text) referenced from startup_hc32f46x.o(RESET)
 <LI><a href="#[60]">IRQ086_Handler</a> from startup_hc32f46x.o(.text) referenced from startup_hc32f46x.o(RESET)
 <LI><a href="#[61]">IRQ087_Handler</a> from startup_hc32f46x.o(.text) referenced from startup_hc32f46x.o(RESET)
 <LI><a href="#[62]">IRQ088_Handler</a> from startup_hc32f46x.o(.text) referenced from startup_hc32f46x.o(RESET)
 <LI><a href="#[63]">IRQ089_Handler</a> from startup_hc32f46x.o(.text) referenced from startup_hc32f46x.o(RESET)
 <LI><a href="#[64]">IRQ090_Handler</a> from startup_hc32f46x.o(.text) referenced from startup_hc32f46x.o(RESET)
 <LI><a href="#[65]">IRQ091_Handler</a> from startup_hc32f46x.o(.text) referenced from startup_hc32f46x.o(RESET)
 <LI><a href="#[66]">IRQ092_Handler</a> from startup_hc32f46x.o(.text) referenced from startup_hc32f46x.o(RESET)
 <LI><a href="#[67]">IRQ093_Handler</a> from startup_hc32f46x.o(.text) referenced from startup_hc32f46x.o(RESET)
 <LI><a href="#[68]">IRQ094_Handler</a> from startup_hc32f46x.o(.text) referenced from startup_hc32f46x.o(RESET)
 <LI><a href="#[69]">IRQ095_Handler</a> from startup_hc32f46x.o(.text) referenced from startup_hc32f46x.o(RESET)
 <LI><a href="#[6a]">IRQ096_Handler</a> from startup_hc32f46x.o(.text) referenced from startup_hc32f46x.o(RESET)
 <LI><a href="#[6b]">IRQ097_Handler</a> from startup_hc32f46x.o(.text) referenced from startup_hc32f46x.o(RESET)
 <LI><a href="#[6c]">IRQ098_Handler</a> from startup_hc32f46x.o(.text) referenced from startup_hc32f46x.o(RESET)
 <LI><a href="#[6d]">IRQ099_Handler</a> from startup_hc32f46x.o(.text) referenced from startup_hc32f46x.o(RESET)
 <LI><a href="#[6e]">IRQ100_Handler</a> from startup_hc32f46x.o(.text) referenced from startup_hc32f46x.o(RESET)
 <LI><a href="#[6f]">IRQ101_Handler</a> from startup_hc32f46x.o(.text) referenced from startup_hc32f46x.o(RESET)
 <LI><a href="#[70]">IRQ102_Handler</a> from startup_hc32f46x.o(.text) referenced from startup_hc32f46x.o(RESET)
 <LI><a href="#[71]">IRQ103_Handler</a> from startup_hc32f46x.o(.text) referenced from startup_hc32f46x.o(RESET)
 <LI><a href="#[72]">IRQ104_Handler</a> from startup_hc32f46x.o(.text) referenced from startup_hc32f46x.o(RESET)
 <LI><a href="#[73]">IRQ105_Handler</a> from startup_hc32f46x.o(.text) referenced from startup_hc32f46x.o(RESET)
 <LI><a href="#[74]">IRQ106_Handler</a> from startup_hc32f46x.o(.text) referenced from startup_hc32f46x.o(RESET)
 <LI><a href="#[75]">IRQ107_Handler</a> from startup_hc32f46x.o(.text) referenced from startup_hc32f46x.o(RESET)
 <LI><a href="#[76]">IRQ108_Handler</a> from startup_hc32f46x.o(.text) referenced from startup_hc32f46x.o(RESET)
 <LI><a href="#[77]">IRQ109_Handler</a> from startup_hc32f46x.o(.text) referenced from startup_hc32f46x.o(RESET)
 <LI><a href="#[78]">IRQ110_Handler</a> from startup_hc32f46x.o(.text) referenced from startup_hc32f46x.o(RESET)
 <LI><a href="#[79]">IRQ111_Handler</a> from startup_hc32f46x.o(.text) referenced from startup_hc32f46x.o(RESET)
 <LI><a href="#[7a]">IRQ112_Handler</a> from startup_hc32f46x.o(.text) referenced from startup_hc32f46x.o(RESET)
 <LI><a href="#[7b]">IRQ113_Handler</a> from startup_hc32f46x.o(.text) referenced from startup_hc32f46x.o(RESET)
 <LI><a href="#[7c]">IRQ114_Handler</a> from startup_hc32f46x.o(.text) referenced from startup_hc32f46x.o(RESET)
 <LI><a href="#[7d]">IRQ115_Handler</a> from startup_hc32f46x.o(.text) referenced from startup_hc32f46x.o(RESET)
 <LI><a href="#[7e]">IRQ116_Handler</a> from startup_hc32f46x.o(.text) referenced from startup_hc32f46x.o(RESET)
 <LI><a href="#[7f]">IRQ117_Handler</a> from startup_hc32f46x.o(.text) referenced from startup_hc32f46x.o(RESET)
 <LI><a href="#[80]">IRQ118_Handler</a> from startup_hc32f46x.o(.text) referenced from startup_hc32f46x.o(RESET)
 <LI><a href="#[81]">IRQ119_Handler</a> from startup_hc32f46x.o(.text) referenced from startup_hc32f46x.o(RESET)
 <LI><a href="#[82]">IRQ120_Handler</a> from startup_hc32f46x.o(.text) referenced from startup_hc32f46x.o(RESET)
 <LI><a href="#[83]">IRQ121_Handler</a> from startup_hc32f46x.o(.text) referenced from startup_hc32f46x.o(RESET)
 <LI><a href="#[84]">IRQ122_Handler</a> from startup_hc32f46x.o(.text) referenced from startup_hc32f46x.o(RESET)
 <LI><a href="#[85]">IRQ123_Handler</a> from startup_hc32f46x.o(.text) referenced from startup_hc32f46x.o(RESET)
 <LI><a href="#[86]">IRQ124_Handler</a> from startup_hc32f46x.o(.text) referenced from startup_hc32f46x.o(RESET)
 <LI><a href="#[87]">IRQ125_Handler</a> from startup_hc32f46x.o(.text) referenced from startup_hc32f46x.o(RESET)
 <LI><a href="#[88]">IRQ126_Handler</a> from startup_hc32f46x.o(.text) referenced from startup_hc32f46x.o(RESET)
 <LI><a href="#[89]">IRQ127_Handler</a> from startup_hc32f46x.o(.text) referenced from startup_hc32f46x.o(RESET)
 <LI><a href="#[8a]">IRQ128_Handler</a> from startup_hc32f46x.o(.text) referenced from startup_hc32f46x.o(RESET)
 <LI><a href="#[8b]">IRQ129_Handler</a> from startup_hc32f46x.o(.text) referenced from startup_hc32f46x.o(RESET)
 <LI><a href="#[8c]">IRQ130_Handler</a> from startup_hc32f46x.o(.text) referenced from startup_hc32f46x.o(RESET)
 <LI><a href="#[8d]">IRQ131_Handler</a> from startup_hc32f46x.o(.text) referenced from startup_hc32f46x.o(RESET)
 <LI><a href="#[8e]">IRQ132_Handler</a> from startup_hc32f46x.o(.text) referenced from startup_hc32f46x.o(RESET)
 <LI><a href="#[8f]">IRQ133_Handler</a> from startup_hc32f46x.o(.text) referenced from startup_hc32f46x.o(RESET)
 <LI><a href="#[90]">IRQ134_Handler</a> from startup_hc32f46x.o(.text) referenced from startup_hc32f46x.o(RESET)
 <LI><a href="#[91]">IRQ135_Handler</a> from startup_hc32f46x.o(.text) referenced from startup_hc32f46x.o(RESET)
 <LI><a href="#[92]">IRQ136_Handler</a> from startup_hc32f46x.o(.text) referenced from startup_hc32f46x.o(RESET)
 <LI><a href="#[93]">IRQ137_Handler</a> from startup_hc32f46x.o(.text) referenced from startup_hc32f46x.o(RESET)
 <LI><a href="#[94]">IRQ138_Handler</a> from startup_hc32f46x.o(.text) referenced from startup_hc32f46x.o(RESET)
 <LI><a href="#[95]">IRQ139_Handler</a> from startup_hc32f46x.o(.text) referenced from startup_hc32f46x.o(RESET)
 <LI><a href="#[96]">IRQ140_Handler</a> from startup_hc32f46x.o(.text) referenced from startup_hc32f46x.o(RESET)
 <LI><a href="#[97]">IRQ141_Handler</a> from startup_hc32f46x.o(.text) referenced from startup_hc32f46x.o(RESET)
 <LI><a href="#[98]">IRQ142_Handler</a> from startup_hc32f46x.o(.text) referenced from startup_hc32f46x.o(RESET)
 <LI><a href="#[99]">IRQ143_Handler</a> from startup_hc32f46x.o(.text) referenced from startup_hc32f46x.o(RESET)
 <LI><a href="#[3]">MemManage_Handler</a> from startup_hc32f46x.o(.text) referenced from startup_hc32f46x.o(RESET)
 <LI><a href="#[1]">NMI_Handler</a> from startup_hc32f46x.o(.text) referenced from startup_hc32f46x.o(RESET)
 <LI><a href="#[8]">PendSV_Handler</a> from startup_hc32f46x.o(.text) referenced from startup_hc32f46x.o(RESET)
 <LI><a href="#[0]">Reset_Handler</a> from startup_hc32f46x.o(.text) referenced from startup_hc32f46x.o(RESET)
 <LI><a href="#[6]">SVC_Handler</a> from startup_hc32f46x.o(.text) referenced from startup_hc32f46x.o(RESET)
 <LI><a href="#[9]">SysTick_Handler</a> from startup_hc32f46x.o(.text) referenced from startup_hc32f46x.o(RESET)
 <LI><a href="#[9b]">SystemInit</a> from system_hc32f46x.o(i.SystemInit) referenced from startup_hc32f46x.o(.text)
 <LI><a href="#[5]">UsageFault_Handler</a> from startup_hc32f46x.o(.text) referenced from startup_hc32f46x.o(RESET)
 <LI><a href="#[9c]">__main</a> from entry.o(.ARM.Collect$$$$00000000) referenced from startup_hc32f46x.o(.text)
 <LI><a href="#[9d]">fputc</a> from hc32f46x_utility.o(i.fputc) referenced from printf3.o(i.__0printf$3)
 <LI><a href="#[9a]">main</a> from main.o(i.main) referenced from entry9a.o(.ARM.Collect$$$$0000000B)
</UL>
<P>
<H3>
Global Symbols
</H3>
<P><STRONG><a name="[9c]"></a>__main</STRONG> (Thumb, 0 bytes, Stack size unknown bytes, entry.o(.ARM.Collect$$$$00000000))
<BR>[Address Reference Count : 1]<UL><LI> startup_hc32f46x.o(.text)
</UL>
<P><STRONG><a name="[bd]"></a>_main_stk</STRONG> (Thumb, 0 bytes, Stack size unknown bytes, entry2.o(.ARM.Collect$$$$00000001))

<P><STRONG><a name="[9f]"></a>_main_scatterload</STRONG> (Thumb, 0 bytes, Stack size unknown bytes, entry5.o(.ARM.Collect$$$$00000004))
<BR><BR>[Calls]<UL><LI><a href="#[a0]">&gt;&gt;</a>&nbsp;&nbsp;&nbsp;__scatterload
</UL>

<P><STRONG><a name="[a1]"></a>__main_after_scatterload</STRONG> (Thumb, 0 bytes, Stack size unknown bytes, entry5.o(.ARM.Collect$$$$00000004))
<BR><BR>[Called By]<UL><LI><a href="#[a0]">&gt;&gt;</a>&nbsp;&nbsp;&nbsp;__scatterload
</UL>

<P><STRONG><a name="[be]"></a>_main_clock</STRONG> (Thumb, 0 bytes, Stack size unknown bytes, entry7b.o(.ARM.Collect$$$$00000008))

<P><STRONG><a name="[bf]"></a>_main_cpp_init</STRONG> (Thumb, 0 bytes, Stack size unknown bytes, entry8b.o(.ARM.Collect$$$$0000000A))

<P><STRONG><a name="[c0]"></a>_main_init</STRONG> (Thumb, 0 bytes, Stack size unknown bytes, entry9a.o(.ARM.Collect$$$$0000000B))

<P><STRONG><a name="[c1]"></a>__rt_final_cpp</STRONG> (Thumb, 0 bytes, Stack size unknown bytes, entry10a.o(.ARM.Collect$$$$0000000D))

<P><STRONG><a name="[c2]"></a>__rt_final_exit</STRONG> (Thumb, 0 bytes, Stack size unknown bytes, entry11a.o(.ARM.Collect$$$$0000000F))

<P><STRONG><a name="[0]"></a>Reset_Handler</STRONG> (Thumb, 48 bytes, Stack size 0 bytes, startup_hc32f46x.o(.text))
<BR>[Address Reference Count : 1]<UL><LI> startup_hc32f46x.o(RESET)
</UL>
<P><STRONG><a name="[1]"></a>NMI_Handler</STRONG> (Thumb, 2 bytes, Stack size 0 bytes, startup_hc32f46x.o(.text))
<BR><BR>[Calls]<UL><LI><a href="#[1]">&gt;&gt;</a>&nbsp;&nbsp;&nbsp;NMI_Handler
</UL>
<BR>[Called By]<UL><LI><a href="#[1]">&gt;&gt;</a>&nbsp;&nbsp;&nbsp;NMI_Handler
</UL>
<BR>[Address Reference Count : 1]<UL><LI> startup_hc32f46x.o(RESET)
</UL>
<P><STRONG><a name="[2]"></a>HardFault_Handler</STRONG> (Thumb, 2 bytes, Stack size 0 bytes, startup_hc32f46x.o(.text))
<BR><BR>[Calls]<UL><LI><a href="#[2]">&gt;&gt;</a>&nbsp;&nbsp;&nbsp;HardFault_Handler
</UL>
<BR>[Called By]<UL><LI><a href="#[2]">&gt;&gt;</a>&nbsp;&nbsp;&nbsp;HardFault_Handler
</UL>
<BR>[Address Reference Count : 1]<UL><LI> startup_hc32f46x.o(RESET)
</UL>
<P><STRONG><a name="[3]"></a>MemManage_Handler</STRONG> (Thumb, 2 bytes, Stack size 0 bytes, startup_hc32f46x.o(.text))
<BR><BR>[Calls]<UL><LI><a href="#[3]">&gt;&gt;</a>&nbsp;&nbsp;&nbsp;MemManage_Handler
</UL>
<BR>[Called By]<UL><LI><a href="#[3]">&gt;&gt;</a>&nbsp;&nbsp;&nbsp;MemManage_Handler
</UL>
<BR>[Address Reference Count : 1]<UL><LI> startup_hc32f46x.o(RESET)
</UL>
<P><STRONG><a name="[4]"></a>BusFault_Handler</STRONG> (Thumb, 2 bytes, Stack size 0 bytes, startup_hc32f46x.o(.text))
<BR><BR>[Calls]<UL><LI><a href="#[4]">&gt;&gt;</a>&nbsp;&nbsp;&nbsp;BusFault_Handler
</UL>
<BR>[Called By]<UL><LI><a href="#[4]">&gt;&gt;</a>&nbsp;&nbsp;&nbsp;BusFault_Handler
</UL>
<BR>[Address Reference Count : 1]<UL><LI> startup_hc32f46x.o(RESET)
</UL>
<P><STRONG><a name="[5]"></a>UsageFault_Handler</STRONG> (Thumb, 2 bytes, Stack size 0 bytes, startup_hc32f46x.o(.text))
<BR><BR>[Calls]<UL><LI><a href="#[5]">&gt;&gt;</a>&nbsp;&nbsp;&nbsp;UsageFault_Handler
</UL>
<BR>[Called By]<UL><LI><a href="#[5]">&gt;&gt;</a>&nbsp;&nbsp;&nbsp;UsageFault_Handler
</UL>
<BR>[Address Reference Count : 1]<UL><LI> startup_hc32f46x.o(RESET)
</UL>
<P><STRONG><a name="[6]"></a>SVC_Handler</STRONG> (Thumb, 2 bytes, Stack size 0 bytes, startup_hc32f46x.o(.text))
<BR><BR>[Calls]<UL><LI><a href="#[6]">&gt;&gt;</a>&nbsp;&nbsp;&nbsp;SVC_Handler
</UL>
<BR>[Called By]<UL><LI><a href="#[6]">&gt;&gt;</a>&nbsp;&nbsp;&nbsp;SVC_Handler
</UL>
<BR>[Address Reference Count : 1]<UL><LI> startup_hc32f46x.o(RESET)
</UL>
<P><STRONG><a name="[7]"></a>DebugMon_Handler</STRONG> (Thumb, 2 bytes, Stack size 0 bytes, startup_hc32f46x.o(.text))
<BR><BR>[Calls]<UL><LI><a href="#[7]">&gt;&gt;</a>&nbsp;&nbsp;&nbsp;DebugMon_Handler
</UL>
<BR>[Called By]<UL><LI><a href="#[7]">&gt;&gt;</a>&nbsp;&nbsp;&nbsp;DebugMon_Handler
</UL>
<BR>[Address Reference Count : 1]<UL><LI> startup_hc32f46x.o(RESET)
</UL>
<P><STRONG><a name="[8]"></a>PendSV_Handler</STRONG> (Thumb, 2 bytes, Stack size 0 bytes, startup_hc32f46x.o(.text))
<BR><BR>[Calls]<UL><LI><a href="#[8]">&gt;&gt;</a>&nbsp;&nbsp;&nbsp;PendSV_Handler
</UL>
<BR>[Called By]<UL><LI><a href="#[8]">&gt;&gt;</a>&nbsp;&nbsp;&nbsp;PendSV_Handler
</UL>
<BR>[Address Reference Count : 1]<UL><LI> startup_hc32f46x.o(RESET)
</UL>
<P><STRONG><a name="[9]"></a>SysTick_Handler</STRONG> (Thumb, 2 bytes, Stack size 0 bytes, startup_hc32f46x.o(.text))
<BR><BR>[Calls]<UL><LI><a href="#[9]">&gt;&gt;</a>&nbsp;&nbsp;&nbsp;SysTick_Handler
</UL>
<BR>[Called By]<UL><LI><a href="#[9]">&gt;&gt;</a>&nbsp;&nbsp;&nbsp;SysTick_Handler
</UL>
<BR>[Address Reference Count : 1]<UL><LI> startup_hc32f46x.o(RESET)
</UL>
<P><STRONG><a name="[a]"></a>IRQ000_Handler</STRONG> (Thumb, 0 bytes, Stack size 0 bytes, startup_hc32f46x.o(.text))
<BR><BR>[Calls]<UL><LI><a href="#[a]">&gt;&gt;</a>&nbsp;&nbsp;&nbsp;IRQ000_Handler
</UL>
<BR>[Called By]<UL><LI><a href="#[a]">&gt;&gt;</a>&nbsp;&nbsp;&nbsp;IRQ000_Handler
</UL>
<BR>[Address Reference Count : 1]<UL><LI> startup_hc32f46x.o(RESET)
</UL>
<P><STRONG><a name="[b]"></a>IRQ001_Handler</STRONG> (Thumb, 0 bytes, Stack size 0 bytes, startup_hc32f46x.o(.text))
<BR>[Address Reference Count : 1]<UL><LI> startup_hc32f46x.o(RESET)
</UL>
<P><STRONG><a name="[c]"></a>IRQ002_Handler</STRONG> (Thumb, 0 bytes, Stack size 0 bytes, startup_hc32f46x.o(.text))
<BR>[Address Reference Count : 1]<UL><LI> startup_hc32f46x.o(RESET)
</UL>
<P><STRONG><a name="[d]"></a>IRQ003_Handler</STRONG> (Thumb, 0 bytes, Stack size 0 bytes, startup_hc32f46x.o(.text))
<BR>[Address Reference Count : 1]<UL><LI> startup_hc32f46x.o(RESET)
</UL>
<P><STRONG><a name="[e]"></a>IRQ004_Handler</STRONG> (Thumb, 0 bytes, Stack size 0 bytes, startup_hc32f46x.o(.text))
<BR>[Address Reference Count : 1]<UL><LI> startup_hc32f46x.o(RESET)
</UL>
<P><STRONG><a name="[f]"></a>IRQ005_Handler</STRONG> (Thumb, 0 bytes, Stack size 0 bytes, startup_hc32f46x.o(.text))
<BR>[Address Reference Count : 1]<UL><LI> startup_hc32f46x.o(RESET)
</UL>
<P><STRONG><a name="[10]"></a>IRQ006_Handler</STRONG> (Thumb, 0 bytes, Stack size 0 bytes, startup_hc32f46x.o(.text))
<BR>[Address Reference Count : 1]<UL><LI> startup_hc32f46x.o(RESET)
</UL>
<P><STRONG><a name="[11]"></a>IRQ007_Handler</STRONG> (Thumb, 0 bytes, Stack size 0 bytes, startup_hc32f46x.o(.text))
<BR>[Address Reference Count : 1]<UL><LI> startup_hc32f46x.o(RESET)
</UL>
<P><STRONG><a name="[12]"></a>IRQ008_Handler</STRONG> (Thumb, 0 bytes, Stack size 0 bytes, startup_hc32f46x.o(.text))
<BR>[Address Reference Count : 1]<UL><LI> startup_hc32f46x.o(RESET)
</UL>
<P><STRONG><a name="[13]"></a>IRQ009_Handler</STRONG> (Thumb, 0 bytes, Stack size 0 bytes, startup_hc32f46x.o(.text))
<BR>[Address Reference Count : 1]<UL><LI> startup_hc32f46x.o(RESET)
</UL>
<P><STRONG><a name="[14]"></a>IRQ010_Handler</STRONG> (Thumb, 0 bytes, Stack size 0 bytes, startup_hc32f46x.o(.text))
<BR>[Address Reference Count : 1]<UL><LI> startup_hc32f46x.o(RESET)
</UL>
<P><STRONG><a name="[15]"></a>IRQ011_Handler</STRONG> (Thumb, 0 bytes, Stack size 0 bytes, startup_hc32f46x.o(.text))
<BR>[Address Reference Count : 1]<UL><LI> startup_hc32f46x.o(RESET)
</UL>
<P><STRONG><a name="[16]"></a>IRQ012_Handler</STRONG> (Thumb, 0 bytes, Stack size 0 bytes, startup_hc32f46x.o(.text))
<BR>[Address Reference Count : 1]<UL><LI> startup_hc32f46x.o(RESET)
</UL>
<P><STRONG><a name="[17]"></a>IRQ013_Handler</STRONG> (Thumb, 0 bytes, Stack size 0 bytes, startup_hc32f46x.o(.text))
<BR>[Address Reference Count : 1]<UL><LI> startup_hc32f46x.o(RESET)
</UL>
<P><STRONG><a name="[18]"></a>IRQ014_Handler</STRONG> (Thumb, 0 bytes, Stack size 0 bytes, startup_hc32f46x.o(.text))
<BR>[Address Reference Count : 1]<UL><LI> startup_hc32f46x.o(RESET)
</UL>
<P><STRONG><a name="[19]"></a>IRQ015_Handler</STRONG> (Thumb, 0 bytes, Stack size 0 bytes, startup_hc32f46x.o(.text))
<BR>[Address Reference Count : 1]<UL><LI> startup_hc32f46x.o(RESET)
</UL>
<P><STRONG><a name="[1a]"></a>IRQ016_Handler</STRONG> (Thumb, 0 bytes, Stack size 0 bytes, startup_hc32f46x.o(.text))
<BR>[Address Reference Count : 1]<UL><LI> startup_hc32f46x.o(RESET)
</UL>
<P><STRONG><a name="[1b]"></a>IRQ017_Handler</STRONG> (Thumb, 0 bytes, Stack size 0 bytes, startup_hc32f46x.o(.text))
<BR>[Address Reference Count : 1]<UL><LI> startup_hc32f46x.o(RESET)
</UL>
<P><STRONG><a name="[1c]"></a>IRQ018_Handler</STRONG> (Thumb, 0 bytes, Stack size 0 bytes, startup_hc32f46x.o(.text))
<BR>[Address Reference Count : 1]<UL><LI> startup_hc32f46x.o(RESET)
</UL>
<P><STRONG><a name="[1d]"></a>IRQ019_Handler</STRONG> (Thumb, 0 bytes, Stack size 0 bytes, startup_hc32f46x.o(.text))
<BR>[Address Reference Count : 1]<UL><LI> startup_hc32f46x.o(RESET)
</UL>
<P><STRONG><a name="[1e]"></a>IRQ020_Handler</STRONG> (Thumb, 0 bytes, Stack size 0 bytes, startup_hc32f46x.o(.text))
<BR>[Address Reference Count : 1]<UL><LI> startup_hc32f46x.o(RESET)
</UL>
<P><STRONG><a name="[1f]"></a>IRQ021_Handler</STRONG> (Thumb, 0 bytes, Stack size 0 bytes, startup_hc32f46x.o(.text))
<BR>[Address Reference Count : 1]<UL><LI> startup_hc32f46x.o(RESET)
</UL>
<P><STRONG><a name="[20]"></a>IRQ022_Handler</STRONG> (Thumb, 0 bytes, Stack size 0 bytes, startup_hc32f46x.o(.text))
<BR>[Address Reference Count : 1]<UL><LI> startup_hc32f46x.o(RESET)
</UL>
<P><STRONG><a name="[21]"></a>IRQ023_Handler</STRONG> (Thumb, 0 bytes, Stack size 0 bytes, startup_hc32f46x.o(.text))
<BR>[Address Reference Count : 1]<UL><LI> startup_hc32f46x.o(RESET)
</UL>
<P><STRONG><a name="[22]"></a>IRQ024_Handler</STRONG> (Thumb, 0 bytes, Stack size 0 bytes, startup_hc32f46x.o(.text))
<BR>[Address Reference Count : 1]<UL><LI> startup_hc32f46x.o(RESET)
</UL>
<P><STRONG><a name="[23]"></a>IRQ025_Handler</STRONG> (Thumb, 0 bytes, Stack size 0 bytes, startup_hc32f46x.o(.text))
<BR>[Address Reference Count : 1]<UL><LI> startup_hc32f46x.o(RESET)
</UL>
<P><STRONG><a name="[24]"></a>IRQ026_Handler</STRONG> (Thumb, 0 bytes, Stack size 0 bytes, startup_hc32f46x.o(.text))
<BR>[Address Reference Count : 1]<UL><LI> startup_hc32f46x.o(RESET)
</UL>
<P><STRONG><a name="[25]"></a>IRQ027_Handler</STRONG> (Thumb, 0 bytes, Stack size 0 bytes, startup_hc32f46x.o(.text))
<BR>[Address Reference Count : 1]<UL><LI> startup_hc32f46x.o(RESET)
</UL>
<P><STRONG><a name="[26]"></a>IRQ028_Handler</STRONG> (Thumb, 0 bytes, Stack size 0 bytes, startup_hc32f46x.o(.text))
<BR>[Address Reference Count : 1]<UL><LI> startup_hc32f46x.o(RESET)
</UL>
<P><STRONG><a name="[27]"></a>IRQ029_Handler</STRONG> (Thumb, 0 bytes, Stack size 0 bytes, startup_hc32f46x.o(.text))
<BR>[Address Reference Count : 1]<UL><LI> startup_hc32f46x.o(RESET)
</UL>
<P><STRONG><a name="[28]"></a>IRQ030_Handler</STRONG> (Thumb, 0 bytes, Stack size 0 bytes, startup_hc32f46x.o(.text))
<BR>[Address Reference Count : 1]<UL><LI> startup_hc32f46x.o(RESET)
</UL>
<P><STRONG><a name="[29]"></a>IRQ031_Handler</STRONG> (Thumb, 0 bytes, Stack size 0 bytes, startup_hc32f46x.o(.text))
<BR>[Address Reference Count : 1]<UL><LI> startup_hc32f46x.o(RESET)
</UL>
<P><STRONG><a name="[2a]"></a>IRQ032_Handler</STRONG> (Thumb, 0 bytes, Stack size 0 bytes, startup_hc32f46x.o(.text))
<BR>[Address Reference Count : 1]<UL><LI> startup_hc32f46x.o(RESET)
</UL>
<P><STRONG><a name="[2b]"></a>IRQ033_Handler</STRONG> (Thumb, 0 bytes, Stack size 0 bytes, startup_hc32f46x.o(.text))
<BR>[Address Reference Count : 1]<UL><LI> startup_hc32f46x.o(RESET)
</UL>
<P><STRONG><a name="[2c]"></a>IRQ034_Handler</STRONG> (Thumb, 0 bytes, Stack size 0 bytes, startup_hc32f46x.o(.text))
<BR>[Address Reference Count : 1]<UL><LI> startup_hc32f46x.o(RESET)
</UL>
<P><STRONG><a name="[2d]"></a>IRQ035_Handler</STRONG> (Thumb, 0 bytes, Stack size 0 bytes, startup_hc32f46x.o(.text))
<BR>[Address Reference Count : 1]<UL><LI> startup_hc32f46x.o(RESET)
</UL>
<P><STRONG><a name="[2e]"></a>IRQ036_Handler</STRONG> (Thumb, 0 bytes, Stack size 0 bytes, startup_hc32f46x.o(.text))
<BR>[Address Reference Count : 1]<UL><LI> startup_hc32f46x.o(RESET)
</UL>
<P><STRONG><a name="[2f]"></a>IRQ037_Handler</STRONG> (Thumb, 0 bytes, Stack size 0 bytes, startup_hc32f46x.o(.text))
<BR>[Address Reference Count : 1]<UL><LI> startup_hc32f46x.o(RESET)
</UL>
<P><STRONG><a name="[30]"></a>IRQ038_Handler</STRONG> (Thumb, 0 bytes, Stack size 0 bytes, startup_hc32f46x.o(.text))
<BR>[Address Reference Count : 1]<UL><LI> startup_hc32f46x.o(RESET)
</UL>
<P><STRONG><a name="[31]"></a>IRQ039_Handler</STRONG> (Thumb, 0 bytes, Stack size 0 bytes, startup_hc32f46x.o(.text))
<BR>[Address Reference Count : 1]<UL><LI> startup_hc32f46x.o(RESET)
</UL>
<P><STRONG><a name="[32]"></a>IRQ040_Handler</STRONG> (Thumb, 0 bytes, Stack size 0 bytes, startup_hc32f46x.o(.text))
<BR>[Address Reference Count : 1]<UL><LI> startup_hc32f46x.o(RESET)
</UL>
<P><STRONG><a name="[33]"></a>IRQ041_Handler</STRONG> (Thumb, 0 bytes, Stack size 0 bytes, startup_hc32f46x.o(.text))
<BR>[Address Reference Count : 1]<UL><LI> startup_hc32f46x.o(RESET)
</UL>
<P><STRONG><a name="[34]"></a>IRQ042_Handler</STRONG> (Thumb, 0 bytes, Stack size 0 bytes, startup_hc32f46x.o(.text))
<BR>[Address Reference Count : 1]<UL><LI> startup_hc32f46x.o(RESET)
</UL>
<P><STRONG><a name="[35]"></a>IRQ043_Handler</STRONG> (Thumb, 0 bytes, Stack size 0 bytes, startup_hc32f46x.o(.text))
<BR>[Address Reference Count : 1]<UL><LI> startup_hc32f46x.o(RESET)
</UL>
<P><STRONG><a name="[36]"></a>IRQ044_Handler</STRONG> (Thumb, 0 bytes, Stack size 0 bytes, startup_hc32f46x.o(.text))
<BR>[Address Reference Count : 1]<UL><LI> startup_hc32f46x.o(RESET)
</UL>
<P><STRONG><a name="[37]"></a>IRQ045_Handler</STRONG> (Thumb, 0 bytes, Stack size 0 bytes, startup_hc32f46x.o(.text))
<BR>[Address Reference Count : 1]<UL><LI> startup_hc32f46x.o(RESET)
</UL>
<P><STRONG><a name="[38]"></a>IRQ046_Handler</STRONG> (Thumb, 0 bytes, Stack size 0 bytes, startup_hc32f46x.o(.text))
<BR>[Address Reference Count : 1]<UL><LI> startup_hc32f46x.o(RESET)
</UL>
<P><STRONG><a name="[39]"></a>IRQ047_Handler</STRONG> (Thumb, 0 bytes, Stack size 0 bytes, startup_hc32f46x.o(.text))
<BR>[Address Reference Count : 1]<UL><LI> startup_hc32f46x.o(RESET)
</UL>
<P><STRONG><a name="[3a]"></a>IRQ048_Handler</STRONG> (Thumb, 0 bytes, Stack size 0 bytes, startup_hc32f46x.o(.text))
<BR>[Address Reference Count : 1]<UL><LI> startup_hc32f46x.o(RESET)
</UL>
<P><STRONG><a name="[3b]"></a>IRQ049_Handler</STRONG> (Thumb, 0 bytes, Stack size 0 bytes, startup_hc32f46x.o(.text))
<BR>[Address Reference Count : 1]<UL><LI> startup_hc32f46x.o(RESET)
</UL>
<P><STRONG><a name="[3c]"></a>IRQ050_Handler</STRONG> (Thumb, 0 bytes, Stack size 0 bytes, startup_hc32f46x.o(.text))
<BR>[Address Reference Count : 1]<UL><LI> startup_hc32f46x.o(RESET)
</UL>
<P><STRONG><a name="[3d]"></a>IRQ051_Handler</STRONG> (Thumb, 0 bytes, Stack size 0 bytes, startup_hc32f46x.o(.text))
<BR>[Address Reference Count : 1]<UL><LI> startup_hc32f46x.o(RESET)
</UL>
<P><STRONG><a name="[3e]"></a>IRQ052_Handler</STRONG> (Thumb, 0 bytes, Stack size 0 bytes, startup_hc32f46x.o(.text))
<BR>[Address Reference Count : 1]<UL><LI> startup_hc32f46x.o(RESET)
</UL>
<P><STRONG><a name="[3f]"></a>IRQ053_Handler</STRONG> (Thumb, 0 bytes, Stack size 0 bytes, startup_hc32f46x.o(.text))
<BR>[Address Reference Count : 1]<UL><LI> startup_hc32f46x.o(RESET)
</UL>
<P><STRONG><a name="[40]"></a>IRQ054_Handler</STRONG> (Thumb, 0 bytes, Stack size 0 bytes, startup_hc32f46x.o(.text))
<BR>[Address Reference Count : 1]<UL><LI> startup_hc32f46x.o(RESET)
</UL>
<P><STRONG><a name="[41]"></a>IRQ055_Handler</STRONG> (Thumb, 0 bytes, Stack size 0 bytes, startup_hc32f46x.o(.text))
<BR>[Address Reference Count : 1]<UL><LI> startup_hc32f46x.o(RESET)
</UL>
<P><STRONG><a name="[42]"></a>IRQ056_Handler</STRONG> (Thumb, 0 bytes, Stack size 0 bytes, startup_hc32f46x.o(.text))
<BR>[Address Reference Count : 1]<UL><LI> startup_hc32f46x.o(RESET)
</UL>
<P><STRONG><a name="[43]"></a>IRQ057_Handler</STRONG> (Thumb, 0 bytes, Stack size 0 bytes, startup_hc32f46x.o(.text))
<BR>[Address Reference Count : 1]<UL><LI> startup_hc32f46x.o(RESET)
</UL>
<P><STRONG><a name="[44]"></a>IRQ058_Handler</STRONG> (Thumb, 0 bytes, Stack size 0 bytes, startup_hc32f46x.o(.text))
<BR>[Address Reference Count : 1]<UL><LI> startup_hc32f46x.o(RESET)
</UL>
<P><STRONG><a name="[45]"></a>IRQ059_Handler</STRONG> (Thumb, 0 bytes, Stack size 0 bytes, startup_hc32f46x.o(.text))
<BR>[Address Reference Count : 1]<UL><LI> startup_hc32f46x.o(RESET)
</UL>
<P><STRONG><a name="[46]"></a>IRQ060_Handler</STRONG> (Thumb, 0 bytes, Stack size 0 bytes, startup_hc32f46x.o(.text))
<BR>[Address Reference Count : 1]<UL><LI> startup_hc32f46x.o(RESET)
</UL>
<P><STRONG><a name="[47]"></a>IRQ061_Handler</STRONG> (Thumb, 0 bytes, Stack size 0 bytes, startup_hc32f46x.o(.text))
<BR>[Address Reference Count : 1]<UL><LI> startup_hc32f46x.o(RESET)
</UL>
<P><STRONG><a name="[48]"></a>IRQ062_Handler</STRONG> (Thumb, 0 bytes, Stack size 0 bytes, startup_hc32f46x.o(.text))
<BR>[Address Reference Count : 1]<UL><LI> startup_hc32f46x.o(RESET)
</UL>
<P><STRONG><a name="[49]"></a>IRQ063_Handler</STRONG> (Thumb, 0 bytes, Stack size 0 bytes, startup_hc32f46x.o(.text))
<BR>[Address Reference Count : 1]<UL><LI> startup_hc32f46x.o(RESET)
</UL>
<P><STRONG><a name="[4a]"></a>IRQ064_Handler</STRONG> (Thumb, 0 bytes, Stack size 0 bytes, startup_hc32f46x.o(.text))
<BR>[Address Reference Count : 1]<UL><LI> startup_hc32f46x.o(RESET)
</UL>
<P><STRONG><a name="[4b]"></a>IRQ065_Handler</STRONG> (Thumb, 0 bytes, Stack size 0 bytes, startup_hc32f46x.o(.text))
<BR>[Address Reference Count : 1]<UL><LI> startup_hc32f46x.o(RESET)
</UL>
<P><STRONG><a name="[4c]"></a>IRQ066_Handler</STRONG> (Thumb, 0 bytes, Stack size 0 bytes, startup_hc32f46x.o(.text))
<BR>[Address Reference Count : 1]<UL><LI> startup_hc32f46x.o(RESET)
</UL>
<P><STRONG><a name="[4d]"></a>IRQ067_Handler</STRONG> (Thumb, 0 bytes, Stack size 0 bytes, startup_hc32f46x.o(.text))
<BR>[Address Reference Count : 1]<UL><LI> startup_hc32f46x.o(RESET)
</UL>
<P><STRONG><a name="[4e]"></a>IRQ068_Handler</STRONG> (Thumb, 0 bytes, Stack size 0 bytes, startup_hc32f46x.o(.text))
<BR>[Address Reference Count : 1]<UL><LI> startup_hc32f46x.o(RESET)
</UL>
<P><STRONG><a name="[4f]"></a>IRQ069_Handler</STRONG> (Thumb, 0 bytes, Stack size 0 bytes, startup_hc32f46x.o(.text))
<BR>[Address Reference Count : 1]<UL><LI> startup_hc32f46x.o(RESET)
</UL>
<P><STRONG><a name="[50]"></a>IRQ070_Handler</STRONG> (Thumb, 0 bytes, Stack size 0 bytes, startup_hc32f46x.o(.text))
<BR>[Address Reference Count : 1]<UL><LI> startup_hc32f46x.o(RESET)
</UL>
<P><STRONG><a name="[51]"></a>IRQ071_Handler</STRONG> (Thumb, 0 bytes, Stack size 0 bytes, startup_hc32f46x.o(.text))
<BR>[Address Reference Count : 1]<UL><LI> startup_hc32f46x.o(RESET)
</UL>
<P><STRONG><a name="[52]"></a>IRQ072_Handler</STRONG> (Thumb, 0 bytes, Stack size 0 bytes, startup_hc32f46x.o(.text))
<BR>[Address Reference Count : 1]<UL><LI> startup_hc32f46x.o(RESET)
</UL>
<P><STRONG><a name="[53]"></a>IRQ073_Handler</STRONG> (Thumb, 0 bytes, Stack size 0 bytes, startup_hc32f46x.o(.text))
<BR>[Address Reference Count : 1]<UL><LI> startup_hc32f46x.o(RESET)
</UL>
<P><STRONG><a name="[54]"></a>IRQ074_Handler</STRONG> (Thumb, 0 bytes, Stack size 0 bytes, startup_hc32f46x.o(.text))
<BR>[Address Reference Count : 1]<UL><LI> startup_hc32f46x.o(RESET)
</UL>
<P><STRONG><a name="[55]"></a>IRQ075_Handler</STRONG> (Thumb, 0 bytes, Stack size 0 bytes, startup_hc32f46x.o(.text))
<BR>[Address Reference Count : 1]<UL><LI> startup_hc32f46x.o(RESET)
</UL>
<P><STRONG><a name="[56]"></a>IRQ076_Handler</STRONG> (Thumb, 0 bytes, Stack size 0 bytes, startup_hc32f46x.o(.text))
<BR>[Address Reference Count : 1]<UL><LI> startup_hc32f46x.o(RESET)
</UL>
<P><STRONG><a name="[57]"></a>IRQ077_Handler</STRONG> (Thumb, 0 bytes, Stack size 0 bytes, startup_hc32f46x.o(.text))
<BR>[Address Reference Count : 1]<UL><LI> startup_hc32f46x.o(RESET)
</UL>
<P><STRONG><a name="[58]"></a>IRQ078_Handler</STRONG> (Thumb, 0 bytes, Stack size 0 bytes, startup_hc32f46x.o(.text))
<BR>[Address Reference Count : 1]<UL><LI> startup_hc32f46x.o(RESET)
</UL>
<P><STRONG><a name="[59]"></a>IRQ079_Handler</STRONG> (Thumb, 0 bytes, Stack size 0 bytes, startup_hc32f46x.o(.text))
<BR>[Address Reference Count : 1]<UL><LI> startup_hc32f46x.o(RESET)
</UL>
<P><STRONG><a name="[5a]"></a>IRQ080_Handler</STRONG> (Thumb, 0 bytes, Stack size 0 bytes, startup_hc32f46x.o(.text))
<BR>[Address Reference Count : 1]<UL><LI> startup_hc32f46x.o(RESET)
</UL>
<P><STRONG><a name="[5b]"></a>IRQ081_Handler</STRONG> (Thumb, 0 bytes, Stack size 0 bytes, startup_hc32f46x.o(.text))
<BR>[Address Reference Count : 1]<UL><LI> startup_hc32f46x.o(RESET)
</UL>
<P><STRONG><a name="[5c]"></a>IRQ082_Handler</STRONG> (Thumb, 0 bytes, Stack size 0 bytes, startup_hc32f46x.o(.text))
<BR>[Address Reference Count : 1]<UL><LI> startup_hc32f46x.o(RESET)
</UL>
<P><STRONG><a name="[5d]"></a>IRQ083_Handler</STRONG> (Thumb, 0 bytes, Stack size 0 bytes, startup_hc32f46x.o(.text))
<BR>[Address Reference Count : 1]<UL><LI> startup_hc32f46x.o(RESET)
</UL>
<P><STRONG><a name="[5e]"></a>IRQ084_Handler</STRONG> (Thumb, 0 bytes, Stack size 0 bytes, startup_hc32f46x.o(.text))
<BR>[Address Reference Count : 1]<UL><LI> startup_hc32f46x.o(RESET)
</UL>
<P><STRONG><a name="[5f]"></a>IRQ085_Handler</STRONG> (Thumb, 0 bytes, Stack size 0 bytes, startup_hc32f46x.o(.text))
<BR>[Address Reference Count : 1]<UL><LI> startup_hc32f46x.o(RESET)
</UL>
<P><STRONG><a name="[60]"></a>IRQ086_Handler</STRONG> (Thumb, 0 bytes, Stack size 0 bytes, startup_hc32f46x.o(.text))
<BR>[Address Reference Count : 1]<UL><LI> startup_hc32f46x.o(RESET)
</UL>
<P><STRONG><a name="[61]"></a>IRQ087_Handler</STRONG> (Thumb, 0 bytes, Stack size 0 bytes, startup_hc32f46x.o(.text))
<BR>[Address Reference Count : 1]<UL><LI> startup_hc32f46x.o(RESET)
</UL>
<P><STRONG><a name="[62]"></a>IRQ088_Handler</STRONG> (Thumb, 0 bytes, Stack size 0 bytes, startup_hc32f46x.o(.text))
<BR>[Address Reference Count : 1]<UL><LI> startup_hc32f46x.o(RESET)
</UL>
<P><STRONG><a name="[63]"></a>IRQ089_Handler</STRONG> (Thumb, 0 bytes, Stack size 0 bytes, startup_hc32f46x.o(.text))
<BR>[Address Reference Count : 1]<UL><LI> startup_hc32f46x.o(RESET)
</UL>
<P><STRONG><a name="[64]"></a>IRQ090_Handler</STRONG> (Thumb, 0 bytes, Stack size 0 bytes, startup_hc32f46x.o(.text))
<BR>[Address Reference Count : 1]<UL><LI> startup_hc32f46x.o(RESET)
</UL>
<P><STRONG><a name="[65]"></a>IRQ091_Handler</STRONG> (Thumb, 0 bytes, Stack size 0 bytes, startup_hc32f46x.o(.text))
<BR>[Address Reference Count : 1]<UL><LI> startup_hc32f46x.o(RESET)
</UL>
<P><STRONG><a name="[66]"></a>IRQ092_Handler</STRONG> (Thumb, 0 bytes, Stack size 0 bytes, startup_hc32f46x.o(.text))
<BR>[Address Reference Count : 1]<UL><LI> startup_hc32f46x.o(RESET)
</UL>
<P><STRONG><a name="[67]"></a>IRQ093_Handler</STRONG> (Thumb, 0 bytes, Stack size 0 bytes, startup_hc32f46x.o(.text))
<BR>[Address Reference Count : 1]<UL><LI> startup_hc32f46x.o(RESET)
</UL>
<P><STRONG><a name="[68]"></a>IRQ094_Handler</STRONG> (Thumb, 0 bytes, Stack size 0 bytes, startup_hc32f46x.o(.text))
<BR>[Address Reference Count : 1]<UL><LI> startup_hc32f46x.o(RESET)
</UL>
<P><STRONG><a name="[69]"></a>IRQ095_Handler</STRONG> (Thumb, 0 bytes, Stack size 0 bytes, startup_hc32f46x.o(.text))
<BR>[Address Reference Count : 1]<UL><LI> startup_hc32f46x.o(RESET)
</UL>
<P><STRONG><a name="[6a]"></a>IRQ096_Handler</STRONG> (Thumb, 0 bytes, Stack size 0 bytes, startup_hc32f46x.o(.text))
<BR>[Address Reference Count : 1]<UL><LI> startup_hc32f46x.o(RESET)
</UL>
<P><STRONG><a name="[6b]"></a>IRQ097_Handler</STRONG> (Thumb, 0 bytes, Stack size 0 bytes, startup_hc32f46x.o(.text))
<BR>[Address Reference Count : 1]<UL><LI> startup_hc32f46x.o(RESET)
</UL>
<P><STRONG><a name="[6c]"></a>IRQ098_Handler</STRONG> (Thumb, 0 bytes, Stack size 0 bytes, startup_hc32f46x.o(.text))
<BR>[Address Reference Count : 1]<UL><LI> startup_hc32f46x.o(RESET)
</UL>
<P><STRONG><a name="[6d]"></a>IRQ099_Handler</STRONG> (Thumb, 0 bytes, Stack size 0 bytes, startup_hc32f46x.o(.text))
<BR>[Address Reference Count : 1]<UL><LI> startup_hc32f46x.o(RESET)
</UL>
<P><STRONG><a name="[6e]"></a>IRQ100_Handler</STRONG> (Thumb, 0 bytes, Stack size 0 bytes, startup_hc32f46x.o(.text))
<BR>[Address Reference Count : 1]<UL><LI> startup_hc32f46x.o(RESET)
</UL>
<P><STRONG><a name="[6f]"></a>IRQ101_Handler</STRONG> (Thumb, 0 bytes, Stack size 0 bytes, startup_hc32f46x.o(.text))
<BR>[Address Reference Count : 1]<UL><LI> startup_hc32f46x.o(RESET)
</UL>
<P><STRONG><a name="[70]"></a>IRQ102_Handler</STRONG> (Thumb, 0 bytes, Stack size 0 bytes, startup_hc32f46x.o(.text))
<BR>[Address Reference Count : 1]<UL><LI> startup_hc32f46x.o(RESET)
</UL>
<P><STRONG><a name="[71]"></a>IRQ103_Handler</STRONG> (Thumb, 0 bytes, Stack size 0 bytes, startup_hc32f46x.o(.text))
<BR>[Address Reference Count : 1]<UL><LI> startup_hc32f46x.o(RESET)
</UL>
<P><STRONG><a name="[72]"></a>IRQ104_Handler</STRONG> (Thumb, 0 bytes, Stack size 0 bytes, startup_hc32f46x.o(.text))
<BR>[Address Reference Count : 1]<UL><LI> startup_hc32f46x.o(RESET)
</UL>
<P><STRONG><a name="[73]"></a>IRQ105_Handler</STRONG> (Thumb, 0 bytes, Stack size 0 bytes, startup_hc32f46x.o(.text))
<BR>[Address Reference Count : 1]<UL><LI> startup_hc32f46x.o(RESET)
</UL>
<P><STRONG><a name="[74]"></a>IRQ106_Handler</STRONG> (Thumb, 0 bytes, Stack size 0 bytes, startup_hc32f46x.o(.text))
<BR>[Address Reference Count : 1]<UL><LI> startup_hc32f46x.o(RESET)
</UL>
<P><STRONG><a name="[75]"></a>IRQ107_Handler</STRONG> (Thumb, 0 bytes, Stack size 0 bytes, startup_hc32f46x.o(.text))
<BR>[Address Reference Count : 1]<UL><LI> startup_hc32f46x.o(RESET)
</UL>
<P><STRONG><a name="[76]"></a>IRQ108_Handler</STRONG> (Thumb, 0 bytes, Stack size 0 bytes, startup_hc32f46x.o(.text))
<BR>[Address Reference Count : 1]<UL><LI> startup_hc32f46x.o(RESET)
</UL>
<P><STRONG><a name="[77]"></a>IRQ109_Handler</STRONG> (Thumb, 0 bytes, Stack size 0 bytes, startup_hc32f46x.o(.text))
<BR>[Address Reference Count : 1]<UL><LI> startup_hc32f46x.o(RESET)
</UL>
<P><STRONG><a name="[78]"></a>IRQ110_Handler</STRONG> (Thumb, 0 bytes, Stack size 0 bytes, startup_hc32f46x.o(.text))
<BR>[Address Reference Count : 1]<UL><LI> startup_hc32f46x.o(RESET)
</UL>
<P><STRONG><a name="[79]"></a>IRQ111_Handler</STRONG> (Thumb, 0 bytes, Stack size 0 bytes, startup_hc32f46x.o(.text))
<BR>[Address Reference Count : 1]<UL><LI> startup_hc32f46x.o(RESET)
</UL>
<P><STRONG><a name="[7a]"></a>IRQ112_Handler</STRONG> (Thumb, 0 bytes, Stack size 0 bytes, startup_hc32f46x.o(.text))
<BR>[Address Reference Count : 1]<UL><LI> startup_hc32f46x.o(RESET)
</UL>
<P><STRONG><a name="[7b]"></a>IRQ113_Handler</STRONG> (Thumb, 0 bytes, Stack size 0 bytes, startup_hc32f46x.o(.text))
<BR>[Address Reference Count : 1]<UL><LI> startup_hc32f46x.o(RESET)
</UL>
<P><STRONG><a name="[7c]"></a>IRQ114_Handler</STRONG> (Thumb, 0 bytes, Stack size 0 bytes, startup_hc32f46x.o(.text))
<BR>[Address Reference Count : 1]<UL><LI> startup_hc32f46x.o(RESET)
</UL>
<P><STRONG><a name="[7d]"></a>IRQ115_Handler</STRONG> (Thumb, 0 bytes, Stack size 0 bytes, startup_hc32f46x.o(.text))
<BR>[Address Reference Count : 1]<UL><LI> startup_hc32f46x.o(RESET)
</UL>
<P><STRONG><a name="[7e]"></a>IRQ116_Handler</STRONG> (Thumb, 0 bytes, Stack size 0 bytes, startup_hc32f46x.o(.text))
<BR>[Address Reference Count : 1]<UL><LI> startup_hc32f46x.o(RESET)
</UL>
<P><STRONG><a name="[7f]"></a>IRQ117_Handler</STRONG> (Thumb, 0 bytes, Stack size 0 bytes, startup_hc32f46x.o(.text))
<BR>[Address Reference Count : 1]<UL><LI> startup_hc32f46x.o(RESET)
</UL>
<P><STRONG><a name="[80]"></a>IRQ118_Handler</STRONG> (Thumb, 0 bytes, Stack size 0 bytes, startup_hc32f46x.o(.text))
<BR>[Address Reference Count : 1]<UL><LI> startup_hc32f46x.o(RESET)
</UL>
<P><STRONG><a name="[81]"></a>IRQ119_Handler</STRONG> (Thumb, 0 bytes, Stack size 0 bytes, startup_hc32f46x.o(.text))
<BR>[Address Reference Count : 1]<UL><LI> startup_hc32f46x.o(RESET)
</UL>
<P><STRONG><a name="[82]"></a>IRQ120_Handler</STRONG> (Thumb, 0 bytes, Stack size 0 bytes, startup_hc32f46x.o(.text))
<BR>[Address Reference Count : 1]<UL><LI> startup_hc32f46x.o(RESET)
</UL>
<P><STRONG><a name="[83]"></a>IRQ121_Handler</STRONG> (Thumb, 0 bytes, Stack size 0 bytes, startup_hc32f46x.o(.text))
<BR>[Address Reference Count : 1]<UL><LI> startup_hc32f46x.o(RESET)
</UL>
<P><STRONG><a name="[84]"></a>IRQ122_Handler</STRONG> (Thumb, 0 bytes, Stack size 0 bytes, startup_hc32f46x.o(.text))
<BR>[Address Reference Count : 1]<UL><LI> startup_hc32f46x.o(RESET)
</UL>
<P><STRONG><a name="[85]"></a>IRQ123_Handler</STRONG> (Thumb, 0 bytes, Stack size 0 bytes, startup_hc32f46x.o(.text))
<BR>[Address Reference Count : 1]<UL><LI> startup_hc32f46x.o(RESET)
</UL>
<P><STRONG><a name="[86]"></a>IRQ124_Handler</STRONG> (Thumb, 0 bytes, Stack size 0 bytes, startup_hc32f46x.o(.text))
<BR>[Address Reference Count : 1]<UL><LI> startup_hc32f46x.o(RESET)
</UL>
<P><STRONG><a name="[87]"></a>IRQ125_Handler</STRONG> (Thumb, 0 bytes, Stack size 0 bytes, startup_hc32f46x.o(.text))
<BR>[Address Reference Count : 1]<UL><LI> startup_hc32f46x.o(RESET)
</UL>
<P><STRONG><a name="[88]"></a>IRQ126_Handler</STRONG> (Thumb, 0 bytes, Stack size 0 bytes, startup_hc32f46x.o(.text))
<BR>[Address Reference Count : 1]<UL><LI> startup_hc32f46x.o(RESET)
</UL>
<P><STRONG><a name="[89]"></a>IRQ127_Handler</STRONG> (Thumb, 0 bytes, Stack size 0 bytes, startup_hc32f46x.o(.text))
<BR>[Address Reference Count : 1]<UL><LI> startup_hc32f46x.o(RESET)
</UL>
<P><STRONG><a name="[8a]"></a>IRQ128_Handler</STRONG> (Thumb, 0 bytes, Stack size 0 bytes, startup_hc32f46x.o(.text))
<BR>[Address Reference Count : 1]<UL><LI> startup_hc32f46x.o(RESET)
</UL>
<P><STRONG><a name="[8b]"></a>IRQ129_Handler</STRONG> (Thumb, 0 bytes, Stack size 0 bytes, startup_hc32f46x.o(.text))
<BR>[Address Reference Count : 1]<UL><LI> startup_hc32f46x.o(RESET)
</UL>
<P><STRONG><a name="[8c]"></a>IRQ130_Handler</STRONG> (Thumb, 0 bytes, Stack size 0 bytes, startup_hc32f46x.o(.text))
<BR>[Address Reference Count : 1]<UL><LI> startup_hc32f46x.o(RESET)
</UL>
<P><STRONG><a name="[8d]"></a>IRQ131_Handler</STRONG> (Thumb, 0 bytes, Stack size 0 bytes, startup_hc32f46x.o(.text))
<BR>[Address Reference Count : 1]<UL><LI> startup_hc32f46x.o(RESET)
</UL>
<P><STRONG><a name="[8e]"></a>IRQ132_Handler</STRONG> (Thumb, 0 bytes, Stack size 0 bytes, startup_hc32f46x.o(.text))
<BR>[Address Reference Count : 1]<UL><LI> startup_hc32f46x.o(RESET)
</UL>
<P><STRONG><a name="[8f]"></a>IRQ133_Handler</STRONG> (Thumb, 0 bytes, Stack size 0 bytes, startup_hc32f46x.o(.text))
<BR>[Address Reference Count : 1]<UL><LI> startup_hc32f46x.o(RESET)
</UL>
<P><STRONG><a name="[90]"></a>IRQ134_Handler</STRONG> (Thumb, 0 bytes, Stack size 0 bytes, startup_hc32f46x.o(.text))
<BR>[Address Reference Count : 1]<UL><LI> startup_hc32f46x.o(RESET)
</UL>
<P><STRONG><a name="[91]"></a>IRQ135_Handler</STRONG> (Thumb, 0 bytes, Stack size 0 bytes, startup_hc32f46x.o(.text))
<BR>[Address Reference Count : 1]<UL><LI> startup_hc32f46x.o(RESET)
</UL>
<P><STRONG><a name="[92]"></a>IRQ136_Handler</STRONG> (Thumb, 0 bytes, Stack size 0 bytes, startup_hc32f46x.o(.text))
<BR>[Address Reference Count : 1]<UL><LI> startup_hc32f46x.o(RESET)
</UL>
<P><STRONG><a name="[93]"></a>IRQ137_Handler</STRONG> (Thumb, 0 bytes, Stack size 0 bytes, startup_hc32f46x.o(.text))
<BR>[Address Reference Count : 1]<UL><LI> startup_hc32f46x.o(RESET)
</UL>
<P><STRONG><a name="[94]"></a>IRQ138_Handler</STRONG> (Thumb, 0 bytes, Stack size 0 bytes, startup_hc32f46x.o(.text))
<BR>[Address Reference Count : 1]<UL><LI> startup_hc32f46x.o(RESET)
</UL>
<P><STRONG><a name="[95]"></a>IRQ139_Handler</STRONG> (Thumb, 0 bytes, Stack size 0 bytes, startup_hc32f46x.o(.text))
<BR>[Address Reference Count : 1]<UL><LI> startup_hc32f46x.o(RESET)
</UL>
<P><STRONG><a name="[96]"></a>IRQ140_Handler</STRONG> (Thumb, 0 bytes, Stack size 0 bytes, startup_hc32f46x.o(.text))
<BR>[Address Reference Count : 1]<UL><LI> startup_hc32f46x.o(RESET)
</UL>
<P><STRONG><a name="[97]"></a>IRQ141_Handler</STRONG> (Thumb, 0 bytes, Stack size 0 bytes, startup_hc32f46x.o(.text))
<BR>[Address Reference Count : 1]<UL><LI> startup_hc32f46x.o(RESET)
</UL>
<P><STRONG><a name="[98]"></a>IRQ142_Handler</STRONG> (Thumb, 0 bytes, Stack size 0 bytes, startup_hc32f46x.o(.text))
<BR>[Address Reference Count : 1]<UL><LI> startup_hc32f46x.o(RESET)
</UL>
<P><STRONG><a name="[99]"></a>IRQ143_Handler</STRONG> (Thumb, 0 bytes, Stack size 0 bytes, startup_hc32f46x.o(.text))
<BR>[Address Reference Count : 1]<UL><LI> startup_hc32f46x.o(RESET)
</UL>
<P><STRONG><a name="[c3]"></a>__aeabi_uidiv</STRONG> (Thumb, 0 bytes, Stack size 12 bytes, uidiv.o(.text), UNUSED)

<P><STRONG><a name="[bb]"></a>__aeabi_uidivmod</STRONG> (Thumb, 44 bytes, Stack size 12 bytes, uidiv.o(.text), UNUSED)
<BR><BR>[Called By]<UL><LI><a href="#[ba]">&gt;&gt;</a>&nbsp;&nbsp;&nbsp;_printf_core
</UL>

<P><STRONG><a name="[a0]"></a>__scatterload</STRONG> (Thumb, 28 bytes, Stack size 0 bytes, init.o(.text))
<BR><BR>[Calls]<UL><LI><a href="#[a1]">&gt;&gt;</a>&nbsp;&nbsp;&nbsp;__main_after_scatterload
</UL>
<BR>[Called By]<UL><LI><a href="#[9f]">&gt;&gt;</a>&nbsp;&nbsp;&nbsp;_main_scatterload
</UL>

<P><STRONG><a name="[c4]"></a>__scatterload_rt2</STRONG> (Thumb, 0 bytes, Stack size 0 bytes, init.o(.text), UNUSED)

<P><STRONG><a name="[a2]"></a>Boot</STRONG> (Thumb, 66 bytes, Stack size 8 bytes, bootloader.o(i.Boot))
<BR><BR>[Stack]<UL><LI>Max Depth = 136<LI>Call Chain = Boot &rArr; Copy &rArr; Boot_CopyApp &rArr; Flash__WriteArray &rArr; Flash__WriteWord &rArr; EFM_SingleProgram &rArr; EFM_ErasePgmCmd &rArr; Ddl_AssertHandler &rArr; __2printf
</UL>
<BR>[Calls]<UL><LI><a href="#[a7]">&gt;&gt;</a>&nbsp;&nbsp;&nbsp;JumpTo
<LI><a href="#[a5]">&gt;&gt;</a>&nbsp;&nbsp;&nbsp;Copy
<LI><a href="#[a3]">&gt;&gt;</a>&nbsp;&nbsp;&nbsp;Boot_Get_Mark
<LI><a href="#[a4]">&gt;&gt;</a>&nbsp;&nbsp;&nbsp;Boot_Get_Info
<LI><a href="#[a6]">&gt;&gt;</a>&nbsp;&nbsp;&nbsp;Boot_Get_App1Checksum
</UL>
<BR>[Called By]<UL><LI><a href="#[9a]">&gt;&gt;</a>&nbsp;&nbsp;&nbsp;main
</UL>

<P><STRONG><a name="[a8]"></a>Boot_CopyApp</STRONG> (Thumb, 52 bytes, Stack size 16 bytes, bootloader.o(i.Boot_CopyApp))
<BR><BR>[Stack]<UL><LI>Max Depth = 120<LI>Call Chain = Boot_CopyApp &rArr; Flash__WriteArray &rArr; Flash__WriteWord &rArr; EFM_SingleProgram &rArr; EFM_ErasePgmCmd &rArr; Ddl_AssertHandler &rArr; __2printf
</UL>
<BR>[Calls]<UL><LI><a href="#[aa]">&gt;&gt;</a>&nbsp;&nbsp;&nbsp;Flash__WriteArray
<LI><a href="#[a9]">&gt;&gt;</a>&nbsp;&nbsp;&nbsp;Flash__ErasePage
</UL>
<BR>[Called By]<UL><LI><a href="#[a5]">&gt;&gt;</a>&nbsp;&nbsp;&nbsp;Copy
</UL>

<P><STRONG><a name="[ab]"></a>Boot_EraseMark</STRONG> (Thumb, 12 bytes, Stack size 8 bytes, bootloader.o(i.Boot_EraseMark))
<BR><BR>[Stack]<UL><LI>Max Depth = 80<LI>Call Chain = Boot_EraseMark &rArr; Flash__ErasePage &rArr; EFM_SectorErase &rArr; EFM_ErasePgmCmd &rArr; Ddl_AssertHandler &rArr; __2printf
</UL>
<BR>[Calls]<UL><LI><a href="#[a9]">&gt;&gt;</a>&nbsp;&nbsp;&nbsp;Flash__ErasePage
</UL>
<BR>[Called By]<UL><LI><a href="#[a5]">&gt;&gt;</a>&nbsp;&nbsp;&nbsp;Copy
</UL>

<P><STRONG><a name="[a6]"></a>Boot_Get_App1Checksum</STRONG> (Thumb, 38 bytes, Stack size 0 bytes, bootloader.o(i.Boot_Get_App1Checksum))
<BR><BR>[Called By]<UL><LI><a href="#[a2]">&gt;&gt;</a>&nbsp;&nbsp;&nbsp;Boot
</UL>

<P><STRONG><a name="[9b]"></a>SystemInit</STRONG> (Thumb, 8 bytes, Stack size 4 bytes, system_hc32f46x.o(i.SystemInit))
<BR><BR>[Stack]<UL><LI>Max Depth = 20<LI>Call Chain = SystemInit &rArr; SystemCoreClockUpdate
</UL>
<BR>[Calls]<UL><LI><a href="#[ac]">&gt;&gt;</a>&nbsp;&nbsp;&nbsp;SystemCoreClockUpdate
</UL>
<BR>[Address Reference Count : 1]<UL><LI> startup_hc32f46x.o(.text)
</UL>
<P><STRONG><a name="[a4]"></a>Boot_Get_Info</STRONG> (Thumb, 128 bytes, Stack size 0 bytes, bootloader.o(i.Boot_Get_Info))
<BR><BR>[Called By]<UL><LI><a href="#[a2]">&gt;&gt;</a>&nbsp;&nbsp;&nbsp;Boot
</UL>

<P><STRONG><a name="[a3]"></a>Boot_Get_Mark</STRONG> (Thumb, 12 bytes, Stack size 0 bytes, bootloader.o(i.Boot_Get_Mark))
<BR><BR>[Called By]<UL><LI><a href="#[a2]">&gt;&gt;</a>&nbsp;&nbsp;&nbsp;Boot
</UL>

<P><STRONG><a name="[a5]"></a>Copy</STRONG> (Thumb, 20 bytes, Stack size 8 bytes, bootloader.o(i.Copy))
<BR><BR>[Stack]<UL><LI>Max Depth = 128<LI>Call Chain = Copy &rArr; Boot_CopyApp &rArr; Flash__WriteArray &rArr; Flash__WriteWord &rArr; EFM_SingleProgram &rArr; EFM_ErasePgmCmd &rArr; Ddl_AssertHandler &rArr; __2printf
</UL>
<BR>[Calls]<UL><LI><a href="#[ab]">&gt;&gt;</a>&nbsp;&nbsp;&nbsp;Boot_EraseMark
<LI><a href="#[a8]">&gt;&gt;</a>&nbsp;&nbsp;&nbsp;Boot_CopyApp
<LI><a href="#[ad]">&gt;&gt;</a>&nbsp;&nbsp;&nbsp;Flash__Unlock
<LI><a href="#[ae]">&gt;&gt;</a>&nbsp;&nbsp;&nbsp;Flash__Lock
</UL>
<BR>[Called By]<UL><LI><a href="#[a2]">&gt;&gt;</a>&nbsp;&nbsp;&nbsp;Boot
</UL>

<P><STRONG><a name="[9e]"></a>Ddl_AssertHandler</STRONG> (Thumb, 18 bytes, Stack size 0 bytes, hc32f46x_utility.o(i.Ddl_AssertHandler))
<BR><BR>[Stack]<UL><LI>Max Depth = 24<LI>Call Chain = Ddl_AssertHandler &rArr; __2printf
</UL>
<BR>[Calls]<UL><LI><a href="#[af]">&gt;&gt;</a>&nbsp;&nbsp;&nbsp;__2printf
</UL>
<BR>[Called By]<UL><LI><a href="#[b5]">&gt;&gt;</a>&nbsp;&nbsp;&nbsp;EFM_SingleProgram
<LI><a href="#[b3]">&gt;&gt;</a>&nbsp;&nbsp;&nbsp;EFM_SectorErase
<LI><a href="#[b2]">&gt;&gt;</a>&nbsp;&nbsp;&nbsp;EFM_GetFlagStatus
<LI><a href="#[b1]">&gt;&gt;</a>&nbsp;&nbsp;&nbsp;EFM_FlashCmd
<LI><a href="#[b0]">&gt;&gt;</a>&nbsp;&nbsp;&nbsp;EFM_ErasePgmCmd
</UL>

<P><STRONG><a name="[bc]"></a>DebugOutput</STRONG> (Thumb, 20 bytes, Stack size 0 bytes, hc32f46x_utility.o(i.DebugOutput))
<BR><BR>[Called By]<UL><LI><a href="#[9d]">&gt;&gt;</a>&nbsp;&nbsp;&nbsp;fputc
</UL>

<P><STRONG><a name="[b4]"></a>EFM_ClearFlag</STRONG> (Thumb, 6 bytes, Stack size 0 bytes, hc32f46x_efm.o(i.EFM_ClearFlag))
<BR><BR>[Called By]<UL><LI><a href="#[b5]">&gt;&gt;</a>&nbsp;&nbsp;&nbsp;EFM_SingleProgram
<LI><a href="#[b3]">&gt;&gt;</a>&nbsp;&nbsp;&nbsp;EFM_SectorErase
</UL>

<P><STRONG><a name="[b0]"></a>EFM_ErasePgmCmd</STRONG> (Thumb, 40 bytes, Stack size 8 bytes, hc32f46x_efm.o(i.EFM_ErasePgmCmd))
<BR><BR>[Stack]<UL><LI>Max Depth = 32<LI>Call Chain = EFM_ErasePgmCmd &rArr; Ddl_AssertHandler &rArr; __2printf
</UL>
<BR>[Calls]<UL><LI><a href="#[9e]">&gt;&gt;</a>&nbsp;&nbsp;&nbsp;Ddl_AssertHandler
</UL>
<BR>[Called By]<UL><LI><a href="#[b5]">&gt;&gt;</a>&nbsp;&nbsp;&nbsp;EFM_SingleProgram
<LI><a href="#[b3]">&gt;&gt;</a>&nbsp;&nbsp;&nbsp;EFM_SectorErase
</UL>

<P><STRONG><a name="[b1]"></a>EFM_FlashCmd</STRONG> (Thumb, 48 bytes, Stack size 8 bytes, hc32f46x_efm.o(i.EFM_FlashCmd))
<BR><BR>[Stack]<UL><LI>Max Depth = 32<LI>Call Chain = EFM_FlashCmd &rArr; Ddl_AssertHandler &rArr; __2printf
</UL>
<BR>[Calls]<UL><LI><a href="#[9e]">&gt;&gt;</a>&nbsp;&nbsp;&nbsp;Ddl_AssertHandler
</UL>
<BR>[Called By]<UL><LI><a href="#[b8]">&gt;&gt;</a>&nbsp;&nbsp;&nbsp;Flash__WriteWord
<LI><a href="#[a9]">&gt;&gt;</a>&nbsp;&nbsp;&nbsp;Flash__ErasePage
</UL>

<P><STRONG><a name="[b2]"></a>EFM_GetFlagStatus</STRONG> (Thumb, 66 bytes, Stack size 8 bytes, hc32f46x_efm.o(i.EFM_GetFlagStatus))
<BR><BR>[Stack]<UL><LI>Max Depth = 32<LI>Call Chain = EFM_GetFlagStatus &rArr; Ddl_AssertHandler &rArr; __2printf
</UL>
<BR>[Calls]<UL><LI><a href="#[9e]">&gt;&gt;</a>&nbsp;&nbsp;&nbsp;Ddl_AssertHandler
</UL>
<BR>[Called By]<UL><LI><a href="#[b8]">&gt;&gt;</a>&nbsp;&nbsp;&nbsp;Flash__WriteWord
<LI><a href="#[a9]">&gt;&gt;</a>&nbsp;&nbsp;&nbsp;Flash__ErasePage
</UL>

<P><STRONG><a name="[b7]"></a>EFM_Lock</STRONG> (Thumb, 20 bytes, Stack size 0 bytes, hc32f46x_efm.o(i.EFM_Lock))
<BR><BR>[Called By]<UL><LI><a href="#[b8]">&gt;&gt;</a>&nbsp;&nbsp;&nbsp;Flash__WriteWord
<LI><a href="#[a9]">&gt;&gt;</a>&nbsp;&nbsp;&nbsp;Flash__ErasePage
</UL>

<P><STRONG><a name="[b3]"></a>EFM_SectorErase</STRONG> (Thumb, 164 bytes, Stack size 24 bytes, hc32f46x_efm.o(i.EFM_SectorErase))
<BR><BR>[Stack]<UL><LI>Max Depth = 56<LI>Call Chain = EFM_SectorErase &rArr; EFM_ErasePgmCmd &rArr; Ddl_AssertHandler &rArr; __2printf
</UL>
<BR>[Calls]<UL><LI><a href="#[9e]">&gt;&gt;</a>&nbsp;&nbsp;&nbsp;Ddl_AssertHandler
<LI><a href="#[b0]">&gt;&gt;</a>&nbsp;&nbsp;&nbsp;EFM_ErasePgmCmd
<LI><a href="#[b4]">&gt;&gt;</a>&nbsp;&nbsp;&nbsp;EFM_ClearFlag
</UL>
<BR>[Called By]<UL><LI><a href="#[a9]">&gt;&gt;</a>&nbsp;&nbsp;&nbsp;Flash__ErasePage
</UL>

<P><STRONG><a name="[b5]"></a>EFM_SingleProgram</STRONG> (Thumb, 178 bytes, Stack size 24 bytes, hc32f46x_efm.o(i.EFM_SingleProgram))
<BR><BR>[Stack]<UL><LI>Max Depth = 56<LI>Call Chain = EFM_SingleProgram &rArr; EFM_ErasePgmCmd &rArr; Ddl_AssertHandler &rArr; __2printf
</UL>
<BR>[Calls]<UL><LI><a href="#[9e]">&gt;&gt;</a>&nbsp;&nbsp;&nbsp;Ddl_AssertHandler
<LI><a href="#[b0]">&gt;&gt;</a>&nbsp;&nbsp;&nbsp;EFM_ErasePgmCmd
<LI><a href="#[b4]">&gt;&gt;</a>&nbsp;&nbsp;&nbsp;EFM_ClearFlag
</UL>
<BR>[Called By]<UL><LI><a href="#[b8]">&gt;&gt;</a>&nbsp;&nbsp;&nbsp;Flash__WriteWord
</UL>

<P><STRONG><a name="[b6]"></a>EFM_Unlock</STRONG> (Thumb, 16 bytes, Stack size 0 bytes, hc32f46x_efm.o(i.EFM_Unlock))
<BR><BR>[Called By]<UL><LI><a href="#[b8]">&gt;&gt;</a>&nbsp;&nbsp;&nbsp;Flash__WriteWord
<LI><a href="#[a9]">&gt;&gt;</a>&nbsp;&nbsp;&nbsp;Flash__ErasePage
</UL>

<P><STRONG><a name="[a9]"></a>Flash__ErasePage</STRONG> (Thumb, 72 bytes, Stack size 16 bytes, drv_flash.o(i.Flash__ErasePage))
<BR><BR>[Stack]<UL><LI>Max Depth = 72<LI>Call Chain = Flash__ErasePage &rArr; EFM_SectorErase &rArr; EFM_ErasePgmCmd &rArr; Ddl_AssertHandler &rArr; __2printf
</UL>
<BR>[Calls]<UL><LI><a href="#[b6]">&gt;&gt;</a>&nbsp;&nbsp;&nbsp;EFM_Unlock
<LI><a href="#[b3]">&gt;&gt;</a>&nbsp;&nbsp;&nbsp;EFM_SectorErase
<LI><a href="#[b7]">&gt;&gt;</a>&nbsp;&nbsp;&nbsp;EFM_Lock
<LI><a href="#[b2]">&gt;&gt;</a>&nbsp;&nbsp;&nbsp;EFM_GetFlagStatus
<LI><a href="#[b1]">&gt;&gt;</a>&nbsp;&nbsp;&nbsp;EFM_FlashCmd
</UL>
<BR>[Called By]<UL><LI><a href="#[ab]">&gt;&gt;</a>&nbsp;&nbsp;&nbsp;Boot_EraseMark
<LI><a href="#[a8]">&gt;&gt;</a>&nbsp;&nbsp;&nbsp;Boot_CopyApp
</UL>

<P><STRONG><a name="[ae]"></a>Flash__Lock</STRONG> (Thumb, 20 bytes, Stack size 0 bytes, drv_flash.o(i.Flash__Lock))
<BR><BR>[Called By]<UL><LI><a href="#[a5]">&gt;&gt;</a>&nbsp;&nbsp;&nbsp;Copy
</UL>

<P><STRONG><a name="[ad]"></a>Flash__Unlock</STRONG> (Thumb, 16 bytes, Stack size 0 bytes, drv_flash.o(i.Flash__Unlock))
<BR><BR>[Called By]<UL><LI><a href="#[a5]">&gt;&gt;</a>&nbsp;&nbsp;&nbsp;Copy
</UL>

<P><STRONG><a name="[aa]"></a>Flash__WriteArray</STRONG> (Thumb, 92 bytes, Stack size 32 bytes, drv_flash.o(i.Flash__WriteArray))
<BR><BR>[Stack]<UL><LI>Max Depth = 104<LI>Call Chain = Flash__WriteArray &rArr; Flash__WriteWord &rArr; EFM_SingleProgram &rArr; EFM_ErasePgmCmd &rArr; Ddl_AssertHandler &rArr; __2printf
</UL>
<BR>[Calls]<UL><LI><a href="#[b8]">&gt;&gt;</a>&nbsp;&nbsp;&nbsp;Flash__WriteWord
</UL>
<BR>[Called By]<UL><LI><a href="#[a8]">&gt;&gt;</a>&nbsp;&nbsp;&nbsp;Boot_CopyApp
</UL>

<P><STRONG><a name="[b8]"></a>Flash__WriteWord</STRONG> (Thumb, 44 bytes, Stack size 16 bytes, drv_flash.o(i.Flash__WriteWord))
<BR><BR>[Stack]<UL><LI>Max Depth = 72<LI>Call Chain = Flash__WriteWord &rArr; EFM_SingleProgram &rArr; EFM_ErasePgmCmd &rArr; Ddl_AssertHandler &rArr; __2printf
</UL>
<BR>[Calls]<UL><LI><a href="#[b6]">&gt;&gt;</a>&nbsp;&nbsp;&nbsp;EFM_Unlock
<LI><a href="#[b5]">&gt;&gt;</a>&nbsp;&nbsp;&nbsp;EFM_SingleProgram
<LI><a href="#[b7]">&gt;&gt;</a>&nbsp;&nbsp;&nbsp;EFM_Lock
<LI><a href="#[b2]">&gt;&gt;</a>&nbsp;&nbsp;&nbsp;EFM_GetFlagStatus
<LI><a href="#[b1]">&gt;&gt;</a>&nbsp;&nbsp;&nbsp;EFM_FlashCmd
</UL>
<BR>[Called By]<UL><LI><a href="#[aa]">&gt;&gt;</a>&nbsp;&nbsp;&nbsp;Flash__WriteArray
</UL>

<P><STRONG><a name="[a7]"></a>JumpTo</STRONG> (Thumb, 40 bytes, Stack size 24 bytes, bootloader.o(i.JumpTo))
<BR><BR>[Stack]<UL><LI>Max Depth = 24<LI>Call Chain = JumpTo
</UL>
<BR>[Called By]<UL><LI><a href="#[a2]">&gt;&gt;</a>&nbsp;&nbsp;&nbsp;Boot
</UL>

<P><STRONG><a name="[ac]"></a>SystemCoreClockUpdate</STRONG> (Thumb, 206 bytes, Stack size 16 bytes, system_hc32f46x.o(i.SystemCoreClockUpdate))
<BR><BR>[Stack]<UL><LI>Max Depth = 16<LI>Call Chain = SystemCoreClockUpdate
</UL>
<BR>[Called By]<UL><LI><a href="#[9b]">&gt;&gt;</a>&nbsp;&nbsp;&nbsp;SystemInit
</UL>

<P><STRONG><a name="[b9]"></a>__0printf$3</STRONG> (Thumb, 22 bytes, Stack size 24 bytes, printf3.o(i.__0printf$3), UNUSED)
<BR><BR>[Calls]<UL><LI><a href="#[ba]">&gt;&gt;</a>&nbsp;&nbsp;&nbsp;_printf_core
</UL>

<P><STRONG><a name="[c5]"></a>__1printf$3</STRONG> (Thumb, 0 bytes, Stack size 24 bytes, printf3.o(i.__0printf$3), UNUSED)

<P><STRONG><a name="[af]"></a>__2printf</STRONG> (Thumb, 0 bytes, Stack size 24 bytes, printf3.o(i.__0printf$3))
<BR><BR>[Stack]<UL><LI>Max Depth = 24<LI>Call Chain = __2printf
</UL>
<BR>[Called By]<UL><LI><a href="#[9e]">&gt;&gt;</a>&nbsp;&nbsp;&nbsp;Ddl_AssertHandler
</UL>

<P><STRONG><a name="[c6]"></a>__scatterload_copy</STRONG> (Thumb, 14 bytes, Stack size unknown bytes, handlers.o(i.__scatterload_copy), UNUSED)

<P><STRONG><a name="[c7]"></a>__scatterload_null</STRONG> (Thumb, 2 bytes, Stack size unknown bytes, handlers.o(i.__scatterload_null), UNUSED)

<P><STRONG><a name="[c8]"></a>__scatterload_zeroinit</STRONG> (Thumb, 14 bytes, Stack size unknown bytes, handlers.o(i.__scatterload_zeroinit), UNUSED)

<P><STRONG><a name="[9d]"></a>fputc</STRONG> (Thumb, 16 bytes, Stack size 4 bytes, hc32f46x_utility.o(i.fputc))
<BR><BR>[Stack]<UL><LI>Max Depth = 4<LI>Call Chain = fputc
</UL>
<BR>[Calls]<UL><LI><a href="#[bc]">&gt;&gt;</a>&nbsp;&nbsp;&nbsp;DebugOutput
</UL>
<BR>[Address Reference Count : 1]<UL><LI> printf3.o(i.__0printf$3)
</UL>
<P><STRONG><a name="[9a]"></a>main</STRONG> (Thumb, 8 bytes, Stack size 0 bytes, main.o(i.main))
<BR><BR>[Stack]<UL><LI>Max Depth = 136<LI>Call Chain = main &rArr; Boot &rArr; Copy &rArr; Boot_CopyApp &rArr; Flash__WriteArray &rArr; Flash__WriteWord &rArr; EFM_SingleProgram &rArr; EFM_ErasePgmCmd &rArr; Ddl_AssertHandler &rArr; __2printf
</UL>
<BR>[Calls]<UL><LI><a href="#[a2]">&gt;&gt;</a>&nbsp;&nbsp;&nbsp;Boot
</UL>
<BR>[Address Reference Count : 1]<UL><LI> entry9a.o(.ARM.Collect$$$$0000000B)
</UL><P>
<H3>
Local Symbols
</H3>
<P><STRONG><a name="[ba]"></a>_printf_core</STRONG> (Thumb, 436 bytes, Stack size 96 bytes, printf3.o(i._printf_core), UNUSED)
<BR><BR>[Calls]<UL><LI><a href="#[bb]">&gt;&gt;</a>&nbsp;&nbsp;&nbsp;__aeabi_uidivmod
</UL>
<BR>[Called By]<UL><LI><a href="#[b9]">&gt;&gt;</a>&nbsp;&nbsp;&nbsp;__0printf$3
</UL>
<P>
<H3>
Undefined Global Symbols
</H3><HR></body></html>
