<html>
<body>
<pre>
<h1>µVision Build Log</h1>
<h2>Tool Versions:</h2>
IDE-Version: ¦ÌVision V5.30.0.0
Copyright (C) 2020 ARM Ltd and ARM Germany GmbH. All rights reserved.
License Information: 1 2, 3, LIC=ATTQ1-C3VWF-VEEHA-1QKEE-8VHYZ-C41WY
 
Tool Versions:
Toolchain:       MDK-ARM Plus  Version: 5.30.0.0
Toolchain Path:  D:\Keil_v5\ARM\ARMCC\Bin
C Compiler:      Armcc.exe V5.06 update 6 (build 750)
Assembler:       Armasm.exe V5.06 update 6 (build 750)
Linker/Locator:  ArmLink.exe V5.06 update 6 (build 750)
Library Manager: ArmAr.exe V5.06 update 6 (build 750)
Hex Converter:   FromElf.exe V5.06 update 6 (build 750)
CPU DLL:         SARMCM3.DLL V5.30.0.0
Dialog DLL:      DARMCM1.DLL V1.19.3.0
Target DLL:      Segger\JL2CM3.dll V2.99.38.0
Dialog DLL:      TARMCM1.DLL V1.14.2.0
 
<h2>Project:</h2>
D:\roderick\WP2373\Auxiliary\WP2373_Boot\bootloader\example\template\MDK\template.uvprojx
Project File Date:  07/13/2024

<h2>Output:</h2>
*** Using Compiler 'V5.06 update 6 (build 750)', folder: 'D:\Keil_v5\ARM\ARMCC\Bin'
Build target 'template_Debug'
assembling startup_hc32f46x.s...
compiling hc32f46x_adc.c...
compiling system_hc32f46x.c...
compiling drv_flash.c...
compiling hc32f46x_icg.c...
compiling bootloader.c...
compiling hc32f46x_utility.c...
compiling main.c...
compiling hc32f46x_dcu.c...
compiling hc32f46x_cmp.c...
compiling hc32f46x_can.c...
compiling hc32f46x_crc.c...
compiling hc32f46x_dmac.c...
compiling hc32f46x_aes.c...
compiling hc32f46x_clk.c...
compiling hc32f46x_i2c.c...
compiling hc32f46x_event_port.c...
compiling hc32f46x_exint_nmi_swi.c...
compiling hc32f46x_hash.c...
compiling hc32f46x_efm.c...
compiling hc32f46x_emb.c...
compiling hc32f46x_gpio.c...
compiling hc32f46x_interrupts.c...
compiling hc32f46x_i2s.c...
compiling hc32f46x_pwc.c...
compiling hc32f46x_qspi.c...
compiling hc32f46x_ots.c...
compiling hc32f46x_keyscan.c...
compiling hc32f46x_mpu.c...
compiling hc32f46x_rtc.c...
compiling hc32f46x_sram.c...
compiling hc32f46x_swdt.c...
compiling hc32f46x_timer0.c...
compiling hc32f46x_spi.c...
compiling hc32f46x_rmu.c...
compiling hc32f46x_sdioc.c...
compiling hc32f46x_timera.c...
compiling hc32f46x_timer4_oco.c...
compiling hc32f46x_timer4_sevt.c...
compiling hc32f46x_timer4_cnt.c...
compiling hc32f46x_timer4_pwm.c...
compiling hc32f46x_timer6.c...
compiling hc32f46x_timer4_emb.c...
compiling hc32f46x_usart.c...
compiling hc32f46x_wdt.c...
compiling hc32f46x_trng.c...
linking...
Program Size: Code=2480 RO-data=704 RW-data=12 ZI-data=1044  
FromELF: creating hex file...
".\output\WP2373_BOOT_HC32F460.axf" - 0 Error(s), 0 Warning(s).

<h2>Software Packages used:</h2>

Package Vendor: ARM
                http://www.keil.com/pack/ARM.CMSIS.5.7.0.pack
                ARM.CMSIS.5.7.0
                CMSIS (Cortex Microcontroller Software Interface Standard)
   * Component: CORE Version: 5.4.0

Package Vendor: HDSC
                https://raw.githubusercontent.com/hdscmcu/pack/master/HDSC.HC32F460.1.0.8.pack
                HDSC.HC32F460.1.0.8
                HC32F460 ARM Cortex-M4 Device Family Pack

<h2>Collection of Component include folders:</h2>
  .\RTE\_template_Debug
  D:\AppData\Local\Arm\Packs\ARM\CMSIS\5.7.0\CMSIS\Core\Include
  D:\AppData\Local\Arm\Packs\HDSC\HC32F460\1.0.8\Device\Include

<h2>Collection of Component Files used:</h2>

   * Component: ARM::CMSIS:CORE:5.4.0
Build Time Elapsed:  00:01:25
</pre>
</body>
</html>
