<html>
<body>
<pre>
<h1>µVision Build Log</h1>
<h2>Tool Versions:</h2>
IDE-Version: ¦ÌVision V5.30.0.0
Copyright (C) 2020 ARM Ltd and ARM Germany GmbH. All rights reserved.
License Information:  ,  , LIC=LSNXV-PJSW9-8TX3P-MXCMQ-R37TM-CLM96
 
Tool Versions:
Toolchain:       MDK-ARM Plus  Version: 5.30.0.0
Toolchain Path:  D:\Keil_v5\ARM\ARMCLANG\Bin
C Compiler:      ArmClang.exe V6.14
Assembler:       Armasm.exe V6.14
Linker/Locator:  ArmLink.exe V6.14
Library Manager: ArmAr.exe V6.14
Hex Converter:   FromElf.exe V6.14
CPU DLL:         SARMCM3.DLL V5.30.0.0
Dialog DLL:      DCM.DLL V1.17.3.0
Target DLL:      Segger\JL2CM3.dll V2.99.38.0
Dialog DLL:      TCM.DLL V1.42.0.0
 
<h2>Project:</h2>
d:\hanqi.zhang\Git\wp2345\software\WP2373\Auxiliary\WP2373_APP\_HC32F460\_HC32F460.uvprojx
Project File Date:  09/02/2024

<h2>Output:</h2>
*** Using Compiler 'V6.14', folder: 'D:\Keil_v5\ARM\ARMCLANG\Bin'
Build target 'HC32F460'
compiling Func_String.c...
compiling Func_Array.c...
compiling Bsp.c...
compiling Func_Hex.c...
compiling Crc8.c...
compiling main.c...
compiling Func_Null.c...
compiling TIM0.c...
compiling TIMA.c...
compiling UART0_Tx.c...
compiling UART0_Rx.c...
compiling UART0.c...
compiling UART2.c...
compiling UART2_Rx.c...
compiling UART2_Tx.c...
compiling UART3.c...
compiling UART3_Rx.c...
compiling UART3_Tx.c...
compiling Mcu.c...
compiling WDG.c...
compiling sFlash.c...
compiling IO.c...
compiling sADC.c...
compiling Drv.c...
compiling Ble.c...
compiling Wifi.c...
compiling Wifi_String.c...
compiling WifiRx.c...
compiling WifiRx_FPm.c...
compiling WifiRx_FPp.c...
compiling WifiRx_FPq.c...
compiling WifiRx_FPqb.c...
compiling WifiRx_FR.c...
compiling WifiTx.c...
compiling WifiRx_MMI_Analyize.c...
compiling WifiTx_FP.c...
compiling WifiTx_FPb.c...
compiling WifiTx_FR.c...
compiling Parameter.c...
compiling Parameter_ToolSn.c...
compiling Update.c...
compiling Parameter_WifiType.c...
compiling ef_port_hc32f460.c...
compiling user_easyflash.c...
compiling AuxiliaryTap_Tx.c...
compiling AuxiliaryTap_Rx.c...
compiling AuxiliaryHost_Tx.c...
compiling AuxiliaryHost_Rx.c...
compiling CommTester_Rx_Byte.c...
compiling CommTester_Rx_Frame.c...
compiling CommTester.c...
compiling CommTester_Tx_Frame.c...
compiling CommTester_Tx.c...
compiling BoosterPump.c...
compiling Temperature.c...
compiling Fault.c...
compiling AuxiliaryReport.c...
compiling GetHostInformation.c...
compiling GetTapInformation.c...
compiling Upload.c...
compiling ColdWaterAndSparklingWater.c...
compiling App.c...
compiling test.c...
compiling StrongRinse.c...
compiling UserState_Goto.c...
compiling OTA.c...
compiling UserMain.c...
compiling Thread_Wifi.c...
compiling user_VOFA.c...
linking...
Program Size: Code=65610 RO-data=4550 RW-data=5168 ZI-data=37320  
FromELF: creating hex file...
After Build - User command #1: D:\Keil_v5\ARM\ARMCC\bin\HexFileParse_V1.0.5.exe  "d:\hanqi.zhang\Git\wp2345\software\WP2373\Auxiliary\WP2373_APP\_HC32F460\output\..\Release\HexFileParseConfig_WP2373.json"
JsonConfigFilePath:d:\hanqi.zhang\Git\wp2345\software\WP2373\Auxiliary\WP2373_APP\_HC32F460\output\..\Release\HexFileParseConfig_WP2373.json
ProjectName:WP2373
BoardName:Auxiliary
MCUType:HC32F460
FrameWareVersion:4.0.0.1
App_AppFilePath:./output/WP2373_Auxiliary_HC32F460.hex
App_AppStartAddr:0x6000
AppInfo_FileAddrStart:0x4000
AppInfo_ProNameOffset:0x4000
AppInfo_VersionOffset:0x4010
AppInfo_FileSizeOffset:0x4020
AppInfo_FileCheckSumOffset:0x4024
AppInfo_CheckSumType:All
AppInfo_BoardNameOffset:4030
AppInfo_MCUTypeOffset:4040
AppOutHexFile_FilePath:./Release/
AppOutHexFile_CheckSumType:add
AppOutBinFile_FilePath:./Release/
AppOutBinFile_CheckSumType:add
BootInfo BootFilePath:./output/WP2373_BOOT_HC32F460.hex
BootInfo BootStartAddr:0
BootInfo BootFileSize:4000
MergeOption:true
MergeOutHexFilePath:./Release/
MergeOutBinFilePath:./Release/
Add AppInfo Success!
Create OutHexFile Success : ./Release/WP2373_Auxiliary_HC32F460_4.0.0.1_0x006E629D.hex
Create OutBinFile Success : ./Release/WP2373_Auxiliary_HC32F460_4.0.0.1_0x006E629D.bin
open hex file fail!
Get BootHex Data error!
".\output\WP2373_Auxiliary_HC32F460.axf" - 0 Error(s), 0 Warning(s).

<h2>Software Packages used:</h2>

Package Vendor: ARM
                http://www.keil.com/pack/ARM.CMSIS.5.7.0.pack
                ARM.CMSIS.5.7.0
                CMSIS (Cortex Microcontroller Software Interface Standard)
   * Component: CORE Version: 5.4.0

Package Vendor: HDSC
                https://raw.githubusercontent.com/hdscmcu/pack/master/HDSC.HC32F460.1.0.8.pack
                HDSC.HC32F460.1.0.8
                HC32F460 ARM Cortex-M4 Device Family Pack

Package Vendor: RealThread
                https://www.rt-thread.org/download/mdk/RealThread.RT-Thread.3.1.3.pack
                RealThread.RT-Thread.3.1.3
                RT-Thread Software Components
   * Component: kernel Version: 3.1.3
   * Component: shell Version: 3.1.3

<h2>Collection of Component include folders:</h2>
  .\RTE\RTOS
  .\RTE\_HC32F460
  D:\Keil_v5\Packs\ARM\CMSIS\5.7.0\CMSIS\Core\Include
  D:\Keil_v5\Packs\HDSC\HC32F460\1.0.8\Device\Include
  D:\Keil_v5\Packs\RealThread\RT-Thread\3.1.3\components\finsh
  D:\Keil_v5\Packs\RealThread\RT-Thread\3.1.3\include

<h2>Collection of Component Files used:</h2>

   * Component: ARM::CMSIS:CORE:5.4.0

   * Component: RealThread.RT-Thread::RTOS:kernel:3.1.3
      Source file:   src\clock.c
      Include file:  bsp\rtconfig.h
      Source file:   src\idle.c
      Source file:   src\ipc.c
      Source file:   src\components.c
      Source file:   src\irq.c
      Source file:   bsp\board.c
      Source file:   src\kservice.c
      Source file:   src\mem.c
      Source file:   src\object.c
      Source file:   src\scheduler.c
      Source file:   src\thread.c
      Source file:   libcpu\arm\cortex-m4\cpuport.c
      Source file:   src\timer.c
      Source file:   libcpu\arm\cortex-m4\context_rvds.S

   * Component: RealThread.RT-Thread::RTOS:shell:3.1.3
      Source file:   components\finsh\shell.c
      Source file:   components\finsh\msh.c
      Source file:   components\finsh\cmd.c
Build Time Elapsed:  00:00:15
</pre>
</body>
</html>
